Defaulting to user installation because normal site-packages is not writeable
Requirement already satisfied: adal==1.2.7 in /home/runner/.local/lib/python3.12/site-packages (from -r requirements.txt (line 1)) (1.2.7)
Requirement already satisfied: adlfs==2024.4.1 in /home/runner/.local/lib/python3.12/site-packages (from -r requirements.txt (line 2)) (2024.4.1)
Requirement already satisfied: aiobotocore==2.13.0 in /home/runner/.local/lib/python3.12/site-packages (from -r requirements.txt (line 3)) (2.13.0)
Requirement already satisfied: aiofiles==23.2.1 in /home/runner/.local/lib/python3.12/site-packages (from -r requirements.txt (line 4)) (23.2.1)
Requirement already satisfied: aiohttp==3.9.5 in /home/runner/.local/lib/python3.12/site-packages (from -r requirements.txt (line 5)) (3.9.5)
Requirement already satisfied: aioitertools==0.11.0 in /home/runner/.local/lib/python3.12/site-packages (from -r requirements.txt (line 6)) (0.11.0)
Requirement already satisfied: aiosignal==1.3.1 in /home/runner/.local/lib/python3.12/site-packages (from -r requirements.txt (line 7)) (1.3.1)
Requirement already satisfied: alembic==1.13.1 in /home/runner/.local/lib/python3.12/site-packages (from -r requirements.txt (line 8)) (1.13.1)
Requirement already satisfied: amqp==5.2.0 in /home/runner/.local/lib/python3.12/site-packages (from -r requirements.txt (line 9)) (5.2.0)
Requirement already satisfied: annotated-types==0.7.0 in /home/runner/.local/lib/python3.12/site-packages (from -r requirements.txt (line 10)) (0.7.0)
Requirement already satisfied: anyio==4.4.0 in /home/runner/.local/lib/python3.12/site-packages (from -r requirements.txt (line 11)) (4.4.0)
Requirement already satisfied: apache-airflow==2.9.2 in /home/runner/.local/lib/python3.12/site-packages (from -r requirements.txt (line 12)) (2.9.2)
Requirement already satisfied: apache-airflow-providers-amazon==8.24.0 in /home/runner/.local/lib/python3.12/site-packages (from -r requirements.txt (line 13)) (8.24.0)
Requirement already satisfied: apache-airflow-providers-celery==3.7.2 in /home/runner/.local/lib/python3.12/site-packages (from -r requirements.txt (line 14)) (3.7.2)
Requirement already satisfied: apache-airflow-providers-cncf-kubernetes==8.3.1 in /home/runner/.local/lib/python3.12/site-packages (from -r requirements.txt (line 15)) (8.3.1)
Requirement already satisfied: apache-airflow-providers-common-io==1.3.2 in /home/runner/.local/lib/python3.12/site-packages (from -r requirements.txt (line 16)) (1.3.2)
Requirement already satisfied: apache-airflow-providers-common-sql==1.14.0 in /home/runner/.local/lib/python3.12/site-packages (from -r requirements.txt (line 17)) (1.14.0)
Requirement already satisfied: apache-airflow-providers-docker==3.12.0 in /home/runner/.local/lib/python3.12/site-packages (from -r requirements.txt (line 18)) (3.12.0)
Requirement already satisfied: apache-airflow-providers-elasticsearch==5.4.1 in /home/runner/.local/lib/python3.12/site-packages (from -r requirements.txt (line 19)) (5.4.1)
Requirement already satisfied: apache-airflow-providers-fab==1.1.1 in /home/runner/.local/lib/python3.12/site-packages (from -r requirements.txt (line 20)) (1.1.1)
Requirement already satisfied: apache-airflow-providers-ftp==3.9.1 in /home/runner/.local/lib/python3.12/site-packages (from -r requirements.txt (line 21)) (3.9.1)
Requirement already satisfied: apache-airflow-providers-google==10.19.0 in /home/runner/.local/lib/python3.12/site-packages (from -r requirements.txt (line 22)) (10.19.0)
Requirement already satisfied: apache-airflow-providers-grpc==3.5.1 in /home/runner/.local/lib/python3.12/site-packages (from -r requirements.txt (line 23)) (3.5.1)
Requirement already satisfied: apache-airflow-providers-hashicorp==3.7.1 in /home/runner/.local/lib/python3.12/site-packages (from -r requirements.txt (line 24)) (3.7.1)
Requirement already satisfied: apache-airflow-providers-http==4.11.1 in /home/runner/.local/lib/python3.12/site-packages (from -r requirements.txt (line 25)) (4.11.1)
Requirement already satisfied: apache-airflow-providers-imap==3.6.1 in /home/runner/.local/lib/python3.12/site-packages (from -r requirements.txt (line 26)) (3.6.1)
Requirement already satisfied: apache-airflow-providers-microsoft-azure==10.1.1 in /home/runner/.local/lib/python3.12/site-packages (from -r requirements.txt (line 27)) (10.1.1)
Requirement already satisfied: apache-airflow-providers-mysql==5.6.1 in /home/runner/.local/lib/python3.12/site-packages (from -r requirements.txt (line 28)) (5.6.1)
Requirement already satisfied: apache-airflow-providers-odbc==4.6.1 in /home/runner/.local/lib/python3.12/site-packages (from -r requirements.txt (line 29)) (4.6.1)
Requirement already satisfied: apache-airflow-providers-openlineage==1.8.0 in /home/runner/.local/lib/python3.12/site-packages (from -r requirements.txt (line 30)) (1.8.0)
Requirement already satisfied: apache-airflow-providers-postgres==5.11.1 in /home/runner/.local/lib/python3.12/site-packages (from -r requirements.txt (line 31)) (5.11.1)
Requirement already satisfied: apache-airflow-providers-redis==3.7.1 in /home/runner/.local/lib/python3.12/site-packages (from -r requirements.txt (line 32)) (3.7.1)
Requirement already satisfied: apache-airflow-providers-sendgrid==3.5.1 in /home/runner/.local/lib/python3.12/site-packages (from -r requirements.txt (line 33)) (3.5.1)
Requirement already satisfied: apache-airflow-providers-sftp==4.10.1 in /home/runner/.local/lib/python3.12/site-packages (from -r requirements.txt (line 34)) (4.10.1)
Requirement already satisfied: apache-airflow-providers-slack==8.7.1 in /home/runner/.local/lib/python3.12/site-packages (from -r requirements.txt (line 35)) (8.7.1)
Requirement already satisfied: apache-airflow-providers-smtp==1.7.1 in /home/runner/.local/lib/python3.12/site-packages (from -r requirements.txt (line 36)) (1.7.1)
Requirement already satisfied: apache-airflow-providers-snowflake==5.5.1 in /home/runner/.local/lib/python3.12/site-packages (from -r requirements.txt (line 37)) (5.5.1)
Requirement already satisfied: apache-airflow-providers-sqlite==3.8.1 in /home/runner/.local/lib/python3.12/site-packages (from -r requirements.txt (line 38)) (3.8.1)
Requirement already satisfied: apache-airflow-providers-ssh==3.11.1 in /home/runner/.local/lib/python3.12/site-packages (from -r requirements.txt (line 39)) (3.11.1)
Requirement already satisfied: apispec==6.6.1 in /home/runner/.local/lib/python3.12/site-packages (from -r requirements.txt (line 40)) (6.6.1)
Requirement already satisfied: argcomplete==3.3.0 in /home/runner/.local/lib/python3.12/site-packages (from -r requirements.txt (line 41)) (3.3.0)
Requirement already satisfied: asgiref==3.8.1 in /home/runner/.local/lib/python3.12/site-packages (from -r requirements.txt (line 42)) (3.8.1)
Requirement already satisfied: asn1crypto==1.5.1 in /home/runner/.local/lib/python3.12/site-packages (from -r requirements.txt (line 43)) (1.5.1)
Requirement already satisfied: asyncssh==2.14.2 in /home/runner/.local/lib/python3.12/site-packages (from -r requirements.txt (line 44)) (2.14.2)
Requirement already satisfied: attrs==23.2.0 in /usr/lib/python3/dist-packages (from -r requirements.txt (line 45)) (23.2.0)
Requirement already satisfied: Authlib==1.3.1 in /home/runner/.local/lib/python3.12/site-packages (from -r requirements.txt (line 46)) (1.3.1)
Requirement already satisfied: azure-batch==14.2.0 in /home/runner/.local/lib/python3.12/site-packages (from -r requirements.txt (line 47)) (14.2.0)
Requirement already satisfied: azure-common==1.1.28 in /home/runner/.local/lib/python3.12/site-packages (from -r requirements.txt (line 48)) (1.1.28)
Requirement already satisfied: azure-core==1.30.1 in /home/runner/.local/lib/python3.12/site-packages (from -r requirements.txt (line 49)) (1.30.1)
Requirement already satisfied: azure-cosmos==4.7.0 in /home/runner/.local/lib/python3.12/site-packages (from -r requirements.txt (line 50)) (4.7.0)
Requirement already satisfied: azure-datalake-store==0.0.53 in /home/runner/.local/lib/python3.12/site-packages (from -r requirements.txt (line 51)) (0.0.53)
Requirement already satisfied: azure-identity==1.16.0 in /home/runner/.local/lib/python3.12/site-packages (from -r requirements.txt (line 52)) (1.16.0)
Requirement already satisfied: azure-keyvault-secrets==4.8.0 in /home/runner/.local/lib/python3.12/site-packages (from -r requirements.txt (line 53)) (4.8.0)
Requirement already satisfied: azure-kusto-data==4.4.1 in /home/runner/.local/lib/python3.12/site-packages (from -r requirements.txt (line 54)) (4.4.1)
Requirement already satisfied: azure-mgmt-containerinstance==10.1.0 in /home/runner/.local/lib/python3.12/site-packages (from -r requirements.txt (line 55)) (10.1.0)
Requirement already satisfied: azure-mgmt-containerregistry==10.3.0 in /home/runner/.local/lib/python3.12/site-packages (from -r requirements.txt (line 56)) (10.3.0)
Requirement already satisfied: azure-mgmt-core==1.4.0 in /home/runner/.local/lib/python3.12/site-packages (from -r requirements.txt (line 57)) (1.4.0)
Requirement already satisfied: azure-mgmt-cosmosdb==9.5.0 in /home/runner/.local/lib/python3.12/site-packages (from -r requirements.txt (line 58)) (9.5.0)
Requirement already satisfied: azure-mgmt-datafactory==7.1.0 in /home/runner/.local/lib/python3.12/site-packages (from -r requirements.txt (line 59)) (7.1.0)
Requirement already satisfied: azure-mgmt-datalake-nspkg==3.0.1 in /home/runner/.local/lib/python3.12/site-packages (from -r requirements.txt (line 60)) (3.0.1)
Requirement already satisfied: azure-mgmt-datalake-store==0.5.0 in /home/runner/.local/lib/python3.12/site-packages (from -r requirements.txt (line 61)) (0.5.0)
Requirement already satisfied: azure-mgmt-nspkg==3.0.2 in /home/runner/.local/lib/python3.12/site-packages (from -r requirements.txt (line 62)) (3.0.2)
Requirement already satisfied: azure-mgmt-resource==23.1.1 in /home/runner/.local/lib/python3.12/site-packages (from -r requirements.txt (line 63)) (23.1.1)
Requirement already satisfied: azure-mgmt-storage==21.1.0 in /home/runner/.local/lib/python3.12/site-packages (from -r requirements.txt (line 64)) (21.1.0)
Requirement already satisfied: azure-nspkg==3.0.2 in /home/runner/.local/lib/python3.12/site-packages (from -r requirements.txt (line 65)) (3.0.2)
Requirement already satisfied: azure-servicebus==7.12.2 in /home/runner/.local/lib/python3.12/site-packages (from -r requirements.txt (line 66)) (7.12.2)
Requirement already satisfied: azure-storage-blob==12.20.0 in /home/runner/.local/lib/python3.12/site-packages (from -r requirements.txt (line 67)) (12.20.0)
Requirement already satisfied: azure-storage-file-datalake==12.15.0 in /home/runner/.local/lib/python3.12/site-packages (from -r requirements.txt (line 68)) (12.15.0)
Requirement already satisfied: azure-storage-file-share==12.16.0 in /home/runner/.local/lib/python3.12/site-packages (from -r requirements.txt (line 69)) (12.16.0)
Requirement already satisfied: azure-synapse-artifacts==0.19.0 in /home/runner/.local/lib/python3.12/site-packages (from -r requirements.txt (line 70)) (0.19.0)
Requirement already satisfied: azure-synapse-spark==0.7.0 in /home/runner/.local/lib/python3.12/site-packages (from -r requirements.txt (line 71)) (0.7.0)
Requirement already satisfied: Babel==2.15.0 in /home/runner/.local/lib/python3.12/site-packages (from -r requirements.txt (line 72)) (2.15.0)
Requirement already satisfied: backoff==2.2.1 in /home/runner/.local/lib/python3.12/site-packages (from -r requirements.txt (line 73)) (2.2.1)
Requirement already satisfied: bcrypt==4.1.3 in /home/runner/.local/lib/python3.12/site-packages (from -r requirements.txt (line 74)) (4.1.3)
Requirement already satisfied: beautifulsoup4==4.12.3 in /home/runner/.local/lib/python3.12/site-packages (from -r requirements.txt (line 75)) (4.12.3)
Requirement already satisfied: billiard==4.2.0 in /home/runner/.local/lib/python3.12/site-packages (from -r requirements.txt (line 76)) (4.2.0)
Requirement already satisfied: blinker==1.8.2 in /home/runner/.local/lib/python3.12/site-packages (from -r requirements.txt (line 77)) (1.8.2)
Requirement already satisfied: boto3==1.34.106 in /home/runner/.local/lib/python3.12/site-packages (from -r requirements.txt (line 78)) (1.34.106)
Requirement already satisfied: botocore==1.34.106 in /home/runner/.local/lib/python3.12/site-packages (from -r requirements.txt (line 79)) (1.34.106)
Requirement already satisfied: cachelib==0.9.0 in /home/runner/.local/lib/python3.12/site-packages (from -r requirements.txt (line 80)) (0.9.0)
Requirement already satisfied: cachetools==5.3.3 in /home/runner/.local/lib/python3.12/site-packages (from -r requirements.txt (line 81)) (5.3.3)
Requirement already satisfied: cattrs==23.2.3 in /home/runner/.local/lib/python3.12/site-packages (from -r requirements.txt (line 82)) (23.2.3)
Requirement already satisfied: celery==5.4.0 in /home/runner/.local/lib/python3.12/site-packages (from -r requirements.txt (line 83)) (5.4.0)
Requirement already satisfied: certifi==2024.6.2 in /home/runner/.local/lib/python3.12/site-packages (from -r requirements.txt (line 84)) (2024.6.2)
Requirement already satisfied: cffi==1.16.0 in /home/runner/.local/lib/python3.12/site-packages (from -r requirements.txt (line 85)) (1.16.0)
Requirement already satisfied: chardet==5.2.0 in /usr/lib/python3/dist-packages (from -r requirements.txt (line 86)) (5.2.0)
Requirement already satisfied: charset-normalizer==3.3.2 in /home/runner/.local/lib/python3.12/site-packages (from -r requirements.txt (line 87)) (3.3.2)
Requirement already satisfied: click==8.1.7 in /home/runner/.local/lib/python3.12/site-packages (from -r requirements.txt (line 88)) (8.1.7)
Requirement already satisfied: click-didyoumean==0.3.1 in /home/runner/.local/lib/python3.12/site-packages (from -r requirements.txt (line 89)) (0.3.1)
Requirement already satisfied: click-plugins==1.1.1 in /home/runner/.local/lib/python3.12/site-packages (from -r requirements.txt (line 90)) (1.1.1)
Requirement already satisfied: click-repl==0.3.0 in /home/runner/.local/lib/python3.12/site-packages (from -r requirements.txt (line 91)) (0.3.0)
Requirement already satisfied: clickclick==20.10.2 in /home/runner/.local/lib/python3.12/site-packages (from -r requirements.txt (line 92)) (20.10.2)
Requirement already satisfied: colorama==0.4.6 in /usr/lib/python3/dist-packages (from -r requirements.txt (line 93)) (0.4.6)
Requirement already satisfied: colorlog==4.8.0 in /home/runner/.local/lib/python3.12/site-packages (from -r requirements.txt (line 94)) (4.8.0)
Requirement already satisfied: ConfigUpdater==3.2 in /home/runner/.local/lib/python3.12/site-packages (from -r requirements.txt (line 95)) (3.2)
Requirement already satisfied: connexion==2.14.2 in /home/runner/.local/lib/python3.12/site-packages (from -r requirements.txt (line 96)) (2.14.2)
Requirement already satisfied: cron-descriptor==1.4.3 in /home/runner/.local/lib/python3.12/site-packages (from -r requirements.txt (line 97)) (1.4.3)
Requirement already satisfied: croniter==2.0.5 in /home/runner/.local/lib/python3.12/site-packages (from -r requirements.txt (line 98)) (2.0.5)
Requirement already satisfied: cryptography==41.0.7 in /usr/lib/python3/dist-packages (from -r requirements.txt (line 99)) (41.0.7)
Requirement already satisfied: db-dtypes==1.2.0 in /home/runner/.local/lib/python3.12/site-packages (from -r requirements.txt (line 100)) (1.2.0)
Requirement already satisfied: decorator==5.1.1 in /home/runner/.local/lib/python3.12/site-packages (from -r requirements.txt (line 101)) (5.1.1)
Requirement already satisfied: Deprecated==1.2.14 in /home/runner/.local/lib/python3.12/site-packages (from -r requirements.txt (line 102)) (1.2.14)
Requirement already satisfied: dill==0.3.8 in /home/runner/.local/lib/python3.12/site-packages (from -r requirements.txt (line 103)) (0.3.8)
Requirement already satisfied: distlib==0.3.8 in /home/runner/.local/lib/python3.12/site-packages (from -r requirements.txt (line 104)) (0.3.8)
Requirement already satisfied: dnspython==2.6.1 in /home/runner/.local/lib/python3.12/site-packages (from -r requirements.txt (line 105)) (2.6.1)
Requirement already satisfied: docker==7.1.0 in /home/runner/.local/lib/python3.12/site-packages (from -r requirements.txt (line 106)) (7.1.0)
Requirement already satisfied: docstring_parser==0.16 in /home/runner/.local/lib/python3.12/site-packages (from -r requirements.txt (line 107)) (0.16)
Requirement already satisfied: docutils==0.16 in /home/runner/.local/lib/python3.12/site-packages (from -r requirements.txt (line 108)) (0.16)
Requirement already satisfied: elastic-transport==8.13.1 in /home/runner/.local/lib/python3.12/site-packages (from -r requirements.txt (line 109)) (8.13.1)
Requirement already satisfied: elasticsearch==8.13.2 in /home/runner/.local/lib/python3.12/site-packages (from -r requirements.txt (line 110)) (8.13.2)
Requirement already satisfied: email_validator==2.1.1 in /home/runner/.local/lib/python3.12/site-packages (from -r requirements.txt (line 111)) (2.1.1)
Requirement already satisfied: eventlet==0.36.1 in /home/runner/.local/lib/python3.12/site-packages (from -r requirements.txt (line 112)) (0.36.1)
Requirement already satisfied: filelock==3.14.0 in /home/runner/.local/lib/python3.12/site-packages (from -r requirements.txt (line 113)) (3.14.0)
Requirement already satisfied: Flask==2.2.5 in /home/runner/.local/lib/python3.12/site-packages (from -r requirements.txt (line 114)) (2.2.5)
Requirement already satisfied: Flask-AppBuilder==4.4.1 in /home/runner/.local/lib/python3.12/site-packages (from -r requirements.txt (line 115)) (4.4.1)
Requirement already satisfied: Flask-Babel==2.0.0 in /home/runner/.local/lib/python3.12/site-packages (from -r requirements.txt (line 116)) (2.0.0)
Requirement already satisfied: Flask-Caching==2.3.0 in /home/runner/.local/lib/python3.12/site-packages (from -r requirements.txt (line 117)) (2.3.0)
Requirement already satisfied: Flask-JWT-Extended==4.6.0 in /home/runner/.local/lib/python3.12/site-packages (from -r requirements.txt (line 118)) (4.6.0)
Requirement already satisfied: Flask-Limiter==3.7.0 in /home/runner/.local/lib/python3.12/site-packages (from -r requirements.txt (line 119)) (3.7.0)
Requirement already satisfied: Flask-Login==0.6.3 in /home/runner/.local/lib/python3.12/site-packages (from -r requirements.txt (line 120)) (0.6.3)
Requirement already satisfied: Flask-Session==0.5.0 in /home/runner/.local/lib/python3.12/site-packages (from -r requirements.txt (line 121)) (0.5.0)
Requirement already satisfied: Flask-SQLAlchemy==2.5.1 in /home/runner/.local/lib/python3.12/site-packages (from -r requirements.txt (line 122)) (2.5.1)
Requirement already satisfied: Flask-WTF==1.2.1 in /home/runner/.local/lib/python3.12/site-packages (from -r requirements.txt (line 123)) (1.2.1)
Requirement already satisfied: flower==2.0.1 in /home/runner/.local/lib/python3.12/site-packages (from -r requirements.txt (line 124)) (2.0.1)
Requirement already satisfied: frozenlist==1.4.1 in /home/runner/.local/lib/python3.12/site-packages (from -r requirements.txt (line 125)) (1.4.1)
Requirement already satisfied: fsspec==2023.12.2 in /home/runner/.local/lib/python3.12/site-packages (from -r requirements.txt (line 126)) (2023.12.2)
Requirement already satisfied: gcloud-aio-auth==4.2.3 in /home/runner/.local/lib/python3.12/site-packages (from -r requirements.txt (line 127)) (4.2.3)
Requirement already satisfied: gcloud-aio-bigquery==7.1.0 in /home/runner/.local/lib/python3.12/site-packages (from -r requirements.txt (line 128)) (7.1.0)
Requirement already satisfied: gcloud-aio-storage==9.2.0 in /home/runner/.local/lib/python3.12/site-packages (from -r requirements.txt (line 129)) (9.2.0)
Requirement already satisfied: gcsfs==2023.12.2.post1 in /home/runner/.local/lib/python3.12/site-packages (from -r requirements.txt (line 130)) (2023.12.2.post1)
Requirement already satisfied: gevent==24.2.1 in /home/runner/.local/lib/python3.12/site-packages (from -r requirements.txt (line 131)) (24.2.1)
Requirement already satisfied: google-ads==24.0.0 in /home/runner/.local/lib/python3.12/site-packages (from -r requirements.txt (line 132)) (24.0.0)
Requirement already satisfied: google-analytics-admin==0.22.7 in /home/runner/.local/lib/python3.12/site-packages (from -r requirements.txt (line 133)) (0.22.7)
Requirement already satisfied: google-api-core==2.19.0 in /home/runner/.local/lib/python3.12/site-packages (from -r requirements.txt (line 134)) (2.19.0)
Requirement already satisfied: google-api-python-client==2.132.0 in /home/runner/.local/lib/python3.12/site-packages (from -r requirements.txt (line 135)) (2.132.0)
Requirement already satisfied: google-auth==2.29.0 in /home/runner/.local/lib/python3.12/site-packages (from -r requirements.txt (line 136)) (2.29.0)
Requirement already satisfied: google-auth-httplib2==0.2.0 in /home/runner/.local/lib/python3.12/site-packages (from -r requirements.txt (line 137)) (0.2.0)
Requirement already satisfied: google-auth-oauthlib==1.2.0 in /home/runner/.local/lib/python3.12/site-packages (from -r requirements.txt (line 138)) (1.2.0)
Requirement already satisfied: google-cloud-aiplatform==1.53.0 in /home/runner/.local/lib/python3.12/site-packages (from -r requirements.txt (line 139)) (1.53.0)
Requirement already satisfied: google-cloud-appengine-logging==1.4.3 in /home/runner/.local/lib/python3.12/site-packages (from -r requirements.txt (line 140)) (1.4.3)
Requirement already satisfied: google-cloud-audit-log==0.2.5 in /home/runner/.local/lib/python3.12/site-packages (from -r requirements.txt (line 141)) (0.2.5)
Requirement already satisfied: google-cloud-automl==2.13.3 in /home/runner/.local/lib/python3.12/site-packages (from -r requirements.txt (line 142)) (2.13.3)
Requirement already satisfied: google-cloud-batch==0.17.21 in /home/runner/.local/lib/python3.12/site-packages (from -r requirements.txt (line 143)) (0.17.21)
Requirement already satisfied: google-cloud-bigquery==3.20.1 in /home/runner/.local/lib/python3.12/site-packages (from -r requirements.txt (line 144)) (3.20.1)
Requirement already satisfied: google-cloud-bigquery-datatransfer==3.15.3 in /home/runner/.local/lib/python3.12/site-packages (from -r requirements.txt (line 145)) (3.15.3)
Requirement already satisfied: google-cloud-bigtable==2.23.1 in /home/runner/.local/lib/python3.12/site-packages (from -r requirements.txt (line 146)) (2.23.1)
Requirement already satisfied: google-cloud-build==3.24.0 in /home/runner/.local/lib/python3.12/site-packages (from -r requirements.txt (line 147)) (3.24.0)
Requirement already satisfied: google-cloud-compute==1.19.0 in /home/runner/.local/lib/python3.12/site-packages (from -r requirements.txt (line 148)) (1.19.0)
Requirement already satisfied: google-cloud-container==2.46.0 in /home/runner/.local/lib/python3.12/site-packages (from -r requirements.txt (line 149)) (2.46.0)
Requirement already satisfied: google-cloud-core==2.4.1 in /home/runner/.local/lib/python3.12/site-packages (from -r requirements.txt (line 150)) (2.4.1)
Requirement already satisfied: google-cloud-datacatalog==3.19.0 in /home/runner/.local/lib/python3.12/site-packages (from -r requirements.txt (line 151)) (3.19.0)
Requirement already satisfied: google-cloud-dataflow-client==0.8.10 in /home/runner/.local/lib/python3.12/site-packages (from -r requirements.txt (line 152)) (0.8.10)
Requirement already satisfied: google-cloud-dataform==0.5.9 in /home/runner/.local/lib/python3.12/site-packages (from -r requirements.txt (line 153)) (0.5.9)
Requirement already satisfied: google-cloud-dataplex==2.0.0 in /home/runner/.local/lib/python3.12/site-packages (from -r requirements.txt (line 154)) (2.0.0)
Requirement already satisfied: google-cloud-dataproc==5.9.3 in /home/runner/.local/lib/python3.12/site-packages (from -r requirements.txt (line 155)) (5.9.3)
Requirement already satisfied: google-cloud-dataproc-metastore==1.15.3 in /home/runner/.local/lib/python3.12/site-packages (from -r requirements.txt (line 156)) (1.15.3)
Requirement already satisfied: google-cloud-dlp==3.18.0 in /home/runner/.local/lib/python3.12/site-packages (from -r requirements.txt (line 157)) (3.18.0)
Requirement already satisfied: google-cloud-kms==2.23.0 in /home/runner/.local/lib/python3.12/site-packages (from -r requirements.txt (line 158)) (2.23.0)
Requirement already satisfied: google-cloud-language==2.13.3 in /home/runner/.local/lib/python3.12/site-packages (from -r requirements.txt (line 159)) (2.13.3)
Requirement already satisfied: google-cloud-logging==3.10.0 in /home/runner/.local/lib/python3.12/site-packages (from -r requirements.txt (line 160)) (3.10.0)
Requirement already satisfied: google-cloud-memcache==1.9.3 in /home/runner/.local/lib/python3.12/site-packages (from -r requirements.txt (line 161)) (1.9.3)
Requirement already satisfied: google-cloud-monitoring==2.21.0 in /home/runner/.local/lib/python3.12/site-packages (from -r requirements.txt (line 162)) (2.21.0)
Requirement already satisfied: google-cloud-orchestration-airflow==1.12.1 in /home/runner/.local/lib/python3.12/site-packages (from -r requirements.txt (line 163)) (1.12.1)
Requirement already satisfied: google-cloud-os-login==2.14.3 in /home/runner/.local/lib/python3.12/site-packages (from -r requirements.txt (line 164)) (2.14.3)
Requirement already satisfied: google-cloud-pubsub==2.21.2 in /home/runner/.local/lib/python3.12/site-packages (from -r requirements.txt (line 165)) (2.21.2)
Requirement already satisfied: google-cloud-redis==2.15.3 in /home/runner/.local/lib/python3.12/site-packages (from -r requirements.txt (line 166)) (2.15.3)
Requirement already satisfied: google-cloud-resource-manager==1.12.3 in /home/runner/.local/lib/python3.12/site-packages (from -r requirements.txt (line 167)) (1.12.3)
Requirement already satisfied: google-cloud-run==0.10.5 in /home/runner/.local/lib/python3.12/site-packages (from -r requirements.txt (line 168)) (0.10.5)
Requirement already satisfied: google-cloud-secret-manager==2.20.0 in /home/runner/.local/lib/python3.12/site-packages (from -r requirements.txt (line 169)) (2.20.0)
Requirement already satisfied: google-cloud-spanner==3.47.0 in /home/runner/.local/lib/python3.12/site-packages (from -r requirements.txt (line 170)) (3.47.0)
Requirement already satisfied: google-cloud-speech==2.26.0 in /home/runner/.local/lib/python3.12/site-packages (from -r requirements.txt (line 171)) (2.26.0)
Requirement already satisfied: google-cloud-storage==2.16.0 in /home/runner/.local/lib/python3.12/site-packages (from -r requirements.txt (line 172)) (2.16.0)
Requirement already satisfied: google-cloud-storage-transfer==1.11.3 in /home/runner/.local/lib/python3.12/site-packages (from -r requirements.txt (line 173)) (1.11.3)
Requirement already satisfied: google-cloud-tasks==2.16.3 in /home/runner/.local/lib/python3.12/site-packages (from -r requirements.txt (line 174)) (2.16.3)
Requirement already satisfied: google-cloud-texttospeech==2.16.3 in /home/runner/.local/lib/python3.12/site-packages (from -r requirements.txt (line 175)) (2.16.3)
Requirement already satisfied: google-cloud-translate==3.15.3 in /home/runner/.local/lib/python3.12/site-packages (from -r requirements.txt (line 176)) (3.15.3)
Requirement already satisfied: google-cloud-videointelligence==2.13.3 in /home/runner/.local/lib/python3.12/site-packages (from -r requirements.txt (line 177)) (2.13.3)
Requirement already satisfied: google-cloud-vision==3.7.2 in /home/runner/.local/lib/python3.12/site-packages (from -r requirements.txt (line 178)) (3.7.2)
Requirement already satisfied: google-cloud-workflows==1.14.3 in /home/runner/.local/lib/python3.12/site-packages (from -r requirements.txt (line 179)) (1.14.3)
Requirement already satisfied: google-crc32c==1.5.0 in /home/runner/.local/lib/python3.12/site-packages (from -r requirements.txt (line 180)) (1.5.0)
Requirement already satisfied: google-re2==1.1.20240601 in /home/runner/.local/lib/python3.12/site-packages (from -r requirements.txt (line 181)) (1.1.20240601)
Requirement already satisfied: google-resumable-media==2.7.0 in /home/runner/.local/lib/python3.12/site-packages (from -r requirements.txt (line 182)) (2.7.0)
Requirement already satisfied: googleapis-common-protos==1.63.1 in /home/runner/.local/lib/python3.12/site-packages (from -r requirements.txt (line 183)) (1.63.1)
Requirement already satisfied: graphviz==0.20.3 in /home/runner/.local/lib/python3.12/site-packages (from -r requirements.txt (line 184)) (0.20.3)
Requirement already satisfied: greenlet==3.0.3 in /home/runner/.local/lib/python3.12/site-packages (from -r requirements.txt (line 185)) (3.0.3)
Requirement already satisfied: grpc-google-iam-v1==0.13.0 in /home/runner/.local/lib/python3.12/site-packages (from -r requirements.txt (line 186)) (0.13.0)
Requirement already satisfied: grpc-interceptor==0.15.4 in /home/runner/.local/lib/python3.12/site-packages (from -r requirements.txt (line 187)) (0.15.4)
Requirement already satisfied: grpcio==1.64.1 in /home/runner/.local/lib/python3.12/site-packages (from -r requirements.txt (line 188)) (1.64.1)
Requirement already satisfied: grpcio-gcp==0.2.2 in /home/runner/.local/lib/python3.12/site-packages (from -r requirements.txt (line 189)) (0.2.2)
Requirement already satisfied: grpcio-status==1.62.2 in /home/runner/.local/lib/python3.12/site-packages (from -r requirements.txt (line 190)) (1.62.2)
Requirement already satisfied: gunicorn==22.0.0 in /home/runner/.local/lib/python3.12/site-packages (from -r requirements.txt (line 191)) (22.0.0)
Requirement already satisfied: h11==0.14.0 in /home/runner/.local/lib/python3.12/site-packages (from -r requirements.txt (line 192)) (0.14.0)
Requirement already satisfied: h2==4.1.0 in /home/runner/.local/lib/python3.12/site-packages (from -r requirements.txt (line 193)) (4.1.0)
Requirement already satisfied: hpack==4.0.0 in /home/runner/.local/lib/python3.12/site-packages (from -r requirements.txt (line 194)) (4.0.0)
Requirement already satisfied: httpcore==0.16.3 in /home/runner/.local/lib/python3.12/site-packages (from -r requirements.txt (line 195)) (0.16.3)
Requirement already satisfied: httplib2==0.22.0 in /home/runner/.local/lib/python3.12/site-packages (from -r requirements.txt (line 196)) (0.22.0)
Requirement already satisfied: httpx==0.23.3 in /home/runner/.local/lib/python3.12/site-packages (from -r requirements.txt (line 197)) (0.23.3)
Requirement already satisfied: humanize==4.9.0 in /home/runner/.local/lib/python3.12/site-packages (from -r requirements.txt (line 198)) (4.9.0)
Requirement already satisfied: hvac==2.2.0 in /home/runner/.local/lib/python3.12/site-packages (from -r requirements.txt (line 199)) (2.2.0)
Requirement already satisfied: hyperframe==6.0.1 in /home/runner/.local/lib/python3.12/site-packages (from -r requirements.txt (line 200)) (6.0.1)
Requirement already satisfied: idna==3.7 in /home/runner/.local/lib/python3.12/site-packages (from -r requirements.txt (line 201)) (3.7)
Requirement already satisfied: ijson==3.2.3 in /home/runner/.local/lib/python3.12/site-packages (from -r requirements.txt (line 202)) (3.2.3)
Requirement already satisfied: importlib-metadata==6.11.0 in /home/runner/.local/lib/python3.12/site-packages (from -r requirements.txt (line 203)) (6.11.0)
Requirement already satisfied: importlib_resources==6.4.0 in /home/runner/.local/lib/python3.12/site-packages (from -r requirements.txt (line 204)) (6.4.0)
Requirement already satisfied: inflection==0.5.1 in /home/runner/.local/lib/python3.12/site-packages (from -r requirements.txt (line 205)) (0.5.1)
Requirement already satisfied: isodate==0.6.1 in /home/runner/.local/lib/python3.12/site-packages (from -r requirements.txt (line 206)) (0.6.1)
Requirement already satisfied: itsdangerous==2.2.0 in /home/runner/.local/lib/python3.12/site-packages (from -r requirements.txt (line 207)) (2.2.0)
Requirement already satisfied: Jinja2==3.1.4 in /home/runner/.local/lib/python3.12/site-packages (from -r requirements.txt (line 208)) (3.1.4)
Requirement already satisfied: jmespath==0.10.0 in /home/runner/.local/lib/python3.12/site-packages (from -r requirements.txt (line 209)) (0.10.0)
Requirement already satisfied: json-merge-patch==0.2 in /home/runner/.local/lib/python3.12/site-packages (from -r requirements.txt (line 210)) (0.2)
Requirement already satisfied: jsonpath-ng==1.6.1 in /home/runner/.local/lib/python3.12/site-packages (from -r requirements.txt (line 211)) (1.6.1)
Requirement already satisfied: jsonschema==4.22.0 in /home/runner/.local/lib/python3.12/site-packages (from -r requirements.txt (line 212)) (4.22.0)
Requirement already satisfied: jsonschema-specifications==2023.12.1 in /home/runner/.local/lib/python3.12/site-packages (from -r requirements.txt (line 213)) (2023.12.1)
Requirement already satisfied: kombu==5.3.7 in /home/runner/.local/lib/python3.12/site-packages (from -r requirements.txt (line 214)) (5.3.7)
Requirement already satisfied: kubernetes==29.0.0 in /home/runner/.local/lib/python3.12/site-packages (from -r requirements.txt (line 215)) (29.0.0)
Requirement already satisfied: kubernetes_asyncio==29.0.0 in /home/runner/.local/lib/python3.12/site-packages (from -r requirements.txt (line 216)) (29.0.0)
Requirement already satisfied: lazy-object-proxy==1.10.0 in /home/runner/.local/lib/python3.12/site-packages (from -r requirements.txt (line 217)) (1.10.0)
Requirement already satisfied: ldap3==2.9.1 in /home/runner/.local/lib/python3.12/site-packages (from -r requirements.txt (line 218)) (2.9.1)
Requirement already satisfied: limits==3.12.0 in /home/runner/.local/lib/python3.12/site-packages (from -r requirements.txt (line 219)) (3.12.0)
Requirement already satisfied: linkify-it-py==2.0.3 in /home/runner/.local/lib/python3.12/site-packages (from -r requirements.txt (line 220)) (2.0.3)
Requirement already satisfied: lockfile==0.12.2 in /home/runner/.local/lib/python3.12/site-packages (from -r requirements.txt (line 221)) (0.12.2)
Requirement already satisfied: looker-sdk==24.8.0 in /home/runner/.local/lib/python3.12/site-packages (from -r requirements.txt (line 222)) (24.8.0)
Requirement already satisfied: lxml==5.2.2 in /home/runner/.local/lib/python3.12/site-packages (from -r requirements.txt (line 223)) (5.2.2)
Requirement already satisfied: Mako==1.3.5 in /home/runner/.local/lib/python3.12/site-packages (from -r requirements.txt (line 224)) (1.3.5)
Requirement already satisfied: markdown-it-py==3.0.0 in /usr/lib/python3/dist-packages (from -r requirements.txt (line 225)) (3.0.0)
Requirement already satisfied: MarkupSafe==2.1.5 in /usr/lib/python3/dist-packages (from -r requirements.txt (line 226)) (2.1.5)
Requirement already satisfied: marshmallow==3.21.3 in /home/runner/.local/lib/python3.12/site-packages (from -r requirements.txt (line 227)) (3.21.3)
Requirement already satisfied: marshmallow-oneofschema==3.1.1 in /home/runner/.local/lib/python3.12/site-packages (from -r requirements.txt (line 228)) (3.1.1)
Requirement already satisfied: marshmallow-sqlalchemy==0.28.2 in /home/runner/.local/lib/python3.12/site-packages (from -r requirements.txt (line 229)) (0.28.2)
Requirement already satisfied: mdit-py-plugins==0.4.1 in /home/runner/.local/lib/python3.12/site-packages (from -r requirements.txt (line 230)) (0.4.1)
Requirement already satisfied: mdurl==0.1.2 in /usr/lib/python3/dist-packages (from -r requirements.txt (line 231)) (0.1.2)
Requirement already satisfied: methodtools==0.4.7 in /home/runner/.local/lib/python3.12/site-packages (from -r requirements.txt (line 232)) (0.4.7)
Requirement already satisfied: microsoft-kiota-abstractions==1.3.3 in /home/runner/.local/lib/python3.12/site-packages (from -r requirements.txt (line 233)) (1.3.3)
Requirement already satisfied: microsoft-kiota-authentication-azure==1.0.0 in /home/runner/.local/lib/python3.12/site-packages (from -r requirements.txt (line 234)) (1.0.0)
Requirement already satisfied: microsoft-kiota-http==1.3.1 in /home/runner/.local/lib/python3.12/site-packages (from -r requirements.txt (line 235)) (1.3.1)
Requirement already satisfied: more-itertools==10.2.0 in /home/runner/.local/lib/python3.12/site-packages (from -r requirements.txt (line 236)) (10.2.0)
Requirement already satisfied: msal==1.28.0 in /home/runner/.local/lib/python3.12/site-packages (from -r requirements.txt (line 237)) (1.28.0)
Requirement already satisfied: msal-extensions==1.1.0 in /home/runner/.local/lib/python3.12/site-packages (from -r requirements.txt (line 238)) (1.1.0)
Requirement already satisfied: msgraph-core==1.0.0 in /home/runner/.local/lib/python3.12/site-packages (from -r requirements.txt (line 239)) (1.0.0)
Requirement already satisfied: msrest==0.7.1 in /home/runner/.local/lib/python3.12/site-packages (from -r requirements.txt (line 240)) (0.7.1)
Requirement already satisfied: msrestazure==0.6.4.post1 in /home/runner/.local/lib/python3.12/site-packages (from -r requirements.txt (line 241)) (0.6.4.post1)
Requirement already satisfied: multidict==6.0.5 in /home/runner/.local/lib/python3.12/site-packages (from -r requirements.txt (line 242)) (6.0.5)
Requirement already satisfied: mysql-connector-python==8.4.0 in /home/runner/.local/lib/python3.12/site-packages (from -r requirements.txt (line 243)) (8.4.0)
Requirement already satisfied: mysqlclient==2.2.4 in /home/runner/.local/lib/python3.12/site-packages (from -r requirements.txt (line 244)) (2.2.4)
Requirement already satisfied: numpy==1.26.4 in /home/runner/.local/lib/python3.12/site-packages (from -r requirements.txt (line 245)) (1.26.4)
Requirement already satisfied: oauthlib==3.2.2 in /usr/lib/python3/dist-packages (from -r requirements.txt (line 246)) (3.2.2)
Requirement already satisfied: openlineage-integration-common==1.16.0 in /home/runner/.local/lib/python3.12/site-packages (from -r requirements.txt (line 247)) (1.16.0)
Requirement already satisfied: openlineage-python==1.16.0 in /home/runner/.local/lib/python3.12/site-packages (from -r requirements.txt (line 248)) (1.16.0)
Requirement already satisfied: openlineage_sql==1.16.0 in /home/runner/.local/lib/python3.12/site-packages (from -r requirements.txt (line 249)) (1.16.0)
Requirement already satisfied: opentelemetry-api==1.25.0 in /home/runner/.local/lib/python3.12/site-packages (from -r requirements.txt (line 250)) (1.25.0)
Requirement already satisfied: opentelemetry-exporter-otlp==1.25.0 in /home/runner/.local/lib/python3.12/site-packages (from -r requirements.txt (line 251)) (1.25.0)
Requirement already satisfied: opentelemetry-exporter-otlp-proto-common==1.25.0 in /home/runner/.local/lib/python3.12/site-packages (from -r requirements.txt (line 252)) (1.25.0)
Requirement already satisfied: opentelemetry-exporter-otlp-proto-grpc==1.25.0 in /home/runner/.local/lib/python3.12/site-packages (from -r requirements.txt (line 253)) (1.25.0)
Requirement already satisfied: opentelemetry-exporter-otlp-proto-http==1.25.0 in /home/runner/.local/lib/python3.12/site-packages (from -r requirements.txt (line 254)) (1.25.0)
Requirement already satisfied: opentelemetry-proto==1.25.0 in /home/runner/.local/lib/python3.12/site-packages (from -r requirements.txt (line 255)) (1.25.0)
Requirement already satisfied: opentelemetry-sdk==1.25.0 in /home/runner/.local/lib/python3.12/site-packages (from -r requirements.txt (line 256)) (1.25.0)
Requirement already satisfied: opentelemetry-semantic-conventions==0.46b0 in /home/runner/.local/lib/python3.12/site-packages (from -r requirements.txt (line 257)) (0.46b0)
Requirement already satisfied: ordered-set==4.1.0 in /home/runner/.local/lib/python3.12/site-packages (from -r requirements.txt (line 258)) (4.1.0)
Requirement already satisfied: packaging==24.0 in /usr/lib/python3/dist-packages (from -r requirements.txt (line 259)) (24.0)
Requirement already satisfied: pandas==2.1.4 in /home/runner/.local/lib/python3.12/site-packages (from -r requirements.txt (line 260)) (2.1.4)
Requirement already satisfied: pandas-gbq==0.23.0 in /home/runner/.local/lib/python3.12/site-packages (from -r requirements.txt (line 261)) (0.23.0)
Requirement already satisfied: paramiko==3.4.0 in /home/runner/.local/lib/python3.12/site-packages (from -r requirements.txt (line 262)) (3.4.0)
Requirement already satisfied: pathspec==0.12.1 in /home/runner/.local/lib/python3.12/site-packages (from -r requirements.txt (line 263)) (0.12.1)
Requirement already satisfied: pendulum==3.0.0 in /home/runner/.local/lib/python3.12/site-packages (from -r requirements.txt (line 264)) (3.0.0)
Requirement already satisfied: platformdirs==4.2.2 in /home/runner/.local/lib/python3.12/site-packages (from -r requirements.txt (line 265)) (4.2.2)
Requirement already satisfied: pluggy==1.5.0 in /home/runner/.local/lib/python3.12/site-packages (from -r requirements.txt (line 266)) (1.5.0)
Requirement already satisfied: ply==3.11 in /home/runner/.local/lib/python3.12/site-packages (from -r requirements.txt (line 267)) (3.11)
Requirement already satisfied: portalocker==2.8.2 in /home/runner/.local/lib/python3.12/site-packages (from -r requirements.txt (line 268)) (2.8.2)
Requirement already satisfied: prison==0.2.1 in /home/runner/.local/lib/python3.12/site-packages (from -r requirements.txt (line 269)) (0.2.1)
Requirement already satisfied: prometheus_client==0.20.0 in /home/runner/.local/lib/python3.12/site-packages (from -r requirements.txt (line 270)) (0.20.0)
Requirement already satisfied: prompt_toolkit==3.0.46 in /home/runner/.local/lib/python3.12/site-packages (from -r requirements.txt (line 271)) (3.0.46)
Requirement already satisfied: proto-plus==1.23.0 in /home/runner/.local/lib/python3.12/site-packages (from -r requirements.txt (line 272)) (1.23.0)
Requirement already satisfied: protobuf==4.25.3 in /home/runner/.local/lib/python3.12/site-packages (from -r requirements.txt (line 273)) (4.25.3)
Requirement already satisfied: psutil==5.9.8 in /home/runner/.local/lib/python3.12/site-packages (from -r requirements.txt (line 274)) (5.9.8)
Requirement already satisfied: psycopg2-binary==2.9.9 in /home/runner/.local/lib/python3.12/site-packages (from -r requirements.txt (line 275)) (2.9.9)
Requirement already satisfied: pyarrow==16.1.0 in /home/runner/.local/lib/python3.12/site-packages (from -r requirements.txt (line 276)) (16.1.0)
Requirement already satisfied: pyasn1==0.5.1 in /home/runner/.local/lib/python3.12/site-packages (from -r requirements.txt (line 277)) (0.5.1)
Requirement already satisfied: pyasn1-modules==0.3.0 in /home/runner/.local/lib/python3.12/site-packages (from -r requirements.txt (line 278)) (0.3.0)
Requirement already satisfied: PyAthena==3.8.3 in /home/runner/.local/lib/python3.12/site-packages (from -r requirements.txt (line 279)) (3.8.3)
Requirement already satisfied: pycparser==2.22 in /home/runner/.local/lib/python3.12/site-packages (from -r requirements.txt (line 280)) (2.22)
Requirement already satisfied: pydantic==2.7.3 in /home/runner/.local/lib/python3.12/site-packages (from -r requirements.txt (line 281)) (2.7.3)
Requirement already satisfied: pydantic_core==2.18.4 in /home/runner/.local/lib/python3.12/site-packages (from -r requirements.txt (line 282)) (2.18.4)
Requirement already satisfied: pydata-google-auth==1.8.2 in /home/runner/.local/lib/python3.12/site-packages (from -r requirements.txt (line 283)) (1.8.2)
Requirement already satisfied: Pygments==2.18.0 in /home/runner/.local/lib/python3.12/site-packages (from -r requirements.txt (line 284)) (2.18.0)
Requirement already satisfied: PyJWT==2.8.0 in /home/runner/.local/lib/python3.12/site-packages (from -r requirements.txt (line 285)) (2.8.0)
Requirement already satisfied: PyNaCl==1.5.0 in /home/runner/.local/lib/python3.12/site-packages (from -r requirements.txt (line 286)) (1.5.0)
Requirement already satisfied: pyodbc==5.1.0 in /home/runner/.local/lib/python3.12/site-packages (from -r requirements.txt (line 287)) (5.1.0)
Requirement already satisfied: pyOpenSSL==24.1.0 in /home/runner/.local/lib/python3.12/site-packages (from -r requirements.txt (line 288)) (24.1.0)
Requirement already satisfied: pyparsing==3.1.2 in /home/runner/.local/lib/python3.12/site-packages (from -r requirements.txt (line 289)) (3.1.2)
Requirement already satisfied: python-daemon==3.0.1 in /home/runner/.local/lib/python3.12/site-packages (from -r requirements.txt (line 290)) (3.0.1)
Requirement already satisfied: python-dateutil==2.9.0.post0 in /home/runner/.local/lib/python3.12/site-packages (from -r requirements.txt (line 291)) (2.9.0.post0)
Requirement already satisfied: python-dotenv==1.0.1 in /home/runner/.local/lib/python3.12/site-packages (from -r requirements.txt (line 292)) (1.0.1)
Requirement already satisfied: python-http-client==3.3.7 in /home/runner/.local/lib/python3.12/site-packages (from -r requirements.txt (line 293)) (3.3.7)
Requirement already satisfied: python-ldap==3.4.4 in /home/runner/.local/lib/python3.12/site-packages (from -r requirements.txt (line 294)) (3.4.4)
Requirement already satisfied: python-nvd3==0.16.0 in /home/runner/.local/lib/python3.12/site-packages (from -r requirements.txt (line 295)) (0.16.0)
Requirement already satisfied: python-slugify==8.0.4 in /home/runner/.local/lib/python3.12/site-packages (from -r requirements.txt (line 296)) (8.0.4)
Requirement already satisfied: pytz==2024.1 in /usr/lib/python3/dist-packages (from -r requirements.txt (line 297)) (2024.1)
Requirement already satisfied: PyYAML==6.0.1 in /usr/lib/python3/dist-packages (from -r requirements.txt (line 298)) (6.0.1)
Requirement already satisfied: redis==5.0.4 in /home/runner/.local/lib/python3.12/site-packages (from -r requirements.txt (line 299)) (5.0.4)
Collecting redshift-connector==2.1.14 (from -r requirements.txt (line 300))
  Downloading redshift_connector-2.1.14-py3-none-any.whl.metadata (70 kB)
     ━━━━━━━━━━━━━━━━━━━━━━━━━━━━━━━━━━━━━━━━ 70.0/70.0 kB 1.2 MB/s eta 0:00:00
Requirement already satisfied: referencing==0.31.1 in /home/runner/.local/lib/python3.12/site-packages (from -r requirements.txt (line 301)) (0.31.1)
Requirement already satisfied: requests==2.31.0 in /usr/lib/python3/dist-packages (from -r requirements.txt (line 302)) (2.31.0)
Requirement already satisfied: requests-oauthlib==1.3.1 in /home/runner/.local/lib/python3.12/site-packages (from -r requirements.txt (line 303)) (1.3.1)
Requirement already satisfied: requests-toolbelt==1.0.0 in /home/runner/.local/lib/python3.12/site-packages (from -r requirements.txt (line 304)) (1.0.0)
Requirement already satisfied: rfc3339-validator==0.1.4 in /home/runner/.local/lib/python3.12/site-packages (from -r requirements.txt (line 305)) (0.1.4)
Requirement already satisfied: rfc3986==1.5.0 in /home/runner/.local/lib/python3.12/site-packages (from -r requirements.txt (line 306)) (1.5.0)
Requirement already satisfied: rich==13.7.1 in /usr/lib/python3/dist-packages (from -r requirements.txt (line 307)) (13.7.1)
Requirement already satisfied: rich-argparse==1.5.0 in /home/runner/.local/lib/python3.12/site-packages (from -r requirements.txt (line 308)) (1.5.0)
Requirement already satisfied: rpds-py==0.18.1 in /home/runner/.local/lib/python3.12/site-packages (from -r requirements.txt (line 309)) (0.18.1)
Requirement already satisfied: rsa==4.9 in /home/runner/.local/lib/python3.12/site-packages (from -r requirements.txt (line 310)) (4.9)
Requirement already satisfied: s3transfer==0.10.1 in /usr/lib/python3/dist-packages (from -r requirements.txt (line 311)) (0.10.1)
Requirement already satisfied: scramp==1.4.5 in /home/runner/.local/lib/python3.12/site-packages (from -r requirements.txt (line 312)) (1.4.5)
Requirement already satisfied: sendgrid==6.11.0 in /home/runner/.local/lib/python3.12/site-packages (from -r requirements.txt (line 313)) (6.11.0)
Requirement already satisfied: setproctitle==1.3.3 in /home/runner/.local/lib/python3.12/site-packages (from -r requirements.txt (line 314)) (1.3.3)
Requirement already satisfied: setuptools==66.1.1 in /home/runner/.local/lib/python3.12/site-packages (from -r requirements.txt (line 315)) (66.1.1)
Requirement already satisfied: shapely==2.0.4 in /home/runner/.local/lib/python3.12/site-packages (from -r requirements.txt (line 316)) (2.0.4)
Requirement already satisfied: six==1.16.0 in /usr/lib/python3/dist-packages (from -r requirements.txt (line 317)) (1.16.0)
Requirement already satisfied: slack_sdk==3.27.2 in /home/runner/.local/lib/python3.12/site-packages (from -r requirements.txt (line 318)) (3.27.2)
Requirement already satisfied: sniffio==1.3.1 in /home/runner/.local/lib/python3.12/site-packages (from -r requirements.txt (line 319)) (1.3.1)
Requirement already satisfied: snowflake-connector-python==3.10.1 in /home/runner/.local/lib/python3.12/site-packages (from -r requirements.txt (line 320)) (3.10.1)
Requirement already satisfied: snowflake-sqlalchemy==1.5.3 in /home/runner/.local/lib/python3.12/site-packages (from -r requirements.txt (line 321)) (1.5.3)
Requirement already satisfied: sortedcontainers==2.4.0 in /home/runner/.local/lib/python3.12/site-packages (from -r requirements.txt (line 322)) (2.4.0)
Requirement already satisfied: soupsieve==2.5 in /home/runner/.local/lib/python3.12/site-packages (from -r requirements.txt (line 323)) (2.5)
Requirement already satisfied: SQLAlchemy==1.4.52 in /home/runner/.local/lib/python3.12/site-packages (from -r requirements.txt (line 324)) (1.4.52)
Requirement already satisfied: sqlalchemy-bigquery==1.11.0 in /home/runner/.local/lib/python3.12/site-packages (from -r requirements.txt (line 325)) (1.11.0)
Requirement already satisfied: SQLAlchemy-JSONField==1.0.2 in /home/runner/.local/lib/python3.12/site-packages (from -r requirements.txt (line 326)) (1.0.2)
Requirement already satisfied: sqlalchemy-redshift==0.8.14 in /home/runner/.local/lib/python3.12/site-packages (from -r requirements.txt (line 327)) (0.8.14)
Requirement already satisfied: sqlalchemy-spanner==1.7.0 in /home/runner/.local/lib/python3.12/site-packages (from -r requirements.txt (line 328)) (1.7.0)
Requirement already satisfied: SQLAlchemy-Utils==0.41.2 in /home/runner/.local/lib/python3.12/site-packages (from -r requirements.txt (line 329)) (0.41.2)
Requirement already satisfied: sqlparse==0.5.0 in /home/runner/.local/lib/python3.12/site-packages (from -r requirements.txt (line 330)) (0.5.0)
Requirement already satisfied: sshtunnel==0.4.0 in /home/runner/.local/lib/python3.12/site-packages (from -r requirements.txt (line 331)) (0.4.0)
Requirement already satisfied: starkbank-ecdsa==2.2.0 in /home/runner/.local/lib/python3.12/site-packages (from -r requirements.txt (line 332)) (2.2.0)
Requirement already satisfied: statsd==4.0.1 in /home/runner/.local/lib/python3.12/site-packages (from -r requirements.txt (line 333)) (4.0.1)
Requirement already satisfied: std-uritemplate==0.0.57 in /home/runner/.local/lib/python3.12/site-packages (from -r requirements.txt (line 334)) (0.0.57)
Requirement already satisfied: tabulate==0.9.0 in /home/runner/.local/lib/python3.12/site-packages (from -r requirements.txt (line 335)) (0.9.0)
Requirement already satisfied: tenacity==8.3.0 in /home/runner/.local/lib/python3.12/site-packages (from -r requirements.txt (line 336)) (8.3.0)
Requirement already satisfied: termcolor==2.4.0 in /home/runner/.local/lib/python3.12/site-packages (from -r requirements.txt (line 337)) (2.4.0)
Requirement already satisfied: text-unidecode==1.3 in /home/runner/.local/lib/python3.12/site-packages (from -r requirements.txt (line 338)) (1.3)
Requirement already satisfied: time-machine==2.14.1 in /home/runner/.local/lib/python3.12/site-packages (from -r requirements.txt (line 339)) (2.14.1)
Requirement already satisfied: tomlkit==0.12.5 in /home/runner/.local/lib/python3.12/site-packages (from -r requirements.txt (line 340)) (0.12.5)
Requirement already satisfied: tornado==6.4 in /home/runner/.local/lib/python3.12/site-packages (from -r requirements.txt (line 341)) (6.4)
Requirement already satisfied: typing_extensions==4.12.1 in /home/runner/.local/lib/python3.12/site-packages (from -r requirements.txt (line 342)) (4.12.1)
Requirement already satisfied: tzdata==2024.1 in /home/runner/.local/lib/python3.12/site-packages (from -r requirements.txt (line 343)) (2024.1)
Requirement already satisfied: uc-micro-py==1.0.3 in /home/runner/.local/lib/python3.12/site-packages (from -r requirements.txt (line 344)) (1.0.3)
Requirement already satisfied: unicodecsv==0.14.1 in /home/runner/.local/lib/python3.12/site-packages (from -r requirements.txt (line 345)) (0.14.1)
Requirement already satisfied: universal_pathlib==0.2.2 in /home/runner/.local/lib/python3.12/site-packages (from -r requirements.txt (line 346)) (0.2.2)
Requirement already satisfied: uritemplate==4.1.1 in /home/runner/.local/lib/python3.12/site-packages (from -r requirements.txt (line 347)) (4.1.1)
Requirement already satisfied: urllib3==2.2.1 in /home/runner/.local/lib/python3.12/site-packages (from -r requirements.txt (line 348)) (2.2.1)
Requirement already satisfied: uv==0.2.2 in /home/runner/.local/lib/python3.12/site-packages (from -r requirements.txt (line 349)) (0.2.2)
Requirement already satisfied: vine==5.1.0 in /home/runner/.local/lib/python3.12/site-packages (from -r requirements.txt (line 350)) (5.1.0)
Requirement already satisfied: virtualenv==20.26.2 in /home/runner/.local/lib/python3.12/site-packages (from -r requirements.txt (line 351)) (20.26.2)
Requirement already satisfied: watchtower==3.2.0 in /home/runner/.local/lib/python3.12/site-packages (from -r requirements.txt (line 352)) (3.2.0)
Requirement already satisfied: wcwidth==0.2.13 in /home/runner/.local/lib/python3.12/site-packages (from -r requirements.txt (line 353)) (0.2.13)
Requirement already satisfied: websocket-client==1.8.0 in /home/runner/.local/lib/python3.12/site-packages (from -r requirements.txt (line 354)) (1.8.0)
Requirement already satisfied: Werkzeug==2.2.3 in /home/runner/.local/lib/python3.12/site-packages (from -r requirements.txt (line 355)) (2.2.3)
Requirement already satisfied: wirerope==0.4.7 in /home/runner/.local/lib/python3.12/site-packages (from -r requirements.txt (line 356)) (0.4.7)
Requirement already satisfied: wrapt==1.16.0 in /home/runner/.local/lib/python3.12/site-packages (from -r requirements.txt (line 357)) (1.16.0)
Requirement already satisfied: WTForms==3.1.2 in /home/runner/.local/lib/python3.12/site-packages (from -r requirements.txt (line 358)) (3.1.2)
Requirement already satisfied: yarl==1.9.4 in /home/runner/.local/lib/python3.12/site-packages (from -r requirements.txt (line 359)) (1.9.4)
Requirement already satisfied: zipp==3.19.2 in /home/runner/.local/lib/python3.12/site-packages (from -r requirements.txt (line 360)) (3.19.2)
Requirement already satisfied: zope.event==5.0 in /home/runner/.local/lib/python3.12/site-packages (from -r requirements.txt (line 361)) (5.0)
Requirement already satisfied: zope.interface==6.4.post2 in /home/runner/.local/lib/python3.12/site-packages (from -r requirements.txt (line 362)) (6.4.post2)
Downloading redshift_connector-2.1.14-py3-none-any.whl (157 kB)
   ━━━━━━━━━━━━━━━━━━━━━━━━━━━━━━━━━━━━━━━━ 157.1/157.1 kB 2.8 MB/s eta 0:00:00
Installing collected packages: redshift-connector
  Attempting uninstall: redshift-connector
    Found existing installation: redshift-connector 2.1.1
    Uninstalling redshift-connector-2.1.1:
      Successfully uninstalled redshift-connector-2.1.1
Successfully installed redshift-connector-2.1.14
Validating application functionality...
