npm warn deprecated w3c-hr-time@1.0.2: Use your platform's native performance.now() and performance.timeOrigin.
npm warn deprecated urix@0.1.0: Please see https://github.com/lydell/urix#deprecated
npm warn deprecated source-map-url@0.4.1: See https://github.com/lydell/source-map-url#deprecated
npm warn deprecated source-map-resolve@0.5.3: See https://github.com/lydell/source-map-resolve#deprecated
npm warn deprecated samsam@1.1.2: This package has been deprecated in favour of @sinonjs/samsam
npm warn deprecated resolve-url@0.2.1: https://github.com/lydell/resolve-url#deprecated
npm warn deprecated sane@4.1.0: some dependency vulnerabilities fixed, support for node < 10 dropped, and newer ECMAScript syntax/features added
npm warn deprecated vm2@3.9.17: The library contains critical security issues and should not be used for production! The maintenance of the project has been discontinued. Consider migrating your code to isolated-vm.
npm warn deprecated notevil@1.3.3: Package no longer supported. Contact Support at https://www.npmjs.com/support for more info.
npm warn deprecated request@2.88.2: request has been deprecated, see https://github.com/request/request/issues/3142
npm warn deprecated jws@0.2.6: Security update: Versions below 3.0.0 are deprecated.
npm warn deprecated jsonwebtoken@0.4.0: Critical vulnerability fix in v5.0.0. See https://auth0.com/blog/2015/03/31/critical-vulnerabilities-in-json-web-token-libraries/
npm warn deprecated messageformat@2.3.0: Package renamed as '@messageformat/core', see messageformat.github.io for more details. 'messageformat@4' will eventually provide a polyfill for Intl.MessageFormat, once it's been defined by Unicode & ECMA.
npm warn deprecated node-pre-gyp@0.15.0: Please upgrade to @mapbox/node-pre-gyp: the non-scoped node-pre-gyp package is deprecated and only the @mapbox scoped package will recieve updates in the future
npm warn deprecated har-validator@5.1.5: this library is no longer supported
npm warn deprecated formatio@1.1.1: This package is unmaintained. Use @sinonjs/formatio instead
npm warn deprecated eivindfjeldstad-dot@0.0.1: Use @eivifj/dot instead
npm warn deprecated @types/socket.io-parser@3.0.0: This is a stub types definition. socket.io-parser provides its own type definitions, so you do not need this installed.
npm warn deprecated ecstatic@3.3.2: This package is unmaintained and deprecated. See the GH Issue 259.
npm warn deprecated @types/cypress@1.1.3: This is a stub types definition for cypress (https://cypress.io). cypress provides its own type definitions, so you don't need @types/cypress installed!
npm warn deprecated @types/express-unless@2.0.1: This is a stub types definition. express-unless provides its own type definitions, so you do not need this installed.
npm warn deprecated @npmcli/move-file@1.1.2: This functionality has been moved to @npmcli/fs
npm warn deprecated uuid@3.4.0: Please upgrade  to version 7 or higher.  Older versions may use Math.random() in certain circumstances, which is known to be problematic.  See https://v8.dev/blog/math-random for details.
npm warn deprecated jsonwebtoken@0.1.0: Critical vulnerability fix in v5.0.0. See https://auth0.com/blog/2015/03/31/critical-vulnerabilities-in-json-web-token-libraries/
npm warn deprecated sinon@1.17.7: 16.1.1
npm warn deprecated iltorb@2.4.5: The zlib module provides APIs for brotli compression/decompression starting with Node.js v10.16.0, please use it over iltorb
npm warn deprecated sinon@11.1.2: 16.1.1

> juice-shop@15.3.0 postinstall
> cd frontend && npm install --legacy-peer-deps && cd .. && npm run build:frontend && (npm run --silent build:server || cd .)


> frontend@15.3.0 postinstall
> ngcc --tsconfig "./src/tsconfig.app.json"

Processing legacy "View Engine" libraries:
- @angular/http [fesm2015/esm2015] (https://github.com/angular/angular.git)
- @angular/http/testing [fesm2015/esm2015] (https://github.com/angular/angular.git)
- @angular/http [fesm5/esm5] (https://github.com/angular/angular.git)
- @angular/http [esm2015/esm2015] (https://github.com/angular/angular.git)
- @angular/http [esm5/esm5] (https://github.com/angular/angular.git)
- @angular/http [main/umd] (https://github.com/angular/angular.git)
- @angular/http/testing [fesm5/esm5] (https://github.com/angular/angular.git)
- @angular/http/testing [esm2015/esm2015] (https://github.com/angular/angular.git)
- @angular/http/testing [esm5/esm5] (https://github.com/angular/angular.git)
- @angular/http/testing [main/umd] (https://github.com/angular/angular.git)
Encourage the library authors to publish an Ivy distribution.

removed 1 package, changed 21 packages, and audited 1509 packages in 34s

309 packages are looking for funding
  run `npm fund` for details

84 vulnerabilities (16 low, 28 moderate, 34 high, 6 critical)

To address issues that do not require attention, run:
  npm audit fix

To address all issues possible (including breaking changes), run:
  npm audit fix --force

Some issues need review, and may require choosing
a different dependency.

Run `npm audit` for details.

> juice-shop@15.3.0 build:frontend
> cd frontend && node ./node_modules/@angular/cli/bin/ng build --aot --configuration production --output-hashing=none --vendor-chunk=true --source-map=false

- Generating browser application bundles (phase: setup)...
    TypeScript compiler options "target" and "useDefineForClassFields" are set to "ES2022" and "false" respectively by the Angular CLI. To control ECMA version and features use the Browerslist configuration. For more information, see https://angular.io/guide/build#configuring-browser-compatibility
    NOTE: You can set the "target" to "ES2022" in the project's tsconfig to remove this warning.
✔ Browser application bundle generation complete.
✔ Browser application bundle generation complete.
- Copying assets...
✔ Copying assets complete.
- Generating index html...
✔ Index html generation complete.

Initial Chunk Files | Names                                 |  Raw Size | Estimated Transfer Size
vendor.js           | vendor                                |   1.36 MB |               306.31 kB
styles.css          | styles                                | 614.90 kB |                32.22 kB
main.js             | main                                  | 479.20 kB |                81.16 kB
polyfills.js        | polyfills                             |  53.70 kB |                17.15 kB
runtime.js          | runtime                               |   3.22 kB |                 1.49 kB

| Initial Total                         |   2.48 MB |               438.33 kB

Lazy Chunk Files    | Names                                 |  Raw Size | Estimated Transfer Size
399.js              | faucet-faucet-module                  | 455.07 kB |               126.87 kB
202.js              | web3-sandbox-web3-sandbox-module      | 416.36 kB |                95.97 kB
112.js              | highlight-js-lib-core                 |  20.25 kB |                 7.37 kB
103.js              | confetti                              |  10.86 kB |                 3.92 kB
67.js               | faucet-faucet-module                  |  10.68 kB |                 3.37 kB
common.js           | common                                |   9.04 kB |               861 bytes
535.js              | highlight-js-lib-languages-typescript |   7.59 kB |                 2.71 kB
745.js              | wallet-web3-wallet-web3-module        |   6.59 kB |                 2.38 kB
613.js              | highlight-js-lib-languages-javascript |   6.37 kB |                 2.31 kB
859.js              | highlightjs-line-numbers-js           |   3.41 kB |                 1.37 kB
472.js              | highlight-js-lib-languages-yaml       |   1.88 kB |               772 bytes

Build at: 2026-08-10T21:23:49.065Z - Hash: d7a0d19ad452f981 - Time: 46294ms

added 1983 packages, and audited 1984 packages in 2m

186 packages are looking for funding
  run `npm fund` for details

120 vulnerabilities (11 low, 46 moderate, 46 high, 17 critical)

To address issues that do not require attention, run:
  npm audit fix

To address all issues possible (including breaking changes), run:
  npm audit fix --force

Some issues need review, and may require choosing
a different dependency.

Run `npm audit` for details.
