
> juice-shop@15.3.0 build:frontend
> cd frontend && node ./node_modules/@angular/cli/bin/ng build --aot --configuration production --output-hashing=none --vendor-chunk=true --source-map=false

- Generating browser application bundles (phase: setup)...
    TypeScript compiler options "target" and "useDefineForClassFields" are set to "ES2022" and "false" respectively by the Angular CLI. To control ECMA version and features use the Browerslist configuration. For more information, see https://angular.io/guide/build#configuring-browser-compatibility
    NOTE: You can set the "target" to "ES2022" in the project's tsconfig to remove this warning.
✔ Browser application bundle generation complete.
✔ Browser application bundle generation complete.
- Copying assets...
✔ Copying assets complete.
- Generating index html...
✔ Index html generation complete.

Initial Chunk Files | Names                                 |  Raw Size | Estimated Transfer Size
vendor.js           | vendor                                |   1.36 MB |               306.31 kB
styles.css          | styles                                | 614.90 kB |                32.22 kB
main.js             | main                                  | 479.20 kB |                81.16 kB
polyfills.js        | polyfills                             |  53.67 kB |                17.16 kB
runtime.js          | runtime                               |   3.22 kB |                 1.49 kB

| Initial Total                         |   2.48 MB |               438.33 kB

Lazy Chunk Files    | Names                                 |  Raw Size | Estimated Transfer Size
399.js              | faucet-faucet-module                  | 455.07 kB |               126.87 kB
202.js              | web3-sandbox-web3-sandbox-module      | 416.36 kB |                95.97 kB
112.js              | highlight-js-lib-core                 |  20.25 kB |                 7.37 kB
103.js              | confetti                              |  10.86 kB |                 3.92 kB
67.js               | faucet-faucet-module                  |  10.68 kB |                 3.37 kB
common.js           | common                                |   9.04 kB |               861 bytes
535.js              | highlight-js-lib-languages-typescript |   7.59 kB |                 2.71 kB
745.js              | wallet-web3-wallet-web3-module        |   6.59 kB |                 2.38 kB
613.js              | highlight-js-lib-languages-javascript |   6.37 kB |                 2.31 kB
859.js              | highlightjs-line-numbers-js           |   3.41 kB |                 1.37 kB
472.js              | highlight-js-lib-languages-yaml       |   1.88 kB |               772 bytes

Build at: 2026-08-10T21:27:24.707Z - Hash: eec0da7fb4f70cee - Time: 46988ms

> juice-shop@15.3.0 build:server
> tsc

