Collecting adal==1.2.7 (from -r requirements.txt (line 1))
  Downloading adal-1.2.7-py2.py3-none-any.whl.metadata (6.9 kB)
Collecting adlfs==2024.4.1 (from -r requirements.txt (line 2))
  Downloading adlfs-2024.4.1-py3-none-any.whl.metadata (7.6 kB)
Collecting aiobotocore==2.13.0 (from -r requirements.txt (line 3))
  Downloading aiobotocore-2.13.0-py3-none-any.whl.metadata (21 kB)
Collecting aiofiles==23.2.1 (from -r requirements.txt (line 4))
  Downloading aiofiles-23.2.1-py3-none-any.whl.metadata (9.7 kB)
Collecting aiohttp==3.9.5 (from -r requirements.txt (line 5))
  Downloading aiohttp-3.9.5-cp311-cp311-manylinux_2_17_x86_64.manylinux2014_x86_64.whl.metadata (7.5 kB)
Collecting aioitertools==0.11.0 (from -r requirements.txt (line 6))
  Downloading aioitertools-0.11.0-py3-none-any.whl.metadata (3.3 kB)
Collecting aiosignal==1.3.1 (from -r requirements.txt (line 7))
  Downloading aiosignal-1.3.1-py3-none-any.whl.metadata (4.0 kB)
Collecting alembic==1.13.1 (from -r requirements.txt (line 8))
  Downloading alembic-1.13.1-py3-none-any.whl.metadata (7.4 kB)
Collecting amqp==5.2.0 (from -r requirements.txt (line 9))
  Downloading amqp-5.2.0-py3-none-any.whl.metadata (8.9 kB)
Collecting annotated-types==0.7.0 (from -r requirements.txt (line 10))
  Downloading annotated_types-0.7.0-py3-none-any.whl.metadata (15 kB)
Collecting anyio==4.4.0 (from -r requirements.txt (line 11))
  Downloading anyio-4.4.0-py3-none-any.whl.metadata (4.6 kB)
Collecting apache-airflow==2.9.2 (from -r requirements.txt (line 12))
  Downloading apache_airflow-2.9.2-py3-none-any.whl.metadata (43 kB)
Collecting apache-airflow-providers-amazon==8.24.0 (from -r requirements.txt (line 13))
  Downloading apache_airflow_providers_amazon-8.24.0-py3-none-any.whl.metadata (10 kB)
Collecting apache-airflow-providers-celery==3.7.2 (from -r requirements.txt (line 14))
  Downloading apache_airflow_providers_celery-3.7.2-py3-none-any.whl.metadata (6.2 kB)
Collecting apache-airflow-providers-cncf-kubernetes==8.3.1 (from -r requirements.txt (line 15))
  Downloading apache_airflow_providers_cncf_kubernetes-8.3.1-py3-none-any.whl.metadata (5.3 kB)
Collecting apache-airflow-providers-common-io==1.3.2 (from -r requirements.txt (line 16))
  Downloading apache_airflow_providers_common_io-1.3.2-py3-none-any.whl.metadata (5.8 kB)
Collecting apache-airflow-providers-common-sql==1.14.0 (from -r requirements.txt (line 17))
  Downloading apache_airflow_providers_common_sql-1.14.0-py3-none-any.whl.metadata (6.1 kB)
Collecting apache-airflow-providers-docker==3.12.0 (from -r requirements.txt (line 18))
  Downloading apache_airflow_providers_docker-3.12.0-py3-none-any.whl.metadata (4.9 kB)
Collecting apache-airflow-providers-elasticsearch==5.4.1 (from -r requirements.txt (line 19))
  Downloading apache_airflow_providers_elasticsearch-5.4.1-py3-none-any.whl.metadata (6.2 kB)
Collecting apache-airflow-providers-fab==1.1.1 (from -r requirements.txt (line 20))
  Downloading apache_airflow_providers_fab-1.1.1-py3-none-any.whl.metadata (5.0 kB)
Collecting apache-airflow-providers-ftp==3.9.1 (from -r requirements.txt (line 21))
  Downloading apache_airflow_providers_ftp-3.9.1-py3-none-any.whl.metadata (5.8 kB)
Collecting apache-airflow-providers-google==10.19.0 (from -r requirements.txt (line 22))
  Downloading apache_airflow_providers_google-10.19.0-py3-none-any.whl.metadata (15 kB)
Collecting apache-airflow-providers-grpc==3.5.1 (from -r requirements.txt (line 23))
  Downloading apache_airflow_providers_grpc-3.5.1-py3-none-any.whl.metadata (4.9 kB)
Collecting apache-airflow-providers-hashicorp==3.7.1 (from -r requirements.txt (line 24))
  Downloading apache_airflow_providers_hashicorp-3.7.1-py3-none-any.whl.metadata (5.9 kB)
Collecting apache-airflow-providers-http==4.11.1 (from -r requirements.txt (line 25))
  Downloading apache_airflow_providers_http-4.11.1-py3-none-any.whl.metadata (4.9 kB)
Collecting apache-airflow-providers-imap==3.6.1 (from -r requirements.txt (line 26))
  Downloading apache_airflow_providers_imap-3.6.1-py3-none-any.whl.metadata (4.7 kB)
Collecting apache-airflow-providers-microsoft-azure==10.1.1 (from -r requirements.txt (line 27))
  Downloading apache_airflow_providers_microsoft_azure-10.1.1-py3-none-any.whl.metadata (8.2 kB)
Collecting apache-airflow-providers-mysql==5.6.1 (from -r requirements.txt (line 28))
  Downloading apache_airflow_providers_mysql-5.6.1-py3-none-any.whl.metadata (7.3 kB)
Collecting apache-airflow-providers-odbc==4.6.1 (from -r requirements.txt (line 29))
  Downloading apache_airflow_providers_odbc-4.6.1-py3-none-any.whl.metadata (6.0 kB)
Collecting apache-airflow-providers-openlineage==1.8.0 (from -r requirements.txt (line 30))
  Downloading apache_airflow_providers_openlineage-1.8.0-py3-none-any.whl.metadata (6.4 kB)
Collecting apache-airflow-providers-postgres==5.11.1 (from -r requirements.txt (line 31))
  Downloading apache_airflow_providers_postgres-5.11.1-py3-none-any.whl.metadata (6.6 kB)
Collecting apache-airflow-providers-redis==3.7.1 (from -r requirements.txt (line 32))
  Downloading apache_airflow_providers_redis-3.7.1-py3-none-any.whl.metadata (4.8 kB)
Collecting apache-airflow-providers-sendgrid==3.5.1 (from -r requirements.txt (line 33))
  Downloading apache_airflow_providers_sendgrid-3.5.1-py3-none-any.whl.metadata (4.8 kB)
Collecting apache-airflow-providers-sftp==4.10.1 (from -r requirements.txt (line 34))
  Downloading apache_airflow_providers_sftp-4.10.1-py3-none-any.whl.metadata (6.4 kB)
Collecting apache-airflow-providers-slack==8.7.1 (from -r requirements.txt (line 35))
  Downloading apache_airflow_providers_slack-8.7.1-py3-none-any.whl.metadata (6.2 kB)
Collecting apache-airflow-providers-smtp==1.7.1 (from -r requirements.txt (line 36))
  Downloading apache_airflow_providers_smtp-1.7.1-py3-none-any.whl.metadata (4.7 kB)
Collecting apache-airflow-providers-snowflake==5.5.1 (from -r requirements.txt (line 37))
  Downloading apache_airflow_providers_snowflake-5.5.1-py3-none-any.whl.metadata (6.5 kB)
Collecting apache-airflow-providers-sqlite==3.8.1 (from -r requirements.txt (line 38))
  Downloading apache_airflow_providers_sqlite-3.8.1-py3-none-any.whl.metadata (6.0 kB)
Collecting apache-airflow-providers-ssh==3.11.1 (from -r requirements.txt (line 39))
  Downloading apache_airflow_providers_ssh-3.11.1-py3-none-any.whl.metadata (4.8 kB)
Collecting apispec==6.6.1 (from -r requirements.txt (line 40))
  Downloading apispec-6.6.1-py3-none-any.whl.metadata (10 kB)
Collecting argcomplete==3.3.0 (from -r requirements.txt (line 41))
  Downloading argcomplete-3.3.0-py3-none-any.whl.metadata (16 kB)
Collecting asgiref==3.8.1 (from -r requirements.txt (line 42))
  Downloading asgiref-3.8.1-py3-none-any.whl.metadata (9.3 kB)
Collecting asn1crypto==1.5.1 (from -r requirements.txt (line 43))
  Downloading asn1crypto-1.5.1-py2.py3-none-any.whl.metadata (13 kB)
Collecting asyncssh==2.14.2 (from -r requirements.txt (line 44))
  Downloading asyncssh-2.14.2-py3-none-any.whl.metadata (9.9 kB)
Collecting attrs==23.2.0 (from -r requirements.txt (line 45))
  Downloading attrs-23.2.0-py3-none-any.whl.metadata (9.5 kB)
Collecting Authlib==1.3.1 (from -r requirements.txt (line 46))
  Downloading Authlib-1.3.1-py2.py3-none-any.whl.metadata (3.8 kB)
Collecting azure-batch==14.2.0 (from -r requirements.txt (line 47))
  Downloading azure_batch-14.2.0-py3-none-any.whl.metadata (22 kB)
Collecting azure-common==1.1.28 (from -r requirements.txt (line 48))
  Downloading azure_common-1.1.28-py2.py3-none-any.whl.metadata (5.0 kB)
Collecting azure-core==1.30.1 (from -r requirements.txt (line 49))
  Downloading azure_core-1.30.1-py3-none-any.whl.metadata (37 kB)
Collecting azure-cosmos==4.7.0 (from -r requirements.txt (line 50))
  Downloading azure_cosmos-4.7.0-py3-none-any.whl.metadata (70 kB)
Collecting azure-datalake-store==0.0.53 (from -r requirements.txt (line 51))
  Downloading azure_datalake_store-0.0.53-py2.py3-none-any.whl.metadata (19 kB)
Collecting azure-identity==1.16.0 (from -r requirements.txt (line 52))
  Downloading azure_identity-1.16.0-py3-none-any.whl.metadata (76 kB)
Collecting azure-keyvault-secrets==4.8.0 (from -r requirements.txt (line 53))
  Downloading azure_keyvault_secrets-4.8.0-py3-none-any.whl.metadata (29 kB)
Collecting azure-kusto-data==4.4.1 (from -r requirements.txt (line 54))
  Downloading azure_kusto_data-4.4.1-py2.py3-none-any.whl.metadata (4.1 kB)
Collecting azure-mgmt-containerinstance==10.1.0 (from -r requirements.txt (line 55))
  Downloading azure_mgmt_containerinstance-10.1.0-py3-none-any.whl.metadata (13 kB)
Collecting azure-mgmt-containerregistry==10.3.0 (from -r requirements.txt (line 56))
  Downloading azure_mgmt_containerregistry-10.3.0-py3-none-any.whl.metadata (23 kB)
Collecting azure-mgmt-core==1.4.0 (from -r requirements.txt (line 57))
  Downloading azure_mgmt_core-1.4.0-py3-none-any.whl.metadata (4.1 kB)
Collecting azure-mgmt-cosmosdb==9.5.0 (from -r requirements.txt (line 58))
  Downloading azure_mgmt_cosmosdb-9.5.0-py3-none-any.whl.metadata (107 kB)
Collecting azure-mgmt-datafactory==7.1.0 (from -r requirements.txt (line 59))
  Downloading azure_mgmt_datafactory-7.1.0-py3-none-any.whl.metadata (100 kB)
Collecting azure-mgmt-datalake-nspkg==3.0.1 (from -r requirements.txt (line 60))
  Downloading azure_mgmt_datalake_nspkg-3.0.1-py3-none-any.whl.metadata (1.5 kB)
Collecting azure-mgmt-datalake-store==0.5.0 (from -r requirements.txt (line 61))
  Downloading azure_mgmt_datalake_store-0.5.0-py2.py3-none-any.whl.metadata (8.4 kB)
Collecting azure-mgmt-nspkg==3.0.2 (from -r requirements.txt (line 62))
  Downloading azure_mgmt_nspkg-3.0.2-py3-none-any.whl.metadata (1.5 kB)
Collecting azure-mgmt-resource==23.1.1 (from -r requirements.txt (line 63))
  Downloading azure_mgmt_resource-23.1.1-py3-none-any.whl.metadata (37 kB)
Collecting azure-mgmt-storage==21.1.0 (from -r requirements.txt (line 64))
  Downloading azure_mgmt_storage-21.1.0-py3-none-any.whl.metadata (29 kB)
Collecting azure-nspkg==3.0.2 (from -r requirements.txt (line 65))
  Downloading azure_nspkg-3.0.2-py3-none-any.whl.metadata (1.5 kB)
Collecting azure-servicebus==7.12.2 (from -r requirements.txt (line 66))
  Downloading azure_servicebus-7.12.2-py3-none-any.whl.metadata (90 kB)
Collecting azure-storage-blob==12.20.0 (from -r requirements.txt (line 67))
  Downloading azure_storage_blob-12.20.0-py3-none-any.whl.metadata (26 kB)
Collecting azure-storage-file-datalake==12.15.0 (from -r requirements.txt (line 68))
  Downloading azure_storage_file_datalake-12.15.0-py3-none-any.whl.metadata (15 kB)
Collecting azure-storage-file-share==12.16.0 (from -r requirements.txt (line 69))
  Downloading azure_storage_file_share-12.16.0-py3-none-any.whl.metadata (47 kB)
Collecting azure-synapse-artifacts==0.19.0 (from -r requirements.txt (line 70))
  Downloading azure_synapse_artifacts-0.19.0-py3-none-any.whl.metadata (17 kB)
Collecting azure-synapse-spark==0.7.0 (from -r requirements.txt (line 71))
  Downloading azure_synapse_spark-0.7.0-py2.py3-none-any.whl.metadata (2.5 kB)
Collecting Babel==2.15.0 (from -r requirements.txt (line 72))
  Downloading Babel-2.15.0-py3-none-any.whl.metadata (1.5 kB)
Collecting backoff==2.2.1 (from -r requirements.txt (line 73))
  Downloading backoff-2.2.1-py3-none-any.whl.metadata (14 kB)
Collecting bcrypt==4.1.3 (from -r requirements.txt (line 74))
  Downloading bcrypt-4.1.3-cp39-abi3-manylinux_2_28_x86_64.whl.metadata (9.5 kB)
Collecting beautifulsoup4==4.12.3 (from -r requirements.txt (line 75))
  Downloading beautifulsoup4-4.12.3-py3-none-any.whl.metadata (3.8 kB)
Collecting billiard==4.2.0 (from -r requirements.txt (line 76))
  Downloading billiard-4.2.0-py3-none-any.whl.metadata (4.4 kB)
Collecting blinker==1.8.2 (from -r requirements.txt (line 77))
  Downloading blinker-1.8.2-py3-none-any.whl.metadata (1.6 kB)
Collecting boto3==1.34.106 (from -r requirements.txt (line 78))
  Downloading boto3-1.34.106-py3-none-any.whl.metadata (6.6 kB)
Collecting botocore==1.34.106 (from -r requirements.txt (line 79))
  Downloading botocore-1.34.106-py3-none-any.whl.metadata (5.7 kB)
Collecting cachelib==0.9.0 (from -r requirements.txt (line 80))
  Downloading cachelib-0.9.0-py3-none-any.whl.metadata (1.9 kB)
Collecting cachetools==5.3.3 (from -r requirements.txt (line 81))
  Downloading cachetools-5.3.3-py3-none-any.whl.metadata (5.3 kB)
Collecting cattrs==23.2.3 (from -r requirements.txt (line 82))
  Downloading cattrs-23.2.3-py3-none-any.whl.metadata (10 kB)
Collecting celery==5.4.0 (from -r requirements.txt (line 83))
  Downloading celery-5.4.0-py3-none-any.whl.metadata (21 kB)
Collecting certifi==2024.6.2 (from -r requirements.txt (line 84))
  Downloading certifi-2024.6.2-py3-none-any.whl.metadata (2.2 kB)
Collecting cffi==1.16.0 (from -r requirements.txt (line 85))
  Downloading cffi-1.16.0-cp311-cp311-manylinux_2_17_x86_64.manylinux2014_x86_64.whl.metadata (1.5 kB)
Collecting chardet==5.2.0 (from -r requirements.txt (line 86))
  Downloading chardet-5.2.0-py3-none-any.whl.metadata (3.4 kB)
Collecting charset-normalizer==3.3.2 (from -r requirements.txt (line 87))
  Downloading charset_normalizer-3.3.2-cp311-cp311-manylinux_2_17_x86_64.manylinux2014_x86_64.whl.metadata (33 kB)
Collecting click==8.1.7 (from -r requirements.txt (line 88))
  Downloading click-8.1.7-py3-none-any.whl.metadata (3.0 kB)
Collecting click-didyoumean==0.3.1 (from -r requirements.txt (line 89))
  Downloading click_didyoumean-0.3.1-py3-none-any.whl.metadata (3.9 kB)
Collecting click-plugins==1.1.1 (from -r requirements.txt (line 90))
  Downloading click_plugins-1.1.1-py2.py3-none-any.whl.metadata (6.4 kB)
Collecting click-repl==0.3.0 (from -r requirements.txt (line 91))
  Downloading click_repl-0.3.0-py3-none-any.whl.metadata (3.6 kB)
Collecting clickclick==20.10.2 (from -r requirements.txt (line 92))
  Downloading clickclick-20.10.2-py2.py3-none-any.whl.metadata (7.6 kB)
Collecting colorama==0.4.6 (from -r requirements.txt (line 93))
  Downloading colorama-0.4.6-py2.py3-none-any.whl.metadata (17 kB)
Collecting colorlog==4.8.0 (from -r requirements.txt (line 94))
  Downloading colorlog-4.8.0-py2.py3-none-any.whl.metadata (9.8 kB)
Collecting ConfigUpdater==3.2 (from -r requirements.txt (line 95))
  Downloading ConfigUpdater-3.2-py2.py3-none-any.whl.metadata (10 kB)
Collecting connexion==2.14.2 (from -r requirements.txt (line 96))
  Downloading connexion-2.14.2-py2.py3-none-any.whl.metadata (28 kB)
Collecting cron-descriptor==1.4.3 (from -r requirements.txt (line 97))
  Downloading cron_descriptor-1.4.3-py3-none-any.whl.metadata (5.7 kB)
Collecting croniter==2.0.5 (from -r requirements.txt (line 98))
  Downloading croniter-2.0.5-py2.py3-none-any.whl.metadata (25 kB)
Collecting cryptography==41.0.7 (from -r requirements.txt (line 99))
  Downloading cryptography-41.0.7-cp37-abi3-manylinux_2_28_x86_64.whl.metadata (5.2 kB)
Collecting db-dtypes==1.2.0 (from -r requirements.txt (line 100))
  Downloading db_dtypes-1.2.0-py2.py3-none-any.whl.metadata (3.0 kB)
Collecting decorator==5.1.1 (from -r requirements.txt (line 101))
  Downloading decorator-5.1.1-py3-none-any.whl.metadata (4.0 kB)
Collecting Deprecated==1.2.14 (from -r requirements.txt (line 102))
  Downloading Deprecated-1.2.14-py2.py3-none-any.whl.metadata (5.4 kB)
Collecting dill==0.3.8 (from -r requirements.txt (line 103))
  Downloading dill-0.3.8-py3-none-any.whl.metadata (10 kB)
Collecting distlib==0.3.8 (from -r requirements.txt (line 104))
  Downloading distlib-0.3.8-py2.py3-none-any.whl.metadata (5.1 kB)
Collecting dnspython==2.6.1 (from -r requirements.txt (line 105))
  Downloading dnspython-2.6.1-py3-none-any.whl.metadata (5.8 kB)
Collecting docker==7.1.0 (from -r requirements.txt (line 106))
  Downloading docker-7.1.0-py3-none-any.whl.metadata (3.8 kB)
Collecting docstring_parser==0.16 (from -r requirements.txt (line 107))
  Downloading docstring_parser-0.16-py3-none-any.whl.metadata (3.0 kB)
Collecting docutils==0.16 (from -r requirements.txt (line 108))
  Downloading docutils-0.16-py2.py3-none-any.whl.metadata (2.7 kB)
Collecting elastic-transport==8.13.1 (from -r requirements.txt (line 109))
  Downloading elastic_transport-8.13.1-py3-none-any.whl.metadata (3.7 kB)
Collecting elasticsearch==8.13.2 (from -r requirements.txt (line 110))
  Downloading elasticsearch-8.13.2-py3-none-any.whl.metadata (6.5 kB)
Collecting email_validator==2.1.1 (from -r requirements.txt (line 111))
  Downloading email_validator-2.1.1-py3-none-any.whl.metadata (26 kB)
Collecting eventlet==0.36.1 (from -r requirements.txt (line 112))
  Downloading eventlet-0.36.1-py3-none-any.whl.metadata (5.5 kB)
Collecting filelock==3.14.0 (from -r requirements.txt (line 113))
  Downloading filelock-3.14.0-py3-none-any.whl.metadata (2.8 kB)
Collecting Flask==2.2.5 (from -r requirements.txt (line 114))
  Downloading Flask-2.2.5-py3-none-any.whl.metadata (3.9 kB)
Collecting Flask-AppBuilder==4.4.1 (from -r requirements.txt (line 115))
  Downloading Flask_AppBuilder-4.4.1-py3-none-any.whl.metadata (8.9 kB)
Collecting Flask-Babel==2.0.0 (from -r requirements.txt (line 116))
  Downloading Flask_Babel-2.0.0-py3-none-any.whl.metadata (2.1 kB)
Collecting Flask-Caching==2.3.0 (from -r requirements.txt (line 117))
  Downloading Flask_Caching-2.3.0-py3-none-any.whl.metadata (2.2 kB)
Collecting Flask-JWT-Extended==4.6.0 (from -r requirements.txt (line 118))
  Downloading Flask_JWT_Extended-4.6.0-py2.py3-none-any.whl.metadata (3.9 kB)
Collecting Flask-Limiter==3.7.0 (from -r requirements.txt (line 119))
  Downloading Flask_Limiter-3.7.0-py3-none-any.whl.metadata (6.1 kB)
Collecting Flask-Login==0.6.3 (from -r requirements.txt (line 120))
  Downloading Flask_Login-0.6.3-py3-none-any.whl.metadata (5.8 kB)
Collecting Flask-Session==0.5.0 (from -r requirements.txt (line 121))
  Downloading flask_session-0.5.0-py3-none-any.whl.metadata (1.4 kB)
Collecting Flask-SQLAlchemy==2.5.1 (from -r requirements.txt (line 122))
  Downloading Flask_SQLAlchemy-2.5.1-py2.py3-none-any.whl.metadata (3.1 kB)
Collecting Flask-WTF==1.2.1 (from -r requirements.txt (line 123))
  Downloading flask_wtf-1.2.1-py3-none-any.whl.metadata (3.4 kB)
Collecting flower==2.0.1 (from -r requirements.txt (line 124))
  Downloading flower-2.0.1-py2.py3-none-any.whl.metadata (4.5 kB)
Collecting frozenlist==1.4.1 (from -r requirements.txt (line 125))
  Downloading frozenlist-1.4.1-cp311-cp311-manylinux_2_5_x86_64.manylinux1_x86_64.manylinux_2_17_x86_64.manylinux2014_x86_64.whl.metadata (12 kB)
Collecting fsspec==2023.12.2 (from -r requirements.txt (line 126))
  Downloading fsspec-2023.12.2-py3-none-any.whl.metadata (6.8 kB)
Collecting gcloud-aio-auth==4.2.3 (from -r requirements.txt (line 127))
  Downloading gcloud_aio_auth-4.2.3-py3-none-any.whl.metadata (4.1 kB)
Collecting gcloud-aio-bigquery==7.1.0 (from -r requirements.txt (line 128))
  Downloading gcloud_aio_bigquery-7.1.0-py3-none-any.whl.metadata (1.9 kB)
Collecting gcloud-aio-storage==9.2.0 (from -r requirements.txt (line 129))
  Downloading gcloud_aio_storage-9.2.0-py3-none-any.whl.metadata (2.1 kB)
Collecting gcsfs==2023.12.2.post1 (from -r requirements.txt (line 130))
  Downloading gcsfs-2023.12.2.post1-py2.py3-none-any.whl.metadata (1.6 kB)
Collecting gevent==24.2.1 (from -r requirements.txt (line 131))
  Downloading gevent-24.2.1-cp311-cp311-manylinux_2_28_x86_64.whl.metadata (13 kB)
Collecting google-ads==24.0.0 (from -r requirements.txt (line 132))
  Downloading google_ads-24.0.0-py3-none-any.whl.metadata (3.8 kB)
Collecting google-analytics-admin==0.22.7 (from -r requirements.txt (line 133))
  Downloading google_analytics_admin-0.22.7-py2.py3-none-any.whl.metadata (5.1 kB)
Collecting google-api-core==2.19.0 (from -r requirements.txt (line 134))
  Downloading google_api_core-2.19.0-py3-none-any.whl.metadata (2.7 kB)
Collecting google-api-python-client==2.132.0 (from -r requirements.txt (line 135))
  Downloading google_api_python_client-2.132.0-py2.py3-none-any.whl.metadata (6.7 kB)
Collecting google-auth==2.29.0 (from -r requirements.txt (line 136))
  Downloading google_auth-2.29.0-py2.py3-none-any.whl.metadata (4.7 kB)
Collecting google-auth-httplib2==0.2.0 (from -r requirements.txt (line 137))
  Downloading google_auth_httplib2-0.2.0-py2.py3-none-any.whl.metadata (2.2 kB)
Collecting google-auth-oauthlib==1.2.0 (from -r requirements.txt (line 138))
  Downloading google_auth_oauthlib-1.2.0-py2.py3-none-any.whl.metadata (2.7 kB)
Collecting google-cloud-aiplatform==1.53.0 (from -r requirements.txt (line 139))
  Downloading google_cloud_aiplatform-1.53.0-py2.py3-none-any.whl.metadata (30 kB)
Collecting google-cloud-appengine-logging==1.4.3 (from -r requirements.txt (line 140))
  Downloading google_cloud_appengine_logging-1.4.3-py2.py3-none-any.whl.metadata (5.4 kB)
Collecting google-cloud-audit-log==0.2.5 (from -r requirements.txt (line 141))
  Downloading google_cloud_audit_log-0.2.5-py2.py3-none-any.whl.metadata (1.4 kB)
Collecting google-cloud-automl==2.13.3 (from -r requirements.txt (line 142))
  Downloading google_cloud_automl-2.13.3-py2.py3-none-any.whl.metadata (6.1 kB)
Collecting google-cloud-batch==0.17.21 (from -r requirements.txt (line 143))
  Downloading google_cloud_batch-0.17.21-py2.py3-none-any.whl.metadata (5.0 kB)
Collecting google-cloud-bigquery==3.20.1 (from -r requirements.txt (line 144))
  Downloading google_cloud_bigquery-3.20.1-py2.py3-none-any.whl.metadata (8.9 kB)
Collecting google-cloud-bigquery-datatransfer==3.15.3 (from -r requirements.txt (line 145))
  Downloading google_cloud_bigquery_datatransfer-3.15.3-py2.py3-none-any.whl.metadata (5.4 kB)
Collecting google-cloud-bigtable==2.23.1 (from -r requirements.txt (line 146))
  Downloading google_cloud_bigtable-2.23.1-py2.py3-none-any.whl.metadata (5.2 kB)
Collecting google-cloud-build==3.24.0 (from -r requirements.txt (line 147))
  Downloading google_cloud_build-3.24.0-py2.py3-none-any.whl.metadata (5.3 kB)
Collecting google-cloud-compute==1.19.0 (from -r requirements.txt (line 148))
  Downloading google_cloud_compute-1.19.0-py2.py3-none-any.whl.metadata (5.9 kB)
Collecting google-cloud-container==2.46.0 (from -r requirements.txt (line 149))
  Downloading google_cloud_container-2.46.0-py2.py3-none-any.whl.metadata (5.2 kB)
Collecting google-cloud-core==2.4.1 (from -r requirements.txt (line 150))
  Downloading google_cloud_core-2.4.1-py2.py3-none-any.whl.metadata (2.7 kB)
Collecting google-cloud-datacatalog==3.19.0 (from -r requirements.txt (line 151))
  Downloading google_cloud_datacatalog-3.19.0-py2.py3-none-any.whl.metadata (5.3 kB)
Collecting google-cloud-dataflow-client==0.8.10 (from -r requirements.txt (line 152))
  Downloading google_cloud_dataflow_client-0.8.10-py2.py3-none-any.whl.metadata (5.1 kB)
Collecting google-cloud-dataform==0.5.9 (from -r requirements.txt (line 153))
  Downloading google_cloud_dataform-0.5.9-py2.py3-none-any.whl.metadata (5.0 kB)
Collecting google-cloud-dataplex==2.0.0 (from -r requirements.txt (line 154))
  Downloading google_cloud_dataplex-2.0.0-py2.py3-none-any.whl.metadata (5.3 kB)
Collecting google-cloud-dataproc==5.9.3 (from -r requirements.txt (line 155))
  Downloading google_cloud_dataproc-5.9.3-py2.py3-none-any.whl.metadata (5.2 kB)
Collecting google-cloud-dataproc-metastore==1.15.3 (from -r requirements.txt (line 156))
  Downloading google_cloud_dataproc_metastore-1.15.3-py2.py3-none-any.whl.metadata (5.5 kB)
Collecting google-cloud-dlp==3.18.0 (from -r requirements.txt (line 157))
  Downloading google_cloud_dlp-3.18.0-py2.py3-none-any.whl.metadata (5.3 kB)
Collecting google-cloud-kms==2.23.0 (from -r requirements.txt (line 158))
  Downloading google_cloud_kms-2.23.0-py2.py3-none-any.whl.metadata (5.7 kB)
Collecting google-cloud-language==2.13.3 (from -r requirements.txt (line 159))
  Downloading google_cloud_language-2.13.3-py2.py3-none-any.whl.metadata (5.3 kB)
Collecting google-cloud-logging==3.10.0 (from -r requirements.txt (line 160))
  Downloading google_cloud_logging-3.10.0-py2.py3-none-any.whl.metadata (4.9 kB)
Collecting google-cloud-memcache==1.9.3 (from -r requirements.txt (line 161))
  Downloading google_cloud_memcache-1.9.3-py2.py3-none-any.whl.metadata (5.3 kB)
Collecting google-cloud-monitoring==2.21.0 (from -r requirements.txt (line 162))
  Downloading google_cloud_monitoring-2.21.0-py2.py3-none-any.whl.metadata (5.7 kB)
Collecting google-cloud-orchestration-airflow==1.12.1 (from -r requirements.txt (line 163))
  Downloading google_cloud_orchestration_airflow-1.12.1-py2.py3-none-any.whl.metadata (5.5 kB)
Collecting google-cloud-os-login==2.14.3 (from -r requirements.txt (line 164))
  Downloading google_cloud_os_login-2.14.3-py2.py3-none-any.whl.metadata (5.1 kB)
Collecting google-cloud-pubsub==2.21.2 (from -r requirements.txt (line 165))
  Downloading google_cloud_pubsub-2.21.2-py2.py3-none-any.whl.metadata (9.3 kB)
Collecting google-cloud-redis==2.15.3 (from -r requirements.txt (line 166))
  Downloading google_cloud_redis-2.15.3-py2.py3-none-any.whl.metadata (5.3 kB)
Collecting google-cloud-resource-manager==1.12.3 (from -r requirements.txt (line 167))
  Downloading google_cloud_resource_manager-1.12.3-py2.py3-none-any.whl.metadata (5.3 kB)
Collecting google-cloud-run==0.10.5 (from -r requirements.txt (line 168))
  Downloading google_cloud_run-0.10.5-py2.py3-none-any.whl.metadata (5.1 kB)
Collecting google-cloud-secret-manager==2.20.0 (from -r requirements.txt (line 169))
  Downloading google_cloud_secret_manager-2.20.0-py2.py3-none-any.whl.metadata (5.2 kB)
Collecting google-cloud-spanner==3.47.0 (from -r requirements.txt (line 170))
  Downloading google_cloud_spanner-3.47.0-py2.py3-none-any.whl.metadata (10 kB)
Collecting google-cloud-speech==2.26.0 (from -r requirements.txt (line 171))
  Downloading google_cloud_speech-2.26.0-py2.py3-none-any.whl.metadata (5.2 kB)
Collecting google-cloud-storage==2.16.0 (from -r requirements.txt (line 172))
  Downloading google_cloud_storage-2.16.0-py2.py3-none-any.whl.metadata (6.1 kB)
Collecting google-cloud-storage-transfer==1.11.3 (from -r requirements.txt (line 173))
  Downloading google_cloud_storage_transfer-1.11.3-py2.py3-none-any.whl.metadata (5.3 kB)
Collecting google-cloud-tasks==2.16.3 (from -r requirements.txt (line 174))
  Downloading google_cloud_tasks-2.16.3-py2.py3-none-any.whl.metadata (5.3 kB)
Collecting google-cloud-texttospeech==2.16.3 (from -r requirements.txt (line 175))
  Downloading google_cloud_texttospeech-2.16.3-py2.py3-none-any.whl.metadata (5.4 kB)
Collecting google-cloud-translate==3.15.3 (from -r requirements.txt (line 176))
  Downloading google_cloud_translate-3.15.3-py2.py3-none-any.whl.metadata (5.3 kB)
Collecting google-cloud-videointelligence==2.13.3 (from -r requirements.txt (line 177))
  Downloading google_cloud_videointelligence-2.13.3-py2.py3-none-any.whl.metadata (5.7 kB)
Collecting google-cloud-vision==3.7.2 (from -r requirements.txt (line 178))
  Downloading google_cloud_vision-3.7.2-py2.py3-none-any.whl.metadata (5.2 kB)
Collecting google-cloud-workflows==1.14.3 (from -r requirements.txt (line 179))
  Downloading google_cloud_workflows-1.14.3-py2.py3-none-any.whl.metadata (5.1 kB)
Collecting google-crc32c==1.5.0 (from -r requirements.txt (line 180))
  Downloading google_crc32c-1.5.0-cp311-cp311-manylinux_2_17_x86_64.manylinux2014_x86_64.whl.metadata (2.3 kB)
Collecting google-re2==1.1.20240601 (from -r requirements.txt (line 181))
  Downloading google_re2-1.1.20240601-3-cp311-cp311-manylinux_2_24_x86_64.manylinux_2_28_x86_64.whl.metadata (2.2 kB)
Collecting google-resumable-media==2.7.0 (from -r requirements.txt (line 182))
  Downloading google_resumable_media-2.7.0-py2.py3-none-any.whl.metadata (2.2 kB)
Collecting googleapis-common-protos==1.63.1 (from -r requirements.txt (line 183))
  Downloading googleapis_common_protos-1.63.1-py2.py3-none-any.whl.metadata (1.5 kB)
Collecting graphviz==0.20.3 (from -r requirements.txt (line 184))
  Downloading graphviz-0.20.3-py3-none-any.whl.metadata (12 kB)
Collecting greenlet==3.0.3 (from -r requirements.txt (line 185))
  Downloading greenlet-3.0.3-cp311-cp311-manylinux_2_24_x86_64.manylinux_2_28_x86_64.whl.metadata (3.8 kB)
Collecting grpc-google-iam-v1==0.13.0 (from -r requirements.txt (line 186))
  Downloading grpc_google_iam_v1-0.13.0-py2.py3-none-any.whl.metadata (3.3 kB)
Collecting grpc-interceptor==0.15.4 (from -r requirements.txt (line 187))
  Downloading grpc_interceptor-0.15.4-py3-none-any.whl.metadata (8.4 kB)
Collecting grpcio==1.64.1 (from -r requirements.txt (line 188))
  Downloading grpcio-1.64.1-cp311-cp311-manylinux_2_17_x86_64.manylinux2014_x86_64.whl.metadata (3.3 kB)
Collecting grpcio-gcp==0.2.2 (from -r requirements.txt (line 189))
  Downloading grpcio_gcp-0.2.2-py2.py3-none-any.whl.metadata (2.3 kB)
Collecting grpcio-status==1.62.2 (from -r requirements.txt (line 190))
  Downloading grpcio_status-1.62.2-py3-none-any.whl.metadata (1.3 kB)
Collecting gunicorn==22.0.0 (from -r requirements.txt (line 191))
  Downloading gunicorn-22.0.0-py3-none-any.whl.metadata (4.4 kB)
Collecting h11==0.14.0 (from -r requirements.txt (line 192))
  Downloading h11-0.14.0-py3-none-any.whl.metadata (8.2 kB)
Collecting h2==4.1.0 (from -r requirements.txt (line 193))
  Downloading h2-4.1.0-py3-none-any.whl.metadata (3.6 kB)
Collecting hpack==4.0.0 (from -r requirements.txt (line 194))
  Downloading hpack-4.0.0-py3-none-any.whl.metadata (2.5 kB)
Collecting httpcore==0.16.3 (from -r requirements.txt (line 195))
  Downloading httpcore-0.16.3-py3-none-any.whl.metadata (16 kB)
Collecting httplib2==0.22.0 (from -r requirements.txt (line 196))
  Downloading httplib2-0.22.0-py3-none-any.whl.metadata (2.6 kB)
Collecting httpx==0.23.3 (from -r requirements.txt (line 197))
  Downloading httpx-0.23.3-py3-none-any.whl.metadata (7.1 kB)
Collecting humanize==4.9.0 (from -r requirements.txt (line 198))
  Downloading humanize-4.9.0-py3-none-any.whl.metadata (7.9 kB)
Collecting hvac==2.2.0 (from -r requirements.txt (line 199))
  Downloading hvac-2.2.0-py3-none-any.whl.metadata (3.3 kB)
Collecting hyperframe==6.0.1 (from -r requirements.txt (line 200))
  Downloading hyperframe-6.0.1-py3-none-any.whl.metadata (2.7 kB)
Collecting idna==3.7 (from -r requirements.txt (line 201))
  Downloading idna-3.7-py3-none-any.whl.metadata (9.9 kB)
Collecting ijson==3.2.3 (from -r requirements.txt (line 202))
  Downloading ijson-3.2.3-cp311-cp311-manylinux_2_17_x86_64.manylinux2014_x86_64.whl.metadata (20 kB)
Collecting importlib-metadata==6.11.0 (from -r requirements.txt (line 203))
  Downloading importlib_metadata-6.11.0-py3-none-any.whl.metadata (4.9 kB)
Collecting importlib_resources==6.4.0 (from -r requirements.txt (line 204))
  Downloading importlib_resources-6.4.0-py3-none-any.whl.metadata (3.9 kB)
Collecting inflection==0.5.1 (from -r requirements.txt (line 205))
  Downloading inflection-0.5.1-py2.py3-none-any.whl.metadata (1.7 kB)
Collecting isodate==0.6.1 (from -r requirements.txt (line 206))
  Downloading isodate-0.6.1-py2.py3-none-any.whl.metadata (9.6 kB)
Collecting itsdangerous==2.2.0 (from -r requirements.txt (line 207))
  Downloading itsdangerous-2.2.0-py3-none-any.whl.metadata (1.9 kB)
Collecting Jinja2==3.1.4 (from -r requirements.txt (line 208))
  Downloading jinja2-3.1.4-py3-none-any.whl.metadata (2.6 kB)
Collecting jmespath==0.10.0 (from -r requirements.txt (line 209))
  Downloading jmespath-0.10.0-py2.py3-none-any.whl.metadata (8.0 kB)
Collecting json-merge-patch==0.2 (from -r requirements.txt (line 210))
  Downloading json-merge-patch-0.2.tar.gz (3.1 kB)
  Installing build dependencies: started
  Installing build dependencies: finished with status 'done'
  Getting requirements to build wheel: started
  Getting requirements to build wheel: finished with status 'done'
  Preparing metadata (pyproject.toml): started
  Preparing metadata (pyproject.toml): finished with status 'done'
Collecting jsonpath-ng==1.6.1 (from -r requirements.txt (line 211))
  Downloading jsonpath_ng-1.6.1-py3-none-any.whl.metadata (18 kB)
Collecting jsonschema==4.22.0 (from -r requirements.txt (line 212))
  Downloading jsonschema-4.22.0-py3-none-any.whl.metadata (8.2 kB)
Collecting jsonschema-specifications==2023.12.1 (from -r requirements.txt (line 213))
  Downloading jsonschema_specifications-2023.12.1-py3-none-any.whl.metadata (3.0 kB)
Collecting kombu==5.3.7 (from -r requirements.txt (line 214))
  Downloading kombu-5.3.7-py3-none-any.whl.metadata (3.1 kB)
Collecting kubernetes==29.0.0 (from -r requirements.txt (line 215))
  Downloading kubernetes-29.0.0-py2.py3-none-any.whl.metadata (1.5 kB)
Collecting kubernetes_asyncio==29.0.0 (from -r requirements.txt (line 216))
  Downloading kubernetes_asyncio-29.0.0-py3-none-any.whl.metadata (1.3 kB)
Collecting lazy-object-proxy==1.10.0 (from -r requirements.txt (line 217))
  Downloading lazy_object_proxy-1.10.0-cp311-cp311-manylinux_2_5_x86_64.manylinux1_x86_64.manylinux_2_17_x86_64.manylinux2014_x86_64.whl.metadata (7.8 kB)
Collecting ldap3==2.9.1 (from -r requirements.txt (line 218))
  Downloading ldap3-2.9.1-py2.py3-none-any.whl.metadata (5.4 kB)
Collecting limits==3.12.0 (from -r requirements.txt (line 219))
  Downloading limits-3.12.0-py3-none-any.whl.metadata (7.2 kB)
Collecting linkify-it-py==2.0.3 (from -r requirements.txt (line 220))
  Downloading linkify_it_py-2.0.3-py3-none-any.whl.metadata (8.5 kB)
Collecting lockfile==0.12.2 (from -r requirements.txt (line 221))
  Downloading lockfile-0.12.2-py2.py3-none-any.whl.metadata (2.4 kB)
Collecting looker-sdk==24.8.0 (from -r requirements.txt (line 222))
  Downloading looker_sdk-24.8.0-py3-none-any.whl.metadata (7.0 kB)
Collecting lxml==5.2.2 (from -r requirements.txt (line 223))
  Downloading lxml-5.2.2-cp311-cp311-manylinux_2_28_x86_64.whl.metadata (3.4 kB)
Collecting Mako==1.3.5 (from -r requirements.txt (line 224))
  Downloading Mako-1.3.5-py3-none-any.whl.metadata (2.9 kB)
Collecting markdown-it-py==3.0.0 (from -r requirements.txt (line 225))
  Downloading markdown_it_py-3.0.0-py3-none-any.whl.metadata (6.9 kB)
Collecting MarkupSafe==2.1.5 (from -r requirements.txt (line 226))
  Downloading MarkupSafe-2.1.5-cp311-cp311-manylinux_2_17_x86_64.manylinux2014_x86_64.whl.metadata (3.0 kB)
Collecting marshmallow==3.21.3 (from -r requirements.txt (line 227))
  Downloading marshmallow-3.21.3-py3-none-any.whl.metadata (7.1 kB)
Collecting marshmallow-oneofschema==3.1.1 (from -r requirements.txt (line 228))
  Downloading marshmallow_oneofschema-3.1.1-py3-none-any.whl.metadata (5.0 kB)
Collecting marshmallow-sqlalchemy==0.28.2 (from -r requirements.txt (line 229))
  Downloading marshmallow_sqlalchemy-0.28.2-py2.py3-none-any.whl.metadata (6.8 kB)
Collecting mdit-py-plugins==0.4.1 (from -r requirements.txt (line 230))
  Downloading mdit_py_plugins-0.4.1-py3-none-any.whl.metadata (2.8 kB)
Collecting mdurl==0.1.2 (from -r requirements.txt (line 231))
  Downloading mdurl-0.1.2-py3-none-any.whl.metadata (1.6 kB)
Collecting methodtools==0.4.7 (from -r requirements.txt (line 232))
  Downloading methodtools-0.4.7-py2.py3-none-any.whl.metadata (3.0 kB)
Collecting microsoft-kiota-abstractions==1.3.3 (from -r requirements.txt (line 233))
  Downloading microsoft_kiota_abstractions-1.3.3-py2.py3-none-any.whl.metadata (3.4 kB)
Collecting microsoft-kiota-authentication-azure==1.0.0 (from -r requirements.txt (line 234))
  Downloading microsoft_kiota_authentication_azure-1.0.0-py2.py3-none-any.whl.metadata (3.6 kB)
Collecting microsoft-kiota-http==1.3.1 (from -r requirements.txt (line 235))
  Downloading microsoft_kiota_http-1.3.1-py2.py3-none-any.whl.metadata (3.4 kB)
Collecting more-itertools==10.2.0 (from -r requirements.txt (line 236))
  Downloading more_itertools-10.2.0-py3-none-any.whl.metadata (34 kB)
Collecting msal==1.28.0 (from -r requirements.txt (line 237))
  Downloading msal-1.28.0-py3-none-any.whl.metadata (11 kB)
Collecting msal-extensions==1.1.0 (from -r requirements.txt (line 238))
  Downloading msal_extensions-1.1.0-py3-none-any.whl.metadata (7.7 kB)
Collecting msgraph-core==1.0.0 (from -r requirements.txt (line 239))
  Downloading msgraph_core-1.0.0-py3-none-any.whl.metadata (7.4 kB)
Collecting msrest==0.7.1 (from -r requirements.txt (line 240))
  Downloading msrest-0.7.1-py3-none-any.whl.metadata (21 kB)
Collecting msrestazure==0.6.4.post1 (from -r requirements.txt (line 241))
  Downloading msrestazure-0.6.4.post1-py2.py3-none-any.whl.metadata (15 kB)
Collecting multidict==6.0.5 (from -r requirements.txt (line 242))
  Downloading multidict-6.0.5-cp311-cp311-manylinux_2_17_x86_64.manylinux2014_x86_64.whl.metadata (4.2 kB)
Collecting mysql-connector-python==8.4.0 (from -r requirements.txt (line 243))
  Downloading mysql_connector_python-8.4.0-cp311-cp311-manylinux_2_17_x86_64.whl.metadata (1.9 kB)
Collecting mysqlclient==2.2.4 (from -r requirements.txt (line 244))
  Downloading mysqlclient-2.2.4.tar.gz (90 kB)
  Installing build dependencies: started
  Installing build dependencies: finished with status 'done'
  Getting requirements to build wheel: started
  Getting requirements to build wheel: finished with status 'done'
  Preparing metadata (pyproject.toml): started
  Preparing metadata (pyproject.toml): finished with status 'done'
Collecting numpy==1.26.4 (from -r requirements.txt (line 245))
  Downloading numpy-1.26.4-cp311-cp311-manylinux_2_17_x86_64.manylinux2014_x86_64.whl.metadata (61 kB)
Collecting oauthlib==3.2.2 (from -r requirements.txt (line 246))
  Downloading oauthlib-3.2.2-py3-none-any.whl.metadata (7.5 kB)
Collecting openlineage-integration-common==1.16.0 (from -r requirements.txt (line 247))
  Downloading openlineage_integration_common-1.16.0-py3-none-any.whl.metadata (3.9 kB)
Collecting openlineage-python==1.16.0 (from -r requirements.txt (line 248))
  Downloading openlineage_python-1.16.0-py3-none-any.whl.metadata (1.7 kB)
Collecting openlineage_sql==1.16.0 (from -r requirements.txt (line 249))
  Downloading openlineage_sql-1.16.0-cp37-abi3-manylinux_2_17_x86_64.manylinux2014_x86_64.whl.metadata (502 bytes)
Collecting opentelemetry-api==1.25.0 (from -r requirements.txt (line 250))
  Downloading opentelemetry_api-1.25.0-py3-none-any.whl.metadata (1.4 kB)
Collecting opentelemetry-exporter-otlp==1.25.0 (from -r requirements.txt (line 251))
  Downloading opentelemetry_exporter_otlp-1.25.0-py3-none-any.whl.metadata (2.3 kB)
Collecting opentelemetry-exporter-otlp-proto-common==1.25.0 (from -r requirements.txt (line 252))
  Downloading opentelemetry_exporter_otlp_proto_common-1.25.0-py3-none-any.whl.metadata (1.7 kB)
Collecting opentelemetry-exporter-otlp-proto-grpc==1.25.0 (from -r requirements.txt (line 253))
  Downloading opentelemetry_exporter_otlp_proto_grpc-1.25.0-py3-none-any.whl.metadata (2.2 kB)
Collecting opentelemetry-exporter-otlp-proto-http==1.25.0 (from -r requirements.txt (line 254))
  Downloading opentelemetry_exporter_otlp_proto_http-1.25.0-py3-none-any.whl.metadata (2.2 kB)
Collecting opentelemetry-proto==1.25.0 (from -r requirements.txt (line 255))
  Downloading opentelemetry_proto-1.25.0-py3-none-any.whl.metadata (2.2 kB)
Collecting opentelemetry-sdk==1.25.0 (from -r requirements.txt (line 256))
  Downloading opentelemetry_sdk-1.25.0-py3-none-any.whl.metadata (1.4 kB)
Collecting opentelemetry-semantic-conventions==0.46b0 (from -r requirements.txt (line 257))
  Downloading opentelemetry_semantic_conventions-0.46b0-py3-none-any.whl.metadata (2.3 kB)
Collecting ordered-set==4.1.0 (from -r requirements.txt (line 258))
  Downloading ordered_set-4.1.0-py3-none-any.whl.metadata (5.3 kB)
Collecting packaging==24.0 (from -r requirements.txt (line 259))
  Downloading packaging-24.0-py3-none-any.whl.metadata (3.2 kB)
Collecting pandas==2.1.4 (from -r requirements.txt (line 260))
  Downloading pandas-2.1.4-cp311-cp311-manylinux_2_17_x86_64.manylinux2014_x86_64.whl.metadata (18 kB)
Collecting pandas-gbq==0.23.0 (from -r requirements.txt (line 261))
  Downloading pandas_gbq-0.23.0-py2.py3-none-any.whl.metadata (3.4 kB)
Collecting paramiko==3.4.0 (from -r requirements.txt (line 262))
  Downloading paramiko-3.4.0-py3-none-any.whl.metadata (4.4 kB)
Collecting pathspec==0.12.1 (from -r requirements.txt (line 263))
  Downloading pathspec-0.12.1-py3-none-any.whl.metadata (21 kB)
Collecting pendulum==3.0.0 (from -r requirements.txt (line 264))
  Downloading pendulum-3.0.0-cp311-cp311-manylinux_2_17_x86_64.manylinux2014_x86_64.whl.metadata (6.9 kB)
Collecting platformdirs==4.2.2 (from -r requirements.txt (line 265))
  Downloading platformdirs-4.2.2-py3-none-any.whl.metadata (11 kB)
Collecting pluggy==1.5.0 (from -r requirements.txt (line 266))
  Downloading pluggy-1.5.0-py3-none-any.whl.metadata (4.8 kB)
Collecting ply==3.11 (from -r requirements.txt (line 267))
  Downloading ply-3.11-py2.py3-none-any.whl.metadata (844 bytes)
Collecting portalocker==2.8.2 (from -r requirements.txt (line 268))
  Downloading portalocker-2.8.2-py3-none-any.whl.metadata (8.5 kB)
Collecting prison==0.2.1 (from -r requirements.txt (line 269))
  Downloading prison-0.2.1-py2.py3-none-any.whl.metadata (973 bytes)
Collecting prometheus_client==0.20.0 (from -r requirements.txt (line 270))
  Downloading prometheus_client-0.20.0-py3-none-any.whl.metadata (1.8 kB)
Collecting prompt_toolkit==3.0.46 (from -r requirements.txt (line 271))
  Downloading prompt_toolkit-3.0.46-py3-none-any.whl.metadata (6.4 kB)
Collecting proto-plus==1.23.0 (from -r requirements.txt (line 272))
  Downloading proto_plus-1.23.0-py3-none-any.whl.metadata (2.2 kB)
Collecting protobuf==4.25.3 (from -r requirements.txt (line 273))
  Downloading protobuf-4.25.3-cp37-abi3-manylinux2014_x86_64.whl.metadata (541 bytes)
Collecting psutil==5.9.8 (from -r requirements.txt (line 274))
  Downloading psutil-5.9.8-cp36-abi3-manylinux_2_12_x86_64.manylinux2010_x86_64.manylinux_2_17_x86_64.manylinux2014_x86_64.whl.metadata (21 kB)
Collecting psycopg2-binary==2.9.9 (from -r requirements.txt (line 275))
  Downloading psycopg2_binary-2.9.9-cp311-cp311-manylinux_2_17_x86_64.manylinux2014_x86_64.whl.metadata (4.4 kB)
Collecting pyarrow==16.1.0 (from -r requirements.txt (line 276))
  Downloading pyarrow-16.1.0-cp311-cp311-manylinux_2_28_x86_64.whl.metadata (3.0 kB)
Collecting pyasn1==0.5.1 (from -r requirements.txt (line 277))
  Downloading pyasn1-0.5.1-py2.py3-none-any.whl.metadata (8.6 kB)
Collecting pyasn1-modules==0.3.0 (from -r requirements.txt (line 278))
  Downloading pyasn1_modules-0.3.0-py2.py3-none-any.whl.metadata (3.6 kB)
Collecting PyAthena==3.8.3 (from -r requirements.txt (line 279))
  Downloading pyathena-3.8.3-py3-none-any.whl.metadata (6.2 kB)
Collecting pycparser==2.22 (from -r requirements.txt (line 280))
  Downloading pycparser-2.22-py3-none-any.whl.metadata (943 bytes)
Collecting pydantic==2.7.3 (from -r requirements.txt (line 281))
  Downloading pydantic-2.7.3-py3-none-any.whl.metadata (108 kB)
Collecting pydantic_core==2.18.4 (from -r requirements.txt (line 282))
  Downloading pydantic_core-2.18.4-cp311-cp311-manylinux_2_17_x86_64.manylinux2014_x86_64.whl.metadata (6.5 kB)
Collecting pydata-google-auth==1.8.2 (from -r requirements.txt (line 283))
  Downloading pydata_google_auth-1.8.2-py2.py3-none-any.whl.metadata (3.2 kB)
Collecting Pygments==2.18.0 (from -r requirements.txt (line 284))
  Downloading pygments-2.18.0-py3-none-any.whl.metadata (2.5 kB)
Collecting PyJWT==2.8.0 (from -r requirements.txt (line 285))
  Downloading PyJWT-2.8.0-py3-none-any.whl.metadata (4.2 kB)
Collecting PyNaCl==1.5.0 (from -r requirements.txt (line 286))
  Downloading PyNaCl-1.5.0-cp36-abi3-manylinux_2_17_x86_64.manylinux2014_x86_64.manylinux_2_24_x86_64.whl.metadata (8.6 kB)
Collecting pyodbc==5.1.0 (from -r requirements.txt (line 287))
  Downloading pyodbc-5.1.0-cp311-cp311-manylinux_2_17_x86_64.manylinux2014_x86_64.whl.metadata (2.7 kB)
Collecting pyOpenSSL==24.1.0 (from -r requirements.txt (line 288))
  Downloading pyOpenSSL-24.1.0-py3-none-any.whl.metadata (12 kB)
Collecting pyparsing==3.1.2 (from -r requirements.txt (line 289))
  Downloading pyparsing-3.1.2-py3-none-any.whl.metadata (5.1 kB)
Collecting python-daemon==3.0.1 (from -r requirements.txt (line 290))
  Downloading python_daemon-3.0.1-py3-none-any.whl.metadata (2.2 kB)
Collecting python-dateutil==2.9.0.post0 (from -r requirements.txt (line 291))
  Downloading python_dateutil-2.9.0.post0-py2.py3-none-any.whl.metadata (8.4 kB)
Collecting python-dotenv==1.0.1 (from -r requirements.txt (line 292))
  Downloading python_dotenv-1.0.1-py3-none-any.whl.metadata (23 kB)
Collecting python-http-client==3.3.7 (from -r requirements.txt (line 293))
  Downloading python_http_client-3.3.7-py3-none-any.whl.metadata (6.9 kB)
Collecting python-ldap==3.4.4 (from -r requirements.txt (line 294))
  Downloading python-ldap-3.4.4.tar.gz (377 kB)
  Installing build dependencies: started
  Installing build dependencies: finished with status 'done'
  Getting requirements to build wheel: started
  Getting requirements to build wheel: finished with status 'done'
  Preparing metadata (pyproject.toml): started
  Preparing metadata (pyproject.toml): finished with status 'done'
Collecting python-nvd3==0.16.0 (from -r requirements.txt (line 295))
  Downloading python-nvd3-0.16.0.tar.gz (34 kB)
  Installing build dependencies: started
  Installing build dependencies: finished with status 'done'
  Getting requirements to build wheel: started
  Getting requirements to build wheel: finished with status 'done'
  Preparing metadata (pyproject.toml): started
  Preparing metadata (pyproject.toml): finished with status 'done'
Collecting python-slugify==8.0.4 (from -r requirements.txt (line 296))
  Downloading python_slugify-8.0.4-py2.py3-none-any.whl.metadata (8.5 kB)
Collecting pytz==2024.1 (from -r requirements.txt (line 297))
  Downloading pytz-2024.1-py2.py3-none-any.whl.metadata (22 kB)
Collecting PyYAML==6.0.1 (from -r requirements.txt (line 298))
  Downloading PyYAML-6.0.1-cp311-cp311-manylinux_2_17_x86_64.manylinux2014_x86_64.whl.metadata (2.1 kB)
Collecting redis==5.0.4 (from -r requirements.txt (line 299))
  Downloading redis-5.0.4-py3-none-any.whl.metadata (9.3 kB)
Collecting redshift-connector==2.1.1 (from -r requirements.txt (line 300))
  Downloading redshift_connector-2.1.1-py3-none-any.whl.metadata (66 kB)
Collecting referencing==0.31.1 (from -r requirements.txt (line 301))
  Downloading referencing-0.31.1-py3-none-any.whl.metadata (2.7 kB)
Collecting requests==2.31.0 (from -r requirements.txt (line 302))
  Downloading requests-2.31.0-py3-none-any.whl.metadata (4.6 kB)
Collecting requests-oauthlib==1.3.1 (from -r requirements.txt (line 303))
  Downloading requests_oauthlib-1.3.1-py2.py3-none-any.whl.metadata (10 kB)
Collecting requests-toolbelt==1.0.0 (from -r requirements.txt (line 304))
  Downloading requests_toolbelt-1.0.0-py2.py3-none-any.whl.metadata (14 kB)
Collecting rfc3339-validator==0.1.4 (from -r requirements.txt (line 305))
  Downloading rfc3339_validator-0.1.4-py2.py3-none-any.whl.metadata (1.5 kB)
Collecting rfc3986==1.5.0 (from -r requirements.txt (line 306))
  Downloading rfc3986-1.5.0-py2.py3-none-any.whl.metadata (6.5 kB)
Collecting rich==13.7.1 (from -r requirements.txt (line 307))
  Downloading rich-13.7.1-py3-none-any.whl.metadata (18 kB)
Collecting rich-argparse==1.5.0 (from -r requirements.txt (line 308))
  Downloading rich_argparse-1.5.0-py3-none-any.whl.metadata (14 kB)
Collecting rpds-py==0.18.1 (from -r requirements.txt (line 309))
  Downloading rpds_py-0.18.1-cp311-cp311-manylinux_2_17_x86_64.manylinux2014_x86_64.whl.metadata (4.1 kB)
Collecting rsa==4.9 (from -r requirements.txt (line 310))
  Downloading rsa-4.9-py3-none-any.whl.metadata (4.2 kB)
Collecting s3transfer==0.10.1 (from -r requirements.txt (line 311))
  Downloading s3transfer-0.10.1-py3-none-any.whl.metadata (1.7 kB)
Collecting scramp==1.4.5 (from -r requirements.txt (line 312))
  Downloading scramp-1.4.5-py3-none-any.whl.metadata (19 kB)
Collecting sendgrid==6.11.0 (from -r requirements.txt (line 313))
  Downloading sendgrid-6.11.0-py3-none-any.whl.metadata (11 kB)
Collecting setproctitle==1.3.3 (from -r requirements.txt (line 314))
  Downloading setproctitle-1.3.3-cp311-cp311-manylinux_2_5_x86_64.manylinux1_x86_64.manylinux_2_17_x86_64.manylinux2014_x86_64.whl.metadata (9.9 kB)
Collecting setuptools==66.1.1 (from -r requirements.txt (line 315))
  Downloading setuptools-66.1.1-py3-none-any.whl.metadata (6.2 kB)
Collecting shapely==2.0.4 (from -r requirements.txt (line 316))
  Downloading shapely-2.0.4-cp311-cp311-manylinux_2_17_x86_64.manylinux2014_x86_64.whl.metadata (7.0 kB)
Collecting six==1.16.0 (from -r requirements.txt (line 317))
  Downloading six-1.16.0-py2.py3-none-any.whl.metadata (1.8 kB)
Collecting slack_sdk==3.27.2 (from -r requirements.txt (line 318))
  Downloading slack_sdk-3.27.2-py2.py3-none-any.whl.metadata (15 kB)
Collecting sniffio==1.3.1 (from -r requirements.txt (line 319))
  Downloading sniffio-1.3.1-py3-none-any.whl.metadata (3.9 kB)
Collecting snowflake-connector-python==3.10.1 (from -r requirements.txt (line 320))
  Downloading snowflake_connector_python-3.10.1-cp311-cp311-manylinux_2_17_x86_64.manylinux2014_x86_64.whl.metadata (62 kB)
Collecting snowflake-sqlalchemy==1.5.3 (from -r requirements.txt (line 321))
  Downloading snowflake_sqlalchemy-1.5.3-py3-none-any.whl.metadata (20 kB)
Collecting sortedcontainers==2.4.0 (from -r requirements.txt (line 322))
  Downloading sortedcontainers-2.4.0-py2.py3-none-any.whl.metadata (10 kB)
Collecting soupsieve==2.5 (from -r requirements.txt (line 323))
  Downloading soupsieve-2.5-py3-none-any.whl.metadata (4.7 kB)
Collecting SQLAlchemy==1.4.52 (from -r requirements.txt (line 324))
  Downloading SQLAlchemy-1.4.52-cp311-cp311-manylinux_2_5_x86_64.manylinux1_x86_64.manylinux_2_17_x86_64.manylinux2014_x86_64.whl.metadata (10 kB)
Collecting sqlalchemy-bigquery==1.11.0 (from -r requirements.txt (line 325))
  Downloading sqlalchemy_bigquery-1.11.0-py2.py3-none-any.whl.metadata (15 kB)
Collecting SQLAlchemy-JSONField==1.0.2 (from -r requirements.txt (line 326))
  Downloading SQLAlchemy_JSONField-1.0.2-py3-none-any.whl.metadata (5.2 kB)
Collecting sqlalchemy-redshift==0.8.14 (from -r requirements.txt (line 327))
  Downloading sqlalchemy_redshift-0.8.14-py2.py3-none-any.whl.metadata (18 kB)
Collecting sqlalchemy-spanner==1.7.0 (from -r requirements.txt (line 328))
  Downloading sqlalchemy_spanner-1.7.0-py3-none-any.whl.metadata (17 kB)
Collecting SQLAlchemy-Utils==0.41.2 (from -r requirements.txt (line 329))
  Downloading SQLAlchemy_Utils-0.41.2-py3-none-any.whl.metadata (4.2 kB)
Collecting sqlparse==0.5.0 (from -r requirements.txt (line 330))
  Downloading sqlparse-0.5.0-py3-none-any.whl.metadata (3.9 kB)
Collecting sshtunnel==0.4.0 (from -r requirements.txt (line 331))
  Downloading sshtunnel-0.4.0-py2.py3-none-any.whl.metadata (19 kB)
Collecting starkbank-ecdsa==2.2.0 (from -r requirements.txt (line 332))
  Downloading starkbank-ecdsa-2.2.0.tar.gz (14 kB)
  Installing build dependencies: started
  Installing build dependencies: finished with status 'done'
  Getting requirements to build wheel: started
  Getting requirements to build wheel: finished with status 'done'
  Preparing metadata (pyproject.toml): started
  Preparing metadata (pyproject.toml): finished with status 'done'
Collecting statsd==4.0.1 (from -r requirements.txt (line 333))
  Downloading statsd-4.0.1-py2.py3-none-any.whl.metadata (2.9 kB)
Collecting std-uritemplate==0.0.57 (from -r requirements.txt (line 334))
  Downloading std_uritemplate-0.0.57-py3-none-any.whl.metadata (8.4 kB)
Collecting tabulate==0.9.0 (from -r requirements.txt (line 335))
  Downloading tabulate-0.9.0-py3-none-any.whl.metadata (34 kB)
Collecting tenacity==8.3.0 (from -r requirements.txt (line 336))
  Downloading tenacity-8.3.0-py3-none-any.whl.metadata (1.2 kB)
Collecting termcolor==2.4.0 (from -r requirements.txt (line 337))
  Downloading termcolor-2.4.0-py3-none-any.whl.metadata (6.1 kB)
Collecting text-unidecode==1.3 (from -r requirements.txt (line 338))
  Downloading text_unidecode-1.3-py2.py3-none-any.whl.metadata (2.4 kB)
Collecting time-machine==2.14.1 (from -r requirements.txt (line 339))
  Downloading time_machine-2.14.1-cp311-cp311-manylinux_2_5_x86_64.manylinux1_x86_64.manylinux_2_17_x86_64.manylinux2014_x86_64.whl.metadata (21 kB)
Collecting tomlkit==0.12.5 (from -r requirements.txt (line 340))
  Downloading tomlkit-0.12.5-py3-none-any.whl.metadata (2.7 kB)
Collecting tornado==6.4 (from -r requirements.txt (line 341))
  Downloading tornado-6.4-cp38-abi3-manylinux_2_5_x86_64.manylinux1_x86_64.manylinux_2_17_x86_64.manylinux2014_x86_64.whl.metadata (2.5 kB)
Collecting typing_extensions==4.12.1 (from -r requirements.txt (line 342))
  Downloading typing_extensions-4.12.1-py3-none-any.whl.metadata (3.0 kB)
Collecting tzdata==2024.1 (from -r requirements.txt (line 343))
  Downloading tzdata-2024.1-py2.py3-none-any.whl.metadata (1.4 kB)
Collecting uc-micro-py==1.0.3 (from -r requirements.txt (line 344))
  Downloading uc_micro_py-1.0.3-py3-none-any.whl.metadata (2.0 kB)
Collecting unicodecsv==0.14.1 (from -r requirements.txt (line 345))
  Downloading unicodecsv-0.14.1.tar.gz (10 kB)
  Installing build dependencies: started
  Installing build dependencies: finished with status 'done'
  Getting requirements to build wheel: started
  Getting requirements to build wheel: finished with status 'done'
  Preparing metadata (pyproject.toml): started
  Preparing metadata (pyproject.toml): finished with status 'done'
Collecting universal_pathlib==0.2.2 (from -r requirements.txt (line 346))
  Downloading universal_pathlib-0.2.2-py3-none-any.whl.metadata (25 kB)
Collecting uritemplate==4.1.1 (from -r requirements.txt (line 347))
  Downloading uritemplate-4.1.1-py2.py3-none-any.whl.metadata (2.9 kB)
Collecting urllib3==2.2.1 (from -r requirements.txt (line 348))
  Downloading urllib3-2.2.1-py3-none-any.whl.metadata (6.4 kB)
Collecting uv==0.2.2 (from -r requirements.txt (line 349))
  Downloading uv-0.2.2-py3-none-manylinux_2_17_x86_64.manylinux2014_x86_64.whl.metadata (32 kB)
Collecting vine==5.1.0 (from -r requirements.txt (line 350))
  Downloading vine-5.1.0-py3-none-any.whl.metadata (2.7 kB)
Collecting virtualenv==20.26.2 (from -r requirements.txt (line 351))
  Downloading virtualenv-20.26.2-py3-none-any.whl.metadata (4.4 kB)
Collecting watchtower==3.2.0 (from -r requirements.txt (line 352))
  Downloading watchtower-3.2.0-py3-none-any.whl.metadata (15 kB)
Collecting wcwidth==0.2.13 (from -r requirements.txt (line 353))
  Downloading wcwidth-0.2.13-py2.py3-none-any.whl.metadata (14 kB)
Collecting websocket-client==1.8.0 (from -r requirements.txt (line 354))
  Downloading websocket_client-1.8.0-py3-none-any.whl.metadata (8.0 kB)
Collecting Werkzeug==2.2.3 (from -r requirements.txt (line 355))
  Downloading Werkzeug-2.2.3-py3-none-any.whl.metadata (4.4 kB)
Collecting wirerope==0.4.7 (from -r requirements.txt (line 356))
  Downloading wirerope-0.4.7-py2.py3-none-any.whl.metadata (2.8 kB)
Collecting wrapt==1.16.0 (from -r requirements.txt (line 357))
  Downloading wrapt-1.16.0-cp311-cp311-manylinux_2_5_x86_64.manylinux1_x86_64.manylinux_2_17_x86_64.manylinux2014_x86_64.whl.metadata (6.6 kB)
Collecting WTForms==3.1.2 (from -r requirements.txt (line 358))
  Downloading wtforms-3.1.2-py3-none-any.whl.metadata (5.3 kB)
Collecting yarl==1.9.4 (from -r requirements.txt (line 359))
  Downloading yarl-1.9.4-cp311-cp311-manylinux_2_17_x86_64.manylinux2014_x86_64.whl.metadata (31 kB)
Collecting zipp==3.19.2 (from -r requirements.txt (line 360))
  Downloading zipp-3.19.2-py3-none-any.whl.metadata (3.6 kB)
Collecting zope.event==5.0 (from -r requirements.txt (line 361))
  Downloading zope.event-5.0-py3-none-any.whl.metadata (4.4 kB)
Collecting zope.interface==6.4.post2 (from -r requirements.txt (line 362))
  Downloading zope.interface-6.4.post2-cp311-cp311-manylinux_2_5_x86_64.manylinux1_x86_64.manylinux_2_17_x86_64.manylinux2014_x86_64.whl.metadata (42 kB)
Downloading adal-1.2.7-py2.py3-none-any.whl (55 kB)
Downloading PyJWT-2.8.0-py3-none-any.whl (22 kB)
Downloading python_dateutil-2.9.0.post0-py2.py3-none-any.whl (229 kB)
Downloading requests-2.31.0-py3-none-any.whl (62 kB)
Downloading charset_normalizer-3.3.2-cp311-cp311-manylinux_2_17_x86_64.manylinux2014_x86_64.whl (140 kB)
Downloading idna-3.7-py3-none-any.whl (66 kB)
Downloading urllib3-2.2.1-py3-none-any.whl (121 kB)
Downloading adlfs-2024.4.1-py3-none-any.whl (40 kB)
Downloading azure_core-1.30.1-py3-none-any.whl (193 kB)
Downloading azure_datalake_store-0.0.53-py2.py3-none-any.whl (55 kB)
Downloading msal-1.28.0-py3-none-any.whl (102 kB)
Downloading cryptography-41.0.7-cp37-abi3-manylinux_2_28_x86_64.whl (4.4 MB)
   ━━━━━━━━━━━━━━━━━━━━━━━━━━━━━━━━━━━━━━━━ 4.4/4.4 MB 54.8 MB/s  0:00:00
Downloading aiobotocore-2.13.0-py3-none-any.whl (76 kB)
Downloading aiohttp-3.9.5-cp311-cp311-manylinux_2_17_x86_64.manylinux2014_x86_64.whl (1.3 MB)
   ━━━━━━━━━━━━━━━━━━━━━━━━━━━━━━━━━━━━━━━━ 1.3/1.3 MB 188.7 MB/s  0:00:00
Downloading aioitertools-0.11.0-py3-none-any.whl (23 kB)
Downloading botocore-1.34.106-py3-none-any.whl (12.2 MB)
   ━━━━━━━━━━━━━━━━━━━━━━━━━━━━━━━━━━━━━━━━ 12.2/12.2 MB 101.1 MB/s  0:00:00
Downloading jmespath-0.10.0-py2.py3-none-any.whl (24 kB)
Downloading multidict-6.0.5-cp311-cp311-manylinux_2_17_x86_64.manylinux2014_x86_64.whl (128 kB)
Downloading wrapt-1.16.0-cp311-cp311-manylinux_2_5_x86_64.manylinux1_x86_64.manylinux_2_17_x86_64.manylinux2014_x86_64.whl (80 kB)
Downloading yarl-1.9.4-cp311-cp311-manylinux_2_17_x86_64.manylinux2014_x86_64.whl (328 kB)
Downloading aiofiles-23.2.1-py3-none-any.whl (15 kB)
Downloading aiosignal-1.3.1-py3-none-any.whl (7.6 kB)
Downloading alembic-1.13.1-py3-none-any.whl (233 kB)
Downloading amqp-5.2.0-py3-none-any.whl (50 kB)
Downloading vine-5.1.0-py3-none-any.whl (9.6 kB)
Downloading annotated_types-0.7.0-py3-none-any.whl (13 kB)
Downloading anyio-4.4.0-py3-none-any.whl (86 kB)
Downloading apache_airflow-2.9.2-py3-none-any.whl (13.3 MB)
   ━━━━━━━━━━━━━━━━━━━━━━━━━━━━━━━━━━━━━━━━ 13.3/13.3 MB 127.8 MB/s  0:00:00
Downloading colorlog-4.8.0-py2.py3-none-any.whl (10 kB)
Downloading connexion-2.14.2-py2.py3-none-any.whl (95 kB)
Downloading clickclick-20.10.2-py2.py3-none-any.whl (7.4 kB)
Downloading Flask-2.2.5-py3-none-any.whl (101 kB)
Downloading flask_session-0.5.0-py3-none-any.whl (7.2 kB)
Downloading inflection-0.5.1-py2.py3-none-any.whl (9.5 kB)
Downloading jsonschema-4.22.0-py3-none-any.whl (88 kB)
Downloading pendulum-3.0.0-cp311-cp311-manylinux_2_17_x86_64.manylinux2014_x86_64.whl (384 kB)
Downloading PyYAML-6.0.1-cp311-cp311-manylinux_2_17_x86_64.manylinux2014_x86_64.whl (757 kB)
   ━━━━━━━━━━━━━━━━━━━━━━━━━━━━━━━━━━━━━━━━ 757.7/757.7 kB 22.7 MB/s  0:00:00
Downloading SQLAlchemy-1.4.52-cp311-cp311-manylinux_2_5_x86_64.manylinux1_x86_64.manylinux_2_17_x86_64.manylinux2014_x86_64.whl (1.6 MB)
   ━━━━━━━━━━━━━━━━━━━━━━━━━━━━━━━━━━━━━━━━ 1.6/1.6 MB 274.6 MB/s  0:00:00
Downloading Werkzeug-2.2.3-py3-none-any.whl (233 kB)
Downloading apache_airflow_providers_amazon-8.24.0-py3-none-any.whl (590 kB)
   ━━━━━━━━━━━━━━━━━━━━━━━━━━━━━━━━━━━━━━━━ 590.9/590.9 kB 128.5 MB/s  0:00:00
Downloading watchtower-3.2.0-py3-none-any.whl (17 kB)
Downloading boto3-1.34.106-py3-none-any.whl (139 kB)
Downloading s3transfer-0.10.1-py3-none-any.whl (82 kB)
Downloading apache_airflow_providers_celery-3.7.2-py3-none-any.whl (36 kB)
Downloading celery-5.4.0-py3-none-any.whl (425 kB)
Downloading billiard-4.2.0-py3-none-any.whl (86 kB)
Downloading click-8.1.7-py3-none-any.whl (97 kB)
Downloading kombu-5.3.7-py3-none-any.whl (200 kB)
Downloading apache_airflow_providers_cncf_kubernetes-8.3.1-py3-none-any.whl (145 kB)
Downloading kubernetes-29.0.0-py2.py3-none-any.whl (1.6 MB)
   ━━━━━━━━━━━━━━━━━━━━━━━━━━━━━━━━━━━━━━━━ 1.6/1.6 MB 12.8 MB/s  0:00:00
Downloading kubernetes_asyncio-29.0.0-py3-none-any.whl (2.0 MB)
   ━━━━━━━━━━━━━━━━━━━━━━━━━━━━━━━━━━━━━━━━ 2.0/2.0 MB 5.6 MB/s  0:00:00
Downloading apache_airflow_providers_common_io-1.3.2-py3-none-any.whl (16 kB)
Downloading apache_airflow_providers_common_sql-1.14.0-py3-none-any.whl (46 kB)
Downloading apache_airflow_providers_docker-3.12.0-py3-none-any.whl (30 kB)
Downloading apache_airflow_providers_elasticsearch-5.4.1-py3-none-any.whl (26 kB)
Downloading elasticsearch-8.13.2-py3-none-any.whl (478 kB)
Downloading elastic_transport-8.13.1-py3-none-any.whl (64 kB)
Downloading apache_airflow_providers_fab-1.1.1-py3-none-any.whl (78 kB)
Downloading apache_airflow_providers_ftp-3.9.1-py3-none-any.whl (19 kB)
Downloading apache_airflow_providers_google-10.19.0-py3-none-any.whl (991 kB)
   ━━━━━━━━━━━━━━━━━━━━━━━━━━━━━━━━━━━━━━━━ 991.2/991.2 kB 25.5 MB/s  0:00:00
Downloading gcloud_aio_auth-4.2.3-py3-none-any.whl (13 kB)
Downloading backoff-2.2.1-py3-none-any.whl (15 kB)
Downloading chardet-5.2.0-py3-none-any.whl (199 kB)
Downloading google_cloud_bigquery-3.20.1-py2.py3-none-any.whl (233 kB)
Downloading google_api_core-2.19.0-py3-none-any.whl (139 kB)
Downloading google_auth-2.29.0-py2.py3-none-any.whl (189 kB)
Downloading cachetools-5.3.3-py3-none-any.whl (9.3 kB)
Downloading google_cloud_core-2.4.1-py2.py3-none-any.whl (29 kB)
Downloading google_resumable_media-2.7.0-py2.py3-none-any.whl (80 kB)
Downloading google_crc32c-1.5.0-cp311-cp311-manylinux_2_17_x86_64.manylinux2014_x86_64.whl (32 kB)
Downloading googleapis_common_protos-1.63.1-py2.py3-none-any.whl (229 kB)
Downloading pandas-2.1.4-cp311-cp311-manylinux_2_17_x86_64.manylinux2014_x86_64.whl (12.2 MB)
   ━━━━━━━━━━━━━━━━━━━━━━━━━━━━━━━━━━━━━━━━ 12.2/12.2 MB 131.4 MB/s  0:00:00
Downloading numpy-1.26.4-cp311-cp311-manylinux_2_17_x86_64.manylinux2014_x86_64.whl (18.3 MB)
   ━━━━━━━━━━━━━━━━━━━━━━━━━━━━━━━━━━━━━━━━ 18.3/18.3 MB 131.6 MB/s  0:00:00
Downloading proto_plus-1.23.0-py3-none-any.whl (48 kB)
Downloading protobuf-4.25.3-cp37-abi3-manylinux2014_x86_64.whl (294 kB)
Downloading rsa-4.9-py3-none-any.whl (34 kB)
Downloading setuptools-66.1.1-py3-none-any.whl (1.3 MB)
   ━━━━━━━━━━━━━━━━━━━━━━━━━━━━━━━━━━━━━━━━ 1.3/1.3 MB 285.2 MB/s  0:00:00
Downloading apache_airflow_providers_grpc-3.5.1-py3-none-any.whl (15 kB)
Downloading apache_airflow_providers_hashicorp-3.7.1-py3-none-any.whl (26 kB)
Downloading apache_airflow_providers_http-4.11.1-py3-none-any.whl (27 kB)
Downloading apache_airflow_providers_imap-3.6.1-py3-none-any.whl (17 kB)
Downloading apache_airflow_providers_microsoft_azure-10.1.1-py3-none-any.whl (139 kB)
Downloading apache_airflow_providers_mysql-5.6.1-py3-none-any.whl (26 kB)
Downloading apache_airflow_providers_odbc-4.6.1-py3-none-any.whl (14 kB)
Downloading apache_airflow_providers_openlineage-1.8.0-py3-none-any.whl (47 kB)
Downloading apache_airflow_providers_postgres-5.11.1-py3-none-any.whl (20 kB)
Downloading apache_airflow_providers_redis-3.7.1-py3-none-any.whl (19 kB)
Downloading apache_airflow_providers_sendgrid-3.5.1-py3-none-any.whl (12 kB)
Downloading apache_airflow_providers_sftp-4.10.1-py3-none-any.whl (29 kB)
Downloading apache_airflow_providers_slack-8.7.1-py3-none-any.whl (42 kB)
Downloading apache_airflow_providers_smtp-1.7.1-py3-none-any.whl (22 kB)
Downloading apache_airflow_providers_snowflake-5.5.1-py3-none-any.whl (41 kB)
Downloading apache_airflow_providers_sqlite-3.8.1-py3-none-any.whl (13 kB)
Downloading apache_airflow_providers_ssh-3.11.1-py3-none-any.whl (20 kB)
Downloading apispec-6.6.1-py3-none-any.whl (30 kB)
Downloading argcomplete-3.3.0-py3-none-any.whl (42 kB)
Downloading asgiref-3.8.1-py3-none-any.whl (23 kB)
Downloading asn1crypto-1.5.1-py2.py3-none-any.whl (105 kB)
Downloading asyncssh-2.14.2-py3-none-any.whl (352 kB)
Downloading attrs-23.2.0-py3-none-any.whl (60 kB)
Downloading Authlib-1.3.1-py2.py3-none-any.whl (223 kB)
Downloading azure_batch-14.2.0-py3-none-any.whl (243 kB)
Downloading azure_common-1.1.28-py2.py3-none-any.whl (14 kB)
Downloading msrestazure-0.6.4.post1-py2.py3-none-any.whl (40 kB)
Downloading msrest-0.7.1-py3-none-any.whl (85 kB)
Downloading azure_cosmos-4.7.0-py3-none-any.whl (252 kB)
Downloading azure_identity-1.16.0-py3-none-any.whl (166 kB)
Downloading azure_keyvault_secrets-4.8.0-py3-none-any.whl (82 kB)
Downloading azure_kusto_data-4.4.1-py2.py3-none-any.whl (50 kB)
Downloading ijson-3.2.3-cp311-cp311-manylinux_2_17_x86_64.manylinux2014_x86_64.whl (116 kB)
Downloading azure_mgmt_containerinstance-10.1.0-py3-none-any.whl (87 kB)
Downloading azure_mgmt_core-1.4.0-py3-none-any.whl (27 kB)
Downloading isodate-0.6.1-py2.py3-none-any.whl (41 kB)
Downloading azure_mgmt_containerregistry-10.3.0-py3-none-any.whl (2.3 MB)
   ━━━━━━━━━━━━━━━━━━━━━━━━━━━━━━━━━━━━━━━━ 2.3/2.3 MB 265.1 MB/s  0:00:00
Downloading azure_mgmt_cosmosdb-9.5.0-py3-none-any.whl (388 kB)
Downloading azure_mgmt_datafactory-7.1.0-py3-none-any.whl (539 kB)
   ━━━━━━━━━━━━━━━━━━━━━━━━━━━━━━━━━━━━━━━━ 539.2/539.2 kB 122.5 MB/s  0:00:00
Downloading azure_mgmt_datalake_nspkg-3.0.1-py3-none-any.whl (1.7 kB)
Downloading azure_mgmt_datalake_store-0.5.0-py2.py3-none-any.whl (88 kB)
Downloading azure_mgmt_nspkg-3.0.2-py3-none-any.whl (1.6 kB)
Downloading azure_mgmt_resource-23.1.1-py3-none-any.whl (2.6 MB)
   ━━━━━━━━━━━━━━━━━━━━━━━━━━━━━━━━━━━━━━━━ 2.6/2.6 MB 172.5 MB/s  0:00:00
Downloading azure_mgmt_storage-21.1.0-py3-none-any.whl (3.0 MB)
   ━━━━━━━━━━━━━━━━━━━━━━━━━━━━━━━━━━━━━━━━ 3.0/3.0 MB 176.7 MB/s  0:00:00
Downloading azure_nspkg-3.0.2-py3-none-any.whl (1.5 kB)
Downloading azure_servicebus-7.12.2-py3-none-any.whl (408 kB)
Downloading azure_storage_blob-12.20.0-py3-none-any.whl (392 kB)
Downloading azure_storage_file_datalake-12.15.0-py3-none-any.whl (254 kB)
Downloading azure_storage_file_share-12.16.0-py3-none-any.whl (268 kB)
Downloading azure_synapse_artifacts-0.19.0-py3-none-any.whl (495 kB)
Downloading azure_synapse_spark-0.7.0-py2.py3-none-any.whl (32 kB)
Downloading Babel-2.15.0-py3-none-any.whl (9.6 MB)
   ━━━━━━━━━━━━━━━━━━━━━━━━━━━━━━━━━━━━━━━━ 9.6/9.6 MB 148.0 MB/s  0:00:00
Downloading bcrypt-4.1.3-cp39-abi3-manylinux_2_28_x86_64.whl (283 kB)
Downloading beautifulsoup4-4.12.3-py3-none-any.whl (147 kB)
Downloading blinker-1.8.2-py3-none-any.whl (9.5 kB)
Downloading cachelib-0.9.0-py3-none-any.whl (15 kB)
Downloading cattrs-23.2.3-py3-none-any.whl (57 kB)
Downloading certifi-2024.6.2-py3-none-any.whl (164 kB)
Downloading cffi-1.16.0-cp311-cp311-manylinux_2_17_x86_64.manylinux2014_x86_64.whl (464 kB)
Downloading click_didyoumean-0.3.1-py3-none-any.whl (3.6 kB)
Downloading click_plugins-1.1.1-py2.py3-none-any.whl (7.5 kB)
Downloading click_repl-0.3.0-py3-none-any.whl (10 kB)
Downloading colorama-0.4.6-py2.py3-none-any.whl (25 kB)
Downloading ConfigUpdater-3.2-py2.py3-none-any.whl (34 kB)
Downloading cron_descriptor-1.4.3-py3-none-any.whl (49 kB)
Downloading croniter-2.0.5-py2.py3-none-any.whl (20 kB)
Downloading db_dtypes-1.2.0-py2.py3-none-any.whl (14 kB)
Downloading decorator-5.1.1-py3-none-any.whl (9.1 kB)
Downloading Deprecated-1.2.14-py2.py3-none-any.whl (9.6 kB)
Downloading dill-0.3.8-py3-none-any.whl (116 kB)
Downloading distlib-0.3.8-py2.py3-none-any.whl (468 kB)
Downloading dnspython-2.6.1-py3-none-any.whl (307 kB)
Downloading docker-7.1.0-py3-none-any.whl (147 kB)
Downloading docstring_parser-0.16-py3-none-any.whl (36 kB)
Downloading docutils-0.16-py2.py3-none-any.whl (548 kB)
   ━━━━━━━━━━━━━━━━━━━━━━━━━━━━━━━━━━━━━━━━ 548.2/548.2 kB 109.5 MB/s  0:00:00
Downloading email_validator-2.1.1-py3-none-any.whl (30 kB)
Downloading eventlet-0.36.1-py3-none-any.whl (360 kB)
Downloading filelock-3.14.0-py3-none-any.whl (12 kB)
Downloading Flask_AppBuilder-4.4.1-py3-none-any.whl (2.2 MB)
   ━━━━━━━━━━━━━━━━━━━━━━━━━━━━━━━━━━━━━━━━ 2.2/2.2 MB 145.5 MB/s  0:00:00
Downloading Flask_Babel-2.0.0-py3-none-any.whl (9.3 kB)
Downloading Flask_JWT_Extended-4.6.0-py2.py3-none-any.whl (22 kB)
Downloading Flask_Limiter-3.7.0-py3-none-any.whl (28 kB)
Downloading Flask_Login-0.6.3-py3-none-any.whl (17 kB)
Downloading Flask_SQLAlchemy-2.5.1-py2.py3-none-any.whl (17 kB)
Downloading flask_wtf-1.2.1-py3-none-any.whl (12 kB)
Downloading marshmallow-3.21.3-py3-none-any.whl (49 kB)
Downloading marshmallow_sqlalchemy-0.28.2-py2.py3-none-any.whl (16 kB)
Downloading ordered_set-4.1.0-py3-none-any.whl (7.6 kB)
Downloading prison-0.2.1-py2.py3-none-any.whl (5.8 kB)
Downloading rich-13.7.1-py3-none-any.whl (240 kB)
Downloading pygments-2.18.0-py3-none-any.whl (1.2 MB)
   ━━━━━━━━━━━━━━━━━━━━━━━━━━━━━━━━━━━━━━━━ 1.2/1.2 MB 257.6 MB/s  0:00:00
Downloading SQLAlchemy_Utils-0.41.2-py3-none-any.whl (93 kB)
Downloading wtforms-3.1.2-py3-none-any.whl (145 kB)
Downloading Flask_Caching-2.3.0-py3-none-any.whl (28 kB)
Downloading flower-2.0.1-py2.py3-none-any.whl (383 kB)
Downloading tornado-6.4-cp38-abi3-manylinux_2_5_x86_64.manylinux1_x86_64.manylinux_2_17_x86_64.manylinux2014_x86_64.whl (435 kB)
Downloading frozenlist-1.4.1-cp311-cp311-manylinux_2_5_x86_64.manylinux1_x86_64.manylinux_2_17_x86_64.manylinux2014_x86_64.whl (272 kB)
Downloading fsspec-2023.12.2-py3-none-any.whl (168 kB)
Downloading gcloud_aio_bigquery-7.1.0-py3-none-any.whl (12 kB)
Downloading gcloud_aio_storage-9.2.0-py3-none-any.whl (16 kB)
Downloading pyasn1_modules-0.3.0-py2.py3-none-any.whl (181 kB)
Downloading pyasn1-0.5.1-py2.py3-none-any.whl (84 kB)
Downloading gcsfs-2023.12.2.post1-py2.py3-none-any.whl (34 kB)
Downloading gevent-24.2.1-cp311-cp311-manylinux_2_28_x86_64.whl (6.7 MB)
   ━━━━━━━━━━━━━━━━━━━━━━━━━━━━━━━━━━━━━━━━ 6.7/6.7 MB 20.4 MB/s  0:00:00
Downloading google_ads-24.0.0-py3-none-any.whl (5.5 MB)
   ━━━━━━━━━━━━━━━━━━━━━━━━━━━━━━━━━━━━━━━━ 5.5/5.5 MB 32.4 MB/s  0:00:00
Downloading google_auth_oauthlib-1.2.0-py2.py3-none-any.whl (24 kB)
Downloading grpcio-1.64.1-cp311-cp311-manylinux_2_17_x86_64.manylinux2014_x86_64.whl (5.6 MB)
   ━━━━━━━━━━━━━━━━━━━━━━━━━━━━━━━━━━━━━━━━ 5.6/5.6 MB 152.6 MB/s  0:00:00
Downloading grpcio_status-1.62.2-py3-none-any.whl (14 kB)
Downloading google_analytics_admin-0.22.7-py2.py3-none-any.whl (308 kB)
Downloading google_api_python_client-2.132.0-py2.py3-none-any.whl (11.7 MB)
   ━━━━━━━━━━━━━━━━━━━━━━━━━━━━━━━━━━━━━━━━ 11.7/11.7 MB 105.4 MB/s  0:00:00
Downloading google_auth_httplib2-0.2.0-py2.py3-none-any.whl (9.3 kB)
Downloading httplib2-0.22.0-py3-none-any.whl (96 kB)
Downloading pyparsing-3.1.2-py3-none-any.whl (103 kB)
Downloading uritemplate-4.1.1-py2.py3-none-any.whl (10 kB)
Downloading google_cloud_aiplatform-1.53.0-py2.py3-none-any.whl (5.1 MB)
   ━━━━━━━━━━━━━━━━━━━━━━━━━━━━━━━━━━━━━━━━ 5.1/5.1 MB 145.2 MB/s  0:00:00
Downloading google_cloud_resource_manager-1.12.3-py2.py3-none-any.whl (333 kB)
Downloading google_cloud_storage-2.16.0-py2.py3-none-any.whl (125 kB)
Downloading grpc_google_iam_v1-0.13.0-py2.py3-none-any.whl (25 kB)
Downloading pydantic-2.7.3-py3-none-any.whl (409 kB)
Downloading shapely-2.0.4-cp311-cp311-manylinux_2_17_x86_64.manylinux2014_x86_64.whl (2.5 MB)
   ━━━━━━━━━━━━━━━━━━━━━━━━━━━━━━━━━━━━━━━━ 2.5/2.5 MB 59.9 MB/s  0:00:00
Downloading google_cloud_appengine_logging-1.4.3-py2.py3-none-any.whl (15 kB)
Downloading google_cloud_audit_log-0.2.5-py2.py3-none-any.whl (12 kB)
Downloading google_cloud_automl-2.13.3-py2.py3-none-any.whl (329 kB)
Downloading google_cloud_batch-0.17.21-py2.py3-none-any.whl (152 kB)
Downloading google_cloud_bigquery_datatransfer-3.15.3-py2.py3-none-any.whl (74 kB)
Downloading google_cloud_bigtable-2.23.1-py2.py3-none-any.whl (356 kB)
Downloading google_cloud_build-3.24.0-py2.py3-none-any.whl (152 kB)
Downloading google_cloud_compute-1.19.0-py2.py3-none-any.whl (2.7 MB)
   ━━━━━━━━━━━━━━━━━━━━━━━━━━━━━━━━━━━━━━━━ 2.7/2.7 MB 143.5 MB/s  0:00:00
Downloading google_cloud_container-2.46.0-py2.py3-none-any.whl (251 kB)
Downloading google_cloud_datacatalog-3.19.0-py2.py3-none-any.whl (333 kB)
Downloading google_cloud_dataflow_client-0.8.10-py2.py3-none-any.whl (231 kB)
Downloading google_cloud_dataform-0.5.9-py2.py3-none-any.whl (101 kB)
Downloading google_cloud_dataplex-2.0.0-py2.py3-none-any.whl (326 kB)
Downloading google_cloud_dataproc-5.9.3-py2.py3-none-any.whl (406 kB)
Downloading google_cloud_dataproc_metastore-1.15.3-py2.py3-none-any.whl (366 kB)
Downloading google_cloud_dlp-3.18.0-py2.py3-none-any.whl (180 kB)
Downloading google_cloud_kms-2.23.0-py2.py3-none-any.whl (228 kB)
Downloading google_cloud_language-2.13.3-py2.py3-none-any.whl (143 kB)
Downloading google_cloud_logging-3.10.0-py2.py3-none-any.whl (213 kB)
Downloading google_cloud_memcache-1.9.3-py2.py3-none-any.whl (115 kB)
Downloading google_cloud_monitoring-2.21.0-py2.py3-none-any.whl (344 kB)
Downloading google_cloud_orchestration_airflow-1.12.1-py2.py3-none-any.whl (237 kB)
Downloading google_cloud_os_login-2.14.3-py2.py3-none-any.whl (50 kB)
Downloading google_cloud_pubsub-2.21.2-py2.py3-none-any.whl (273 kB)
Downloading google_cloud_redis-2.15.3-py2.py3-none-any.whl (125 kB)
Downloading google_cloud_run-0.10.5-py2.py3-none-any.whl (246 kB)
Downloading google_cloud_secret_manager-2.20.0-py2.py3-none-any.whl (180 kB)
Downloading google_cloud_spanner-3.47.0-py2.py3-none-any.whl (384 kB)
Downloading google_cloud_speech-2.26.0-py2.py3-none-any.whl (284 kB)
Downloading google_cloud_storage_transfer-1.11.3-py2.py3-none-any.whl (77 kB)
Downloading google_cloud_tasks-2.16.3-py2.py3-none-any.whl (256 kB)
Downloading google_cloud_texttospeech-2.16.3-py2.py3-none-any.whl (151 kB)
Downloading google_cloud_translate-3.15.3-py2.py3-none-any.whl (145 kB)
Downloading google_cloud_videointelligence-2.13.3-py2.py3-none-any.whl (240 kB)
Downloading google_cloud_vision-3.7.2-py2.py3-none-any.whl (459 kB)
Downloading google_cloud_workflows-1.14.3-py2.py3-none-any.whl (167 kB)
Downloading google_re2-1.1.20240601-3-cp311-cp311-manylinux_2_24_x86_64.manylinux_2_28_x86_64.whl (548 kB)
   ━━━━━━━━━━━━━━━━━━━━━━━━━━━━━━━━━━━━━━━━ 548.7/548.7 kB 104.9 MB/s  0:00:00
Downloading graphviz-0.20.3-py3-none-any.whl (47 kB)
Downloading greenlet-3.0.3-cp311-cp311-manylinux_2_24_x86_64.manylinux_2_28_x86_64.whl (620 kB)
   ━━━━━━━━━━━━━━━━━━━━━━━━━━━━━━━━━━━━━━━━ 620.0/620.0 kB 81.1 MB/s  0:00:00
Downloading grpc_interceptor-0.15.4-py3-none-any.whl (20 kB)
Downloading grpcio_gcp-0.2.2-py2.py3-none-any.whl (9.4 kB)
Downloading gunicorn-22.0.0-py3-none-any.whl (84 kB)
Downloading h11-0.14.0-py3-none-any.whl (58 kB)
Downloading h2-4.1.0-py3-none-any.whl (57 kB)
Downloading hpack-4.0.0-py3-none-any.whl (32 kB)
Downloading hyperframe-6.0.1-py3-none-any.whl (12 kB)
Downloading httpcore-0.16.3-py3-none-any.whl (69 kB)
Downloading sniffio-1.3.1-py3-none-any.whl (10 kB)
Downloading httpx-0.23.3-py3-none-any.whl (71 kB)
Downloading rfc3986-1.5.0-py2.py3-none-any.whl (31 kB)
Downloading humanize-4.9.0-py3-none-any.whl (126 kB)
Downloading hvac-2.2.0-py3-none-any.whl (155 kB)
Downloading importlib_metadata-6.11.0-py3-none-any.whl (23 kB)
Downloading importlib_resources-6.4.0-py3-none-any.whl (38 kB)
Downloading itsdangerous-2.2.0-py3-none-any.whl (16 kB)
Downloading jinja2-3.1.4-py3-none-any.whl (133 kB)
Downloading jsonpath_ng-1.6.1-py3-none-any.whl (29 kB)
Downloading jsonschema_specifications-2023.12.1-py3-none-any.whl (18 kB)
Downloading lazy_object_proxy-1.10.0-cp311-cp311-manylinux_2_5_x86_64.manylinux1_x86_64.manylinux_2_17_x86_64.manylinux2014_x86_64.whl (69 kB)
Downloading ldap3-2.9.1-py2.py3-none-any.whl (432 kB)
Downloading limits-3.12.0-py3-none-any.whl (45 kB)
Downloading packaging-24.0-py3-none-any.whl (53 kB)
Downloading linkify_it_py-2.0.3-py3-none-any.whl (19 kB)
Downloading lockfile-0.12.2-py2.py3-none-any.whl (13 kB)
Downloading looker_sdk-24.8.0-py3-none-any.whl (225 kB)
Downloading lxml-5.2.2-cp311-cp311-manylinux_2_28_x86_64.whl (5.0 MB)
   ━━━━━━━━━━━━━━━━━━━━━━━━━━━━━━━━━━━━━━━━ 5.0/5.0 MB 151.7 MB/s  0:00:00
Downloading Mako-1.3.5-py3-none-any.whl (78 kB)
Downloading markdown_it_py-3.0.0-py3-none-any.whl (87 kB)
Downloading mdurl-0.1.2-py3-none-any.whl (10.0 kB)
Downloading MarkupSafe-2.1.5-cp311-cp311-manylinux_2_17_x86_64.manylinux2014_x86_64.whl (28 kB)
Downloading marshmallow_oneofschema-3.1.1-py3-none-any.whl (5.7 kB)
Downloading mdit_py_plugins-0.4.1-py3-none-any.whl (54 kB)
Downloading methodtools-0.4.7-py2.py3-none-any.whl (4.0 kB)
Downloading microsoft_kiota_abstractions-1.3.3-py2.py3-none-any.whl (42 kB)
Downloading microsoft_kiota_authentication_azure-1.0.0-py2.py3-none-any.whl (6.5 kB)
Downloading microsoft_kiota_http-1.3.1-py2.py3-none-any.whl (30 kB)
Downloading more_itertools-10.2.0-py3-none-any.whl (57 kB)
Downloading msal_extensions-1.1.0-py3-none-any.whl (19 kB)
Downloading portalocker-2.8.2-py3-none-any.whl (17 kB)
Downloading msgraph_core-1.0.0-py3-none-any.whl (14 kB)
Downloading mysql_connector_python-8.4.0-cp311-cp311-manylinux_2_17_x86_64.whl (19.5 MB)
   ━━━━━━━━━━━━━━━━━━━━━━━━━━━━━━━━━━━━━━━━ 19.5/19.5 MB 119.4 MB/s  0:00:00
Downloading oauthlib-3.2.2-py3-none-any.whl (151 kB)
Downloading openlineage_integration_common-1.16.0-py3-none-any.whl (33 kB)
Downloading openlineage_python-1.16.0-py3-none-any.whl (44 kB)
Downloading openlineage_sql-1.16.0-cp37-abi3-manylinux_2_17_x86_64.manylinux2014_x86_64.whl (1.2 MB)
   ━━━━━━━━━━━━━━━━━━━━━━━━━━━━━━━━━━━━━━━━ 1.2/1.2 MB 281.0 MB/s  0:00:00
Downloading opentelemetry_api-1.25.0-py3-none-any.whl (59 kB)
Downloading opentelemetry_exporter_otlp-1.25.0-py3-none-any.whl (7.0 kB)
Downloading opentelemetry_exporter_otlp_proto_common-1.25.0-py3-none-any.whl (17 kB)
Downloading opentelemetry_exporter_otlp_proto_grpc-1.25.0-py3-none-any.whl (18 kB)
Downloading opentelemetry_sdk-1.25.0-py3-none-any.whl (107 kB)
Downloading opentelemetry_exporter_otlp_proto_http-1.25.0-py3-none-any.whl (16 kB)
Downloading opentelemetry_proto-1.25.0-py3-none-any.whl (52 kB)
Downloading opentelemetry_semantic_conventions-0.46b0-py3-none-any.whl (130 kB)
Downloading pandas_gbq-0.23.0-py2.py3-none-any.whl (28 kB)
Downloading paramiko-3.4.0-py3-none-any.whl (225 kB)
Downloading pathspec-0.12.1-py3-none-any.whl (31 kB)
Downloading platformdirs-4.2.2-py3-none-any.whl (18 kB)
Downloading pluggy-1.5.0-py3-none-any.whl (20 kB)
Downloading ply-3.11-py2.py3-none-any.whl (49 kB)
Downloading prometheus_client-0.20.0-py3-none-any.whl (54 kB)
Downloading prompt_toolkit-3.0.46-py3-none-any.whl (386 kB)
Downloading psutil-5.9.8-cp36-abi3-manylinux_2_12_x86_64.manylinux2010_x86_64.manylinux_2_17_x86_64.manylinux2014_x86_64.whl (288 kB)
Downloading psycopg2_binary-2.9.9-cp311-cp311-manylinux_2_17_x86_64.manylinux2014_x86_64.whl (3.0 MB)
   ━━━━━━━━━━━━━━━━━━━━━━━━━━━━━━━━━━━━━━━━ 3.0/3.0 MB 178.8 MB/s  0:00:00
Downloading pyarrow-16.1.0-cp311-cp311-manylinux_2_28_x86_64.whl (40.8 MB)
   ━━━━━━━━━━━━━━━━━━━━━━━━━━━━━━━━━━━━━━━━ 40.8/40.8 MB 130.6 MB/s  0:00:00
Downloading pyathena-3.8.3-py3-none-any.whl (75 kB)
Downloading pycparser-2.22-py3-none-any.whl (117 kB)
Downloading pydantic_core-2.18.4-cp311-cp311-manylinux_2_17_x86_64.manylinux2014_x86_64.whl (2.0 MB)
   ━━━━━━━━━━━━━━━━━━━━━━━━━━━━━━━━━━━━━━━━ 2.0/2.0 MB 147.0 MB/s  0:00:00
Downloading pydata_google_auth-1.8.2-py2.py3-none-any.whl (15 kB)
Downloading PyNaCl-1.5.0-cp36-abi3-manylinux_2_17_x86_64.manylinux2014_x86_64.manylinux_2_24_x86_64.whl (856 kB)
   ━━━━━━━━━━━━━━━━━━━━━━━━━━━━━━━━━━━━━━━━ 856.7/856.7 kB 212.6 MB/s  0:00:00
Downloading pyodbc-5.1.0-cp311-cp311-manylinux_2_17_x86_64.manylinux2014_x86_64.whl (344 kB)
Downloading pyOpenSSL-24.1.0-py3-none-any.whl (56 kB)
Downloading python_daemon-3.0.1-py3-none-any.whl (31 kB)
Downloading python_dotenv-1.0.1-py3-none-any.whl (19 kB)
Downloading python_http_client-3.3.7-py3-none-any.whl (8.4 kB)
Downloading python_slugify-8.0.4-py2.py3-none-any.whl (10 kB)
Downloading pytz-2024.1-py2.py3-none-any.whl (505 kB)
Downloading redis-5.0.4-py3-none-any.whl (251 kB)
Downloading redshift_connector-2.1.1-py3-none-any.whl (125 kB)
Downloading scramp-1.4.5-py3-none-any.whl (12 kB)
Downloading referencing-0.31.1-py3-none-any.whl (25 kB)
Downloading requests_oauthlib-1.3.1-py2.py3-none-any.whl (23 kB)
Downloading requests_toolbelt-1.0.0-py2.py3-none-any.whl (54 kB)
Downloading rfc3339_validator-0.1.4-py2.py3-none-any.whl (3.5 kB)
Downloading rich_argparse-1.5.0-py3-none-any.whl (19 kB)
Downloading rpds_py-0.18.1-cp311-cp311-manylinux_2_17_x86_64.manylinux2014_x86_64.whl (1.1 MB)
   ━━━━━━━━━━━━━━━━━━━━━━━━━━━━━━━━━━━━━━━━ 1.1/1.1 MB 5.0 MB/s  0:00:00
Downloading sendgrid-6.11.0-py3-none-any.whl (101 kB)
Downloading setproctitle-1.3.3-cp311-cp311-manylinux_2_5_x86_64.manylinux1_x86_64.manylinux_2_17_x86_64.manylinux2014_x86_64.whl (31 kB)
Downloading six-1.16.0-py2.py3-none-any.whl (11 kB)
Downloading slack_sdk-3.27.2-py2.py3-none-any.whl (286 kB)
Downloading snowflake_connector_python-3.10.1-cp311-cp311-manylinux_2_17_x86_64.manylinux2014_x86_64.whl (2.5 MB)
   ━━━━━━━━━━━━━━━━━━━━━━━━━━━━━━━━━━━━━━━━ 2.5/2.5 MB 153.9 MB/s  0:00:00
Downloading typing_extensions-4.12.1-py3-none-any.whl (37 kB)
Downloading snowflake_sqlalchemy-1.5.3-py3-none-any.whl (42 kB)
Downloading sortedcontainers-2.4.0-py2.py3-none-any.whl (29 kB)
Downloading soupsieve-2.5-py3-none-any.whl (36 kB)
Downloading sqlalchemy_bigquery-1.11.0-py2.py3-none-any.whl (36 kB)
Downloading SQLAlchemy_JSONField-1.0.2-py3-none-any.whl (10 kB)
Downloading sqlalchemy_redshift-0.8.14-py2.py3-none-any.whl (38 kB)
Downloading sqlalchemy_spanner-1.7.0-py3-none-any.whl (27 kB)
Downloading sqlparse-0.5.0-py3-none-any.whl (43 kB)
Downloading sshtunnel-0.4.0-py2.py3-none-any.whl (24 kB)
Downloading statsd-4.0.1-py2.py3-none-any.whl (13 kB)
Downloading std_uritemplate-0.0.57-py3-none-any.whl (6.5 kB)
Downloading tabulate-0.9.0-py3-none-any.whl (35 kB)
Downloading tenacity-8.3.0-py3-none-any.whl (25 kB)
Downloading termcolor-2.4.0-py3-none-any.whl (7.7 kB)
Downloading text_unidecode-1.3-py2.py3-none-any.whl (78 kB)
Downloading time_machine-2.14.1-cp311-cp311-manylinux_2_5_x86_64.manylinux1_x86_64.manylinux_2_17_x86_64.manylinux2014_x86_64.whl (32 kB)
Downloading tomlkit-0.12.5-py3-none-any.whl (37 kB)
Downloading tzdata-2024.1-py2.py3-none-any.whl (345 kB)
Downloading uc_micro_py-1.0.3-py3-none-any.whl (6.2 kB)
Downloading universal_pathlib-0.2.2-py3-none-any.whl (46 kB)
Downloading uv-0.2.2-py3-none-manylinux_2_17_x86_64.manylinux2014_x86_64.whl (13.0 MB)
   ━━━━━━━━━━━━━━━━━━━━━━━━━━━━━━━━━━━━━━━━ 13.0/13.0 MB 43.1 MB/s  0:00:00
Downloading virtualenv-20.26.2-py3-none-any.whl (3.9 MB)
   ━━━━━━━━━━━━━━━━━━━━━━━━━━━━━━━━━━━━━━━━ 3.9/3.9 MB 162.7 MB/s  0:00:00
Downloading wcwidth-0.2.13-py2.py3-none-any.whl (34 kB)
Downloading websocket_client-1.8.0-py3-none-any.whl (58 kB)
Downloading wirerope-0.4.7-py2.py3-none-any.whl (9.0 kB)
Downloading zipp-3.19.2-py3-none-any.whl (9.0 kB)
Downloading zope.event-5.0-py3-none-any.whl (6.8 kB)
Downloading zope.interface-6.4.post2-cp311-cp311-manylinux_2_5_x86_64.manylinux1_x86_64.manylinux_2_17_x86_64.manylinux2014_x86_64.whl (249 kB)
Building wheels for collected packages: json-merge-patch, mysqlclient, python-ldap, python-nvd3, starkbank-ecdsa, unicodecsv
  Building wheel for json-merge-patch (pyproject.toml): started
  Building wheel for json-merge-patch (pyproject.toml): finished with status 'done'
  Created wheel for json-merge-patch: filename=json_merge_patch-0.2-py3-none-any.whl size=4406 sha256=f6872aa645574c93b6092fa5faa08cd0bdb01dd30594596500f2e85c8fd99258
  Stored in directory: /home/runner/.cache/pip/wheels/1f/01/fd/1eea7471959b40763bd4c06d5215835749be6d4b79cc63eee5
  Building wheel for mysqlclient (pyproject.toml): started
  Building wheel for mysqlclient (pyproject.toml): finished with status 'done'
  Created wheel for mysqlclient: filename=mysqlclient-2.2.4-cp311-cp311-linux_x86_64.whl size=131984 sha256=31adabd6488ad5cbe8e386c9f4b50c31067a16e91047a77975d8280da7632662
  Stored in directory: /home/runner/.cache/pip/wheels/1e/2f/4c/0bd8be7e2f3255f9436ce68bb1c2563661e8b7bbd49dcff0e0
  Building wheel for python-ldap (pyproject.toml): started
  Building wheel for python-ldap (pyproject.toml): finished with status 'done'
  Created wheel for python-ldap: filename=python_ldap-3.4.4-cp311-cp311-linux_x86_64.whl size=369555 sha256=500eeed8e3f4e8031b07781fc7ad772416b4b613850e6eafcc6941e9d46ecead
  Stored in directory: /home/runner/.cache/pip/wheels/72/59/42/74cab8c1fe6e14c49959206b24b0f87697351eea2ac9787401
  Building wheel for python-nvd3 (pyproject.toml): started
  Building wheel for python-nvd3 (pyproject.toml): finished with status 'done'
  Created wheel for python-nvd3: filename=python_nvd3-0.16.0-py3-none-any.whl size=37651 sha256=f9988fc8e831549c14dae135d28e84c6baad145809117a68a608bed0e2e43415
  Stored in directory: /home/runner/.cache/pip/wheels/88/26/3f/0695457939a8025f982dca665d4d7018468ccf8ccf43e45c5f
  Building wheel for starkbank-ecdsa (pyproject.toml): started
  Building wheel for starkbank-ecdsa (pyproject.toml): finished with status 'done'
  Created wheel for starkbank-ecdsa: filename=starkbank_ecdsa-2.2.0-py3-none-any.whl size=16046 sha256=50e64f931d904e7a1ee100a6d1571a9abe95539c95230e04ba9857074fb61e2b
  Stored in directory: /home/runner/.cache/pip/wheels/af/6c/c8/3a941332ae93d4748d5b4107d70ed22b4e6ff6ac1e225c5c95
  Building wheel for unicodecsv (pyproject.toml): started
  Building wheel for unicodecsv (pyproject.toml): finished with status 'done'
  Created wheel for unicodecsv: filename=unicodecsv-0.14.1-py3-none-any.whl size=10787 sha256=40cffa99c82052d7efd9963e5a737e963a2979082c6e2995a762f603664df791
  Stored in directory: /home/runner/.cache/pip/wheels/ec/03/6f/d2e0162d94c0d451556fa43dd4d5531457245c34a36b41ef4a
Successfully built json-merge-patch mysqlclient python-ldap python-nvd3 starkbank-ecdsa unicodecsv
Installing collected packages: wcwidth, unicodecsv, text-unidecode, statsd, starkbank-ecdsa, sortedcontainers, rfc3986, pytz, ply, lockfile, json-merge-patch, ijson, distlib, cron-descriptor, colorlog, azure-nspkg, azure-common, asn1crypto, zipp, wrapt, websocket-client, vine, uv, urllib3, uritemplate, uc-micro-py, tzdata, typing_extensions, tornado, tomlkit, termcolor, tenacity, tabulate, std-uritemplate, sqlparse, soupsieve, sniffio, slack_sdk, six, setuptools, setproctitle, scramp, rpds-py, redis, PyYAML, python-slugify, python-http-client, python-dotenv, pyparsing, pyodbc, PyJWT, Pygments, pycparser, pyasn1, psycopg2-binary, psutil, protobuf, prompt_toolkit, prometheus_client, portalocker, pluggy, platformdirs, pathspec, packaging, ordered-set, openlineage_sql, oauthlib, numpy, mysqlclient, mysql-connector-python, multidict, more-itertools, mdurl, MarkupSafe, lxml, lazy-object-proxy, jsonpath-ng, jmespath, itsdangerous, inflection, importlib_resources, idna, hyperframe, humanize, hpack, h11, grpcio, greenlet, graphviz, google-re2, google-crc32c, fsspec, frozenlist, filelock, docutils, docstring_parser, dnspython, dill, decorator, ConfigUpdater, colorama, click, charset-normalizer, chardet, certifi, cachetools, cachelib, blinker, billiard, bcrypt, backoff, Babel, azure-mgmt-nspkg, attrs, asgiref, argcomplete, annotated-types, aioitertools, aiofiles, zope.interface, zope.event, yarl, WTForms, wirerope, Werkzeug, virtualenv, universal_pathlib, SQLAlchemy, shapely, sendgrid, rsa, rfc3339-validator, requests, referencing, python-dateutil, python-daemon, pydantic_core, pyasn1-modules, pyarrow, proto-plus, prison, opentelemetry-proto, marshmallow, markdown-it-py, Mako, linkify-it-py, ldap3, Jinja2, isodate, importlib-metadata, httplib2, h2, gunicorn, grpcio-gcp, grpc-interceptor, googleapis-common-protos, google-resumable-media, eventlet, email_validator, elastic-transport, Deprecated, clickclick, click-repl, click-plugins, click-didyoumean, cffi, cattrs, beautifulsoup4, azure-mgmt-datalake-nspkg, apispec, anyio, amqp, aiosignal, time-machine, SQLAlchemy-Utils, sqlalchemy-redshift, SQLAlchemy-JSONField, rich, requests-toolbelt, requests-oauthlib, python-nvd3, python-ldap, PyNaCl, pydantic, pandas, opentelemetry-exporter-otlp-proto-common, opentelemetry-api, openlineage-python, methodtools, mdit-py-plugins, marshmallow-sqlalchemy, marshmallow-oneofschema, looker-sdk, limits, kombu, jsonschema-specifications, hvac, httpcore, grpcio-status, google-cloud-audit-log, google-auth, gevent, Flask, elasticsearch, docker, cryptography, croniter, botocore, azure-core, alembic, aiohttp, s3transfer, rich-argparse, pyOpenSSL, pendulum, paramiko, opentelemetry-semantic-conventions, openlineage-integration-common, msrest, kubernetes_asyncio, kubernetes, jsonschema, httpx, grpc-google-iam-v1, google-auth-oauthlib, google-auth-httplib2, google-api-core, gcloud-aio-auth, Flask-WTF, Flask-SQLAlchemy, Flask-Session, Flask-Login, Flask-Limiter, Flask-JWT-Extended, Flask-Caching, Flask-Babel, db-dtypes, celery, azure-storage-file-share, azure-storage-blob, azure-servicebus, azure-mgmt-core, azure-keyvault-secrets, azure-cosmos, Authlib, asyncssh, aiobotocore, adal, sshtunnel, snowflake-connector-python, pydata-google-auth, opentelemetry-sdk, msrestazure, msal, google-cloud-core, google-api-python-client, google-ads, gcloud-aio-storage, gcloud-aio-bigquery, flower, Flask-AppBuilder, connexion, boto3, azure-synapse-spark, azure-synapse-artifacts, azure-storage-file-datalake, azure-mgmt-storage, azure-mgmt-resource, azure-mgmt-datafactory, azure-mgmt-cosmosdb, azure-mgmt-containerregistry, azure-mgmt-containerinstance, watchtower, snowflake-sqlalchemy, redshift-connector, PyAthena, opentelemetry-exporter-otlp-proto-http, opentelemetry-exporter-otlp-proto-grpc, msal-extensions, microsoft-kiota-abstractions, google-cloud-workflows, google-cloud-vision, google-cloud-videointelligence, google-cloud-translate, google-cloud-texttospeech, google-cloud-tasks, google-cloud-storage-transfer, google-cloud-storage, google-cloud-speech, google-cloud-spanner, google-cloud-secret-manager, google-cloud-run, google-cloud-resource-manager, google-cloud-redis, google-cloud-pubsub, google-cloud-os-login, google-cloud-orchestration-airflow, google-cloud-monitoring, google-cloud-memcache, google-cloud-language, google-cloud-kms, google-cloud-dlp, google-cloud-dataproc-metastore, google-cloud-dataproc, google-cloud-dataplex, google-cloud-dataform, google-cloud-dataflow-client, google-cloud-datacatalog, google-cloud-container, google-cloud-compute, google-cloud-build, google-cloud-bigtable, google-cloud-bigquery-datatransfer, google-cloud-bigquery, google-cloud-batch, google-cloud-automl, google-cloud-appengine-logging, google-analytics-admin, azure-mgmt-datalake-store, azure-datalake-store, azure-batch, sqlalchemy-spanner, sqlalchemy-bigquery, pandas-gbq, opentelemetry-exporter-otlp, microsoft-kiota-http, microsoft-kiota-authentication-azure, google-cloud-logging, google-cloud-aiplatform, gcsfs, azure-identity, msgraph-core, azure-kusto-data, adlfs, apache-airflow-providers-common-sql, apache-airflow-providers-sqlite, apache-airflow-providers-smtp, apache-airflow-providers-imap, apache-airflow-providers-http, apache-airflow-providers-ftp, apache-airflow-providers-fab, apache-airflow-providers-common-io, apache-airflow, apache-airflow-providers-ssh, apache-airflow-providers-snowflake, apache-airflow-providers-slack, apache-airflow-providers-sftp, apache-airflow-providers-sendgrid, apache-airflow-providers-redis, apache-airflow-providers-postgres, apache-airflow-providers-openlineage, apache-airflow-providers-odbc, apache-airflow-providers-mysql, apache-airflow-providers-microsoft-azure, apache-airflow-providers-hashicorp, apache-airflow-providers-grpc, apache-airflow-providers-google, apache-airflow-providers-elasticsearch, apache-airflow-providers-docker, apache-airflow-providers-cncf-kubernetes, apache-airflow-providers-celery, apache-airflow-providers-amazon
  Attempting uninstall: setuptools
    Found existing installation: setuptools 79.0.1
    Uninstalling setuptools-79.0.1:
      Successfully uninstalled setuptools-79.0.1

Successfully installed Authlib-1.3.1 Babel-2.15.0 ConfigUpdater-3.2 Deprecated-1.2.14 Flask-2.2.5 Flask-AppBuilder-4.4.1 Flask-Babel-2.0.0 Flask-Caching-2.3.0 Flask-JWT-Extended-4.6.0 Flask-Limiter-3.7.0 Flask-Login-0.6.3 Flask-SQLAlchemy-2.5.1 Flask-Session-0.5.0 Flask-WTF-1.2.1 Jinja2-3.1.4 Mako-1.3.5 MarkupSafe-2.1.5 PyAthena-3.8.3 PyJWT-2.8.0 PyNaCl-1.5.0 PyYAML-6.0.1 Pygments-2.18.0 SQLAlchemy-1.4.52 SQLAlchemy-JSONField-1.0.2 SQLAlchemy-Utils-0.41.2 WTForms-3.1.2 Werkzeug-2.2.3 adal-1.2.7 adlfs-2024.4.1 aiobotocore-2.13.0 aiofiles-23.2.1 aiohttp-3.9.5 aioitertools-0.11.0 aiosignal-1.3.1 alembic-1.13.1 amqp-5.2.0 annotated-types-0.7.0 anyio-4.4.0 apache-airflow-2.9.2 apache-airflow-providers-amazon-8.24.0 apache-airflow-providers-celery-3.7.2 apache-airflow-providers-cncf-kubernetes-8.3.1 apache-airflow-providers-common-io-1.3.2 apache-airflow-providers-common-sql-1.14.0 apache-airflow-providers-docker-3.12.0 apache-airflow-providers-elasticsearch-5.4.1 apache-airflow-providers-fab-1.1.1 apache-airflow-providers-ftp-3.9.1 apache-airflow-providers-google-10.19.0 apache-airflow-providers-grpc-3.5.1 apache-airflow-providers-hashicorp-3.7.1 apache-airflow-providers-http-4.11.1 apache-airflow-providers-imap-3.6.1 apache-airflow-providers-microsoft-azure-10.1.1 apache-airflow-providers-mysql-5.6.1 apache-airflow-providers-odbc-4.6.1 apache-airflow-providers-openlineage-1.8.0 apache-airflow-providers-postgres-5.11.1 apache-airflow-providers-redis-3.7.1 apache-airflow-providers-sendgrid-3.5.1 apache-airflow-providers-sftp-4.10.1 apache-airflow-providers-slack-8.7.1 apache-airflow-providers-smtp-1.7.1 apache-airflow-providers-snowflake-5.5.1 apache-airflow-providers-sqlite-3.8.1 apache-airflow-providers-ssh-3.11.1 apispec-6.6.1 argcomplete-3.3.0 asgiref-3.8.1 asn1crypto-1.5.1 asyncssh-2.14.2 attrs-23.2.0 azure-batch-14.2.0 azure-common-1.1.28 azure-core-1.30.1 azure-cosmos-4.7.0 azure-datalake-store-0.0.53 azure-identity-1.16.0 azure-keyvault-secrets-4.8.0 azure-kusto-data-4.4.1 azure-mgmt-containerinstance-10.1.0 azure-mgmt-containerregistry-10.3.0 azure-mgmt-core-1.4.0 azure-mgmt-cosmosdb-9.5.0 azure-mgmt-datafactory-7.1.0 azure-mgmt-datalake-nspkg-3.0.1 azure-mgmt-datalake-store-0.5.0 azure-mgmt-nspkg-3.0.2 azure-mgmt-resource-23.1.1 azure-mgmt-storage-21.1.0 azure-nspkg-3.0.2 azure-servicebus-7.12.2 azure-storage-blob-12.20.0 azure-storage-file-datalake-12.15.0 azure-storage-file-share-12.16.0 azure-synapse-artifacts-0.19.0 azure-synapse-spark-0.7.0 backoff-2.2.1 bcrypt-4.1.3 beautifulsoup4-4.12.3 billiard-4.2.0 blinker-1.8.2 boto3-1.34.106 botocore-1.34.106 cachelib-0.9.0 cachetools-5.3.3 cattrs-23.2.3 celery-5.4.0 certifi-2024.6.2 cffi-1.16.0 chardet-5.2.0 charset-normalizer-3.3.2 click-8.1.7 click-didyoumean-0.3.1 click-plugins-1.1.1 click-repl-0.3.0 clickclick-20.10.2 colorama-0.4.6 colorlog-4.8.0 connexion-2.14.2 cron-descriptor-1.4.3 croniter-2.0.5 cryptography-41.0.7 db-dtypes-1.2.0 decorator-5.1.1 dill-0.3.8 distlib-0.3.8 dnspython-2.6.1 docker-7.1.0 docstring_parser-0.16 docutils-0.16 elastic-transport-8.13.1 elasticsearch-8.13.2 email_validator-2.1.1 eventlet-0.36.1 filelock-3.14.0 flower-2.0.1 frozenlist-1.4.1 fsspec-2023.12.2 gcloud-aio-auth-4.2.3 gcloud-aio-bigquery-7.1.0 gcloud-aio-storage-9.2.0 gcsfs-2023.12.2.post1 gevent-24.2.1 google-ads-24.0.0 google-analytics-admin-0.22.7 google-api-core-2.19.0 google-api-python-client-2.132.0 google-auth-2.29.0 google-auth-httplib2-0.2.0 google-auth-oauthlib-1.2.0 google-cloud-aiplatform-1.53.0 google-cloud-appengine-logging-1.4.3 google-cloud-audit-log-0.2.5 google-cloud-automl-2.13.3 google-cloud-batch-0.17.21 google-cloud-bigquery-3.20.1 google-cloud-bigquery-datatransfer-3.15.3 google-cloud-bigtable-2.23.1 google-cloud-build-3.24.0 google-cloud-compute-1.19.0 google-cloud-container-2.46.0 google-cloud-core-2.4.1 google-cloud-datacatalog-3.19.0 google-cloud-dataflow-client-0.8.10 google-cloud-dataform-0.5.9 google-cloud-dataplex-2.0.0 google-cloud-dataproc-5.9.3 google-cloud-dataproc-metastore-1.15.3 google-cloud-dlp-3.18.0 google-cloud-kms-2.23.0 google-cloud-language-2.13.3 google-cloud-logging-3.10.0 google-cloud-memcache-1.9.3 google-cloud-monitoring-2.21.0 google-cloud-orchestration-airflow-1.12.1 google-cloud-os-login-2.14.3 google-cloud-pubsub-2.21.2 google-cloud-redis-2.15.3 google-cloud-resource-manager-1.12.3 google-cloud-run-0.10.5 google-cloud-secret-manager-2.20.0 google-cloud-spanner-3.47.0 google-cloud-speech-2.26.0 google-cloud-storage-2.16.0 google-cloud-storage-transfer-1.11.3 google-cloud-tasks-2.16.3 google-cloud-texttospeech-2.16.3 google-cloud-translate-3.15.3 google-cloud-videointelligence-2.13.3 google-cloud-vision-3.7.2 google-cloud-workflows-1.14.3 google-crc32c-1.5.0 google-re2-1.1.20240601 google-resumable-media-2.7.0 googleapis-common-protos-1.63.1 graphviz-0.20.3 greenlet-3.0.3 grpc-google-iam-v1-0.13.0 grpc-interceptor-0.15.4 grpcio-1.64.1 grpcio-gcp-0.2.2 grpcio-status-1.62.2 gunicorn-22.0.0 h11-0.14.0 h2-4.1.0 hpack-4.0.0 httpcore-0.16.3 httplib2-0.22.0 httpx-0.23.3 humanize-4.9.0 hvac-2.2.0 hyperframe-6.0.1 idna-3.7 ijson-3.2.3 importlib-metadata-6.11.0 importlib_resources-6.4.0 inflection-0.5.1 isodate-0.6.1 itsdangerous-2.2.0 jmespath-0.10.0 json-merge-patch-0.2 jsonpath-ng-1.6.1 jsonschema-4.22.0 jsonschema-specifications-2023.12.1 kombu-5.3.7 kubernetes-29.0.0 kubernetes_asyncio-29.0.0 lazy-object-proxy-1.10.0 ldap3-2.9.1 limits-3.12.0 linkify-it-py-2.0.3 lockfile-0.12.2 looker-sdk-24.8.0 lxml-5.2.2 markdown-it-py-3.0.0 marshmallow-3.21.3 marshmallow-oneofschema-3.1.1 marshmallow-sqlalchemy-0.28.2 mdit-py-plugins-0.4.1 mdurl-0.1.2 methodtools-0.4.7 microsoft-kiota-abstractions-1.3.3 microsoft-kiota-authentication-azure-1.0.0 microsoft-kiota-http-1.3.1 more-itertools-10.2.0 msal-1.28.0 msal-extensions-1.1.0 msgraph-core-1.0.0 msrest-0.7.1 msrestazure-0.6.4.post1 multidict-6.0.5 mysql-connector-python-8.4.0 mysqlclient-2.2.4 numpy-1.26.4 oauthlib-3.2.2 openlineage-integration-common-1.16.0 openlineage-python-1.16.0 openlineage_sql-1.16.0 opentelemetry-api-1.25.0 opentelemetry-exporter-otlp-1.25.0 opentelemetry-exporter-otlp-proto-common-1.25.0 opentelemetry-exporter-otlp-proto-grpc-1.25.0 opentelemetry-exporter-otlp-proto-http-1.25.0 opentelemetry-proto-1.25.0 opentelemetry-sdk-1.25.0 opentelemetry-semantic-conventions-0.46b0 ordered-set-4.1.0 packaging-24.0 pandas-2.1.4 pandas-gbq-0.23.0 paramiko-3.4.0 pathspec-0.12.1 pendulum-3.0.0 platformdirs-4.2.2 pluggy-1.5.0 ply-3.11 portalocker-2.8.2 prison-0.2.1 prometheus_client-0.20.0 prompt_toolkit-3.0.46 proto-plus-1.23.0 protobuf-4.25.3 psutil-5.9.8 psycopg2-binary-2.9.9 pyOpenSSL-24.1.0 pyarrow-16.1.0 pyasn1-0.5.1 pyasn1-modules-0.3.0 pycparser-2.22 pydantic-2.7.3 pydantic_core-2.18.4 pydata-google-auth-1.8.2 pyodbc-5.1.0 pyparsing-3.1.2 python-daemon-3.0.1 python-dateutil-2.9.0.post0 python-dotenv-1.0.1 python-http-client-3.3.7 python-ldap-3.4.4 python-nvd3-0.16.0 python-slugify-8.0.4 pytz-2024.1 redis-5.0.4 redshift-connector-2.1.1 referencing-0.31.1 requests-2.31.0 requests-oauthlib-1.3.1 requests-toolbelt-1.0.0 rfc3339-validator-0.1.4 rfc3986-1.5.0 rich-13.7.1 rich-argparse-1.5.0 rpds-py-0.18.1 rsa-4.9 s3transfer-0.10.1 scramp-1.4.5 sendgrid-6.11.0 setproctitle-1.3.3 setuptools-66.1.1 shapely-2.0.4 six-1.16.0 slack_sdk-3.27.2 sniffio-1.3.1 snowflake-connector-python-3.10.1 snowflake-sqlalchemy-1.5.3 sortedcontainers-2.4.0 soupsieve-2.5 sqlalchemy-bigquery-1.11.0 sqlalchemy-redshift-0.8.14 sqlalchemy-spanner-1.7.0 sqlparse-0.5.0 sshtunnel-0.4.0 starkbank-ecdsa-2.2.0 statsd-4.0.1 std-uritemplate-0.0.57 tabulate-0.9.0 tenacity-8.3.0 termcolor-2.4.0 text-unidecode-1.3 time-machine-2.14.1 tomlkit-0.12.5 tornado-6.4 typing_extensions-4.12.1 tzdata-2024.1 uc-micro-py-1.0.3 unicodecsv-0.14.1 universal_pathlib-0.2.2 uritemplate-4.1.1 urllib3-2.2.1 uv-0.2.2 vine-5.1.0 virtualenv-20.26.2 watchtower-3.2.0 wcwidth-0.2.13 websocket-client-1.8.0 wirerope-0.4.7 wrapt-1.16.0 yarl-1.9.4 zipp-3.19.2 zope.event-5.0 zope.interface-6.4.post2

[notice] A new release of pip is available: 26.1.2 -> 26.2
[notice] To update, run: pip install --upgrade pip
